0.0 0.0 0.0 0.0 0.0 0.0 0.6 0.0 0.0 0.0
Guessed: 6, Correct: 5
........................................................
........................................................
........................................................
........................................................
..................................,,<<<<<<,,uu11<<......
..............................}}UUoo$$$$$$ooBB$$$$......
........................!!zzBB$$$$$$$$$$$$$$$$$$$$......
........................--$$$$$$$$$$$$$$aa00000000......
................::vv[[..__88MM88QQnn]]::^^..............
..............^^kk$$}}....ll..II''......................
............``ZZ$$vv^^..................................
..........""vv$$&&""....................................
..........(($$##II......................................
..........YY$$OO........................................
..........&&$$BBnn~~....................................
..........$$$$$$$$@@YY((xx11>>>>11II....................
..........zz$$$$$$$$$$$$$$$$$$$$$$WWQQ..................
..........''++**##@@$$$$$$$$$$$$$$$$$$nn................
..................??[[bb$$$$$$$$$$$$$$OO................
......................rr$$@@UU~~LL$$$$OO................
......................~~$$$$$$qq$$$$$$YY................
......................^^QQ$$$$$$$$@@OO^^................
........................;;mmWW$$**uu....................
............................((YY::......................
........................................................
........................................................
........................................................
........................................................

 
 
 
 
0.2 0.0 0.0 0.0 0.0 0.0 0.0 0.0 0.0 0.2
Guessed: 0, Correct: 9
........................................................
........................................................
........................................................
........................................................
........................................................
....................((zz$$$$$$$$ddxx::..................
................vv88@@$$$$$$$$$$$$$$QQ..................
..............vv@@$$$$88CC{{}}$$$$$$bb::................
............!!&&MMcciill....vv$$**bb$$++................
............aa$$00..........II$$OO;;**CC................
..........;;%%$$00............uu@@[[**ww................
..........iiBB$${{..............YY$$$$ww................
............MM$$ii..............ii&&$$ww................
............tt$$rr..............``MM$$qq``..............
............~~88oo\\..........??mm$$$$$$??..............
..............LL$$$$##xxxxxxxx$$$$CC..]]$${{............
..............``++WW$$$$$$$$$$bb((^^..``vvvv............
..................::nnCCCCUU;;""........``ZZvv..........
..........................................OO##..........
..........................................ccBB11........
..........................................::kkOO........
........................``iiiiOOOO))......uu$$tt........
........................ff$$$$$$$$~~IIIInn##@@||........
........................{{88$$$$$$$$$$$$$$%%XX..........
..........................``rrrrBB$$$$$$##ii............
........................................................
........................................................
........................................................

 
 
 
 
0.0 0.0 0.6 0.0 0.0 0.0 0.1 0.0 0.0 0.0
Guessed: 2, Correct: 4
........................................................
........................................................
..............................^^ZZXX....................
..............................ii$$BB,,..................
..............................ii$$##^^..................
..............................ii$$YY....................
..............................XX@@ii....................
............................II8888......................
............................\\$$rr......................
..........................::ooWW;;......................
..........................||$$00..^^""..................
........................^^qq$$~~``ZZbb,,................
........................nn$$qq..]]$$$$<<................
......................>>MM$$((::oo$$WW;;................
..................``}}MM$$$$^^{{$$$$MMII``..............
................""qq$$$$$$$$$$$$$$$$$$$$##]]............
..............""JJ$$$$%%nnjjbb$$$$$$$$$$**rr............
............``JJ$$$$$$jj..^^88$$$$hhzz??""..............
............>>$$$$$$LL''..||$$$$mm......................
............CC$$$$**ll....jj$$CC''......................
..........::##$$@@++......XXBB[[........................
..........;;&&$$??........;;~~..........................
........................................................
........................................................
........................................................
........................................................
........................................................
........................................................

 
 
 
 
0.9 0.0 0.0 0.0 0.0 0.0 0.2 0.0 0.0 0.0
Guessed: 0, Correct: 6
........................................................
........................................................
........................................................
......................>>&&$$~~..........................
....................JJ@@$$ooII..........................
....................MM$$ooll............................
..................YY@@ooll..............................
..................&&$$>>................................
................\\@@QQ``....;;((((;;....................
................ff$$ff..[[ppMM$$$$MMoopp11ll............
................**$$;;}}BB$$$$$$$$$$$$$$$$aall..........
..............||@@$$zz**$$pp}}~~~~~~~~ccMM$$zz..........
..............rr$$$$$$$$WW!!............--$$@@11........
..............rr$$$$$$WW--..............;;WW$$zz........
..............rr$$$$&&uu..................--$$88........
..............rr$$$$??....................II$$88........
..............rr$$$$;;....................<<$$88........
..............rr$$$$;;..................``00$$JJ........
..............>>BB$$jj,,................<<$$%%>>........
................LL$$$$oott``........``iioo$$JJ..........
................~~LLBB$$$$LLXXXXXX}}LL$$&&ff>>..........
....................>>LL@@$$$$$$$$$$$$WW//..............
........................>>LL$$$$$$MMxxii................
........................................................
........................................................
........................................................
........................................................
........................................................

 
 
 
 
0.0 0.0 0.2 0.0 0.0 0.0 0.0 0.9 0.0 0.0
Guessed: 7, Correct: 2
........................................................
........................................................
........................................................
........................................................
........................................................
........................................................
....................,,++XXXX$$$$$$$$WWll................
..................((aa$$$$$$$$kkaa$$$$++................
................((%%$$&&UUtt>>"",,BB$$XX................
..............^^qqpp]]^^........^^%%$$__................
................................nn$$oo::................
..............................++%%$$ff..................
............................''xx$$88<<..................
............................\\$$$$//....................
............................ZZ$$##``....................
..........................~~$$$$tt......................
........................^^ZZ$$ww........................
........................tt$$BB((........................
......................!!%%$$uu..........................
....................''CC$$$$++..........................
....................11$$$$JJ............................
....................xx$$$$ll......))....................
....................OO$$uu''``))aa??....................
....................WW$$XX>>hh%%rr``....................
....................YY$$$$$$$$UU........................
....................::hh$$kk{{^^........................
........................................................
........................................................

 
 
 
 
0.0 0.0 0.0 1.0 0.0 0.3 0.0 0.0 0.0 0.0
Guessed: 3, Correct: 5
........................................................
........................................................
........................................................
..............................iiqq\\....................
............................ii**$$##....................
..........................ff##$$$$pp....................
........................``UU$$$$ooII....................
........................tt$$$$$$pp......................
......................;;hh$$$$$$++......................
......................__$$$$$$OO``......................
......................>>&&$$$$&&>>......................
........................UU$$$$$$YY......................
........................II$$$$$$MM<<....................
..........................zz$$$$$$##....................
..........................""((%%$$@@XX<<................
..............................OO88$$$$WW::..............
................................//$$$$$$II..............
................................__$$$$$$II..............
................----..........\\##$$$$$$II..............
..............;;88ZZ111111LLMM@@$$$$kkII''..............
..............II$$$$$$$$$$$$$$$$88//;;..................
..............;;88$$$$$$$$$$##OO??......................
................--ffff**JJff............................
........................................................
........................................................
........................................................
........................................................
........................................................

 
 
 
 
1.0 0.0 0.0 0.0 0.0 0.0 0.5 0.0 0.0 0.0
Guessed: 0, Correct: 6
........................................................
........................................................
........................................................
........................................................
........................................................
......................ff................................
..................^^YYmm................................
..................>>$$~~................................
..................qqhh>>................................
................]]pp............!!~~..??nnnnnn}}........
................zzqq......;;bbbboo##ddoo$$$$$$&&bb......
..............;;ww!!~~::..wwoooo$$$$uuuu$$$$$$$$ZZ......
..............qq$$wwoo~~..00>><<]]]]``!!oo@@$$mm::......
............++%%kk~~QQ!!................""LL$$JJ........
............CC$$jj......................!!$$$$JJ........
..........nn@@pp``....................uuBBzz^^``........
..........$$$$qq....................vvkkuu__............
..........$$$$kk;;..............~~JJ@@##!!..............
..........$$$$$$ww,,........<<uu@@OOxx__................
..........**88$$$$ww!!OOaaaa##jj>>,,....................
............CCXXbb$$$$$$$$@@cc<<........................
............ii``!!aa&&&&&&tt............................
........................................................
........................................................
........................................................
........................................................
........................................................
........................................................

 
 
 
 
0.2 0.0 0.1 0.0 0.0 0.0 0.0 0.0 0.0 0.0
Guessed: 0, Correct: 8
........................................................
........................................................
........................................................
..............................~~88##ii..................
..........................^^LL88$$$$hh..................
........................>>kk$$$$$$$$XX..................
......................;;JJ$$$$$$$$$$%%((................
......................XX$$$$$$$$$$$$$$$$zz||............
....................~~88$$$$$$$$$$$$$$$$$$QQ............
....................CC$$$$$$kkII[[ww$$$$$$%%||..........
....................$$$$$$dd;;....__$$$$$$&&[[..........
....................$$$$$$\\,,""IIJJ$$$$$$QQ............
....................$$$$$$88kkqq$$$$$$$$$$))............
..................zz$$$$$$$$$$$$$$$$$$$${{..............
................UU88$$$$$$$$$$$$$$$$$$$$................
..............>>&&$$$$$$88//vv$$$$$$$$$$vv``............
..............YY$$$$$$pp??....XX@@$$$$$$$$xx............
............<<MM$$$$$$))........##$$$$$$$$QQ............
............11$$$$$$kk""..""jj$$$$$$$$$$$$tt............
............11$$$$$$%%XX##MM$$$$$$$$$$$$II''............
............11$$$$$$$$$$$$$$$$$$$$$$BBrr................
............IIoo$$$$$$$$$$$$$$######xx..................
..............rr$$$$$$$$$$JJff..........................
........................................................
........................................................
........................................................
........................................................
........................................................

 
 
 
 
0.0 0.2 0.0 0.1 0.0 0.0 0.0 0.1 0.0 0.0
Guessed: 1, Correct: 7
........................................................
........................................................
........................................................
........................................................
........................................................
................\\$$BBJJ__..............................
................((&&&&$$BBZZ^^..........................
....................``ttww$$mm""........................
........................,,qq$$((........................
............................$$aa........................
............................WWBB||hhZZ..................
............................bb$$88$$hh..................
............................$$$$$$$$JJ..................
............................$$$$$$$$zz..................
................ii}}<<uupppp$$$$$$YY""..................
................\\$$$$$$$$$$$$$$jj......................
................++ccvvOOvvXX$$%%>>......................
..........................uu$$&&........................
........................``kk$$zz........................
........................ii$$$$vv........................
........................ii$$$$ii........................
........................ii$$$$11........................
........................ii$$$$\\........................
........................''XX$$BBkk^^....................
..........................;;$$$$JJ``....................
........................................................
........................................................
........................................................

 
 
 
 
0.0 0.0 0.8 0.0 0.0 0.0 0.0 0.0 0.0 0.0
Guessed: 2, Correct: 8
........................................................
........................................................
........................................................
........................................................
............................$$00OOuu....................
............................$$$$$$$${{..................
............................////&&$$kk..................
................................UU$$kk..................
................................UU$$zz..................
................................&&$$--..................
................................UU$$....................
............................::zz&&aa....................
........................ll^^jj$$BBii....................
........................&&((&&$$xx......................
......................{{$$aa$$aa........................
..................iixx%%$$uu00$$xx......................
................llOO$$pp##ii~~uu$$((....................
................pp$$&&~~::..^^^^~~00{{..................
..............::$$pp................&&~~................
..............//$$ff................]]((................
..............{{&&aa{{............{{$$$$................
................ffaa%%xx........xx%%$$uu................
..................ii##::......LLkk##{{..................
....................--::....ii%%xx::....................
........................................................
........................................................
........................................................
........................................................

 
 
 
 
0.0 0.0 0.3 0.0 0.0 0.0 0.0 0.3 0.1 0.0
Guessed: 7, Correct: 2
........................................................
........................................................
........................................................
........................................................
........................................................
....................^^~~UUUUOO$$UUUU--..................
................xxkkaa$$$$$$$$$$$$$$kk::................
............((&&$$$$$$aamm////::::##$$~~................
............ff$$UUUU~~^^........ii%%$$~~................
................................~~$$&&II................
................................vv$$&&II................
................................OO$$kk......ll~~::......
................................$$$$zz////mm&&$$##{{....
..............................xx$$$$$$$$$$aakkLLii......
............................LL%%$$$$ppUU~~^^............
......................{{oo$$$$$$BB{{....................
..................{{LL%%$$00$$$$LL......................
..............::UU&&BBLLii..$$$$//......................
............ii##$$aa{{....ii$$$$::......................
............oo$$//::......LL$$uu........................
............$$$${{......{{%%$$~~........................
............--zzooaavvllOO$$zz..........................
................^^~~aaWW$$$$::..........................
......................zz$$pp............................
......................//$$ff............................
........................................................
........................................................
........................................................

 
 
 
 
0.0 0.1 0.0 0.0 0.0 0.0 0.0 0.0 0.0 0.0
Guessed: 1, Correct: 2
........................................................
........................................................
........................................................
........................................................
........................................................
............................IIbb$$$$zz..................
........................__mmkk$$$$88~~..................
....................::tt88$$$$$$$$$$cc..................
..............""lljjhh$$$$$$$$$$$$$$cc..................
............^^ZZ$$$$$$$$$$ZZ00$$$$$$cc..................
............,,$$$$$$$$$$dd,,11$$$$$$cc..................
............,,$$LL$$$$OO11..OO$$$$$$cc..................
............,,##pp;;;;^^....BB$$$$$$cc..................
............``__??........||@@$$$$$$cc..................
..........................``BB$$$$WW``..................
........................>>00@@$$$$MM....................
........................??$$qq$$$$MM....................
........................__zz\\$$$$tt....................
..........................JJ$$$$$$??....................
........................ii00$$$$OO""....::ll............
........................WW$$$$$$kkuu[[11uu##++..........
........................))$$$$$$$$$$88oouuCC""..........
........................??$$$$$$$$$$wwttuu::............
........................<<ZZOO;;$$$$cc..||;;............
............................LL''UU88~~..................
........................................................
........................................................
........................................................

 
 
 
 
0.0 0.0 0.0 0.5 0.0 0.3 0.0 0.0 0.0 0.0
Guessed: 3, Correct: 5
........................................................
........................................................
........................................................
........................................................
....................]][[YY$$$$$$$$##hh\\................
..................))$$$$$$$$$$%%xx--``..................
..................zz##$$$$$$$$xx........................
....................""11$$$$@@]]........................
......................vv$$$$mm..........................
....................!!%%$$$$((..........................
....................tt$$$$mm``..........................
....................##$$$$[[............................
....................##$$$$rr::''........................
....................,,MM$$$$$$QQ((((__..................
......................__aa$$$$$$$$$$$$rr................
........................^^,,ffttwwbb$$@@))..............
..................................}}$$$$dd..............
..............................^^zz%%$$$$UU..............
............................IImm$$$$$$00``..............
..........................++##$$$$$$00..................
..............jj{{::..IIvv@@$$$$BBUU``..................
..............bb$$WWoo&&$$$$$$aa}}......................
..............xx@@$$$$$$$$BBrr;;........................
................11**$$$$OO<<............................
........................................................
........................................................
........................................................
........................................................

 
 
 
 
0.0 0.0 0.0 0.0 0.5 0.0 0.0 0.0 0.1 0.0
Guessed: 4, Correct: 8
........................................................
........................................................
........................................................
........................................................
........................................................
............::jjpp$$$$bb??..............................
............LL$$$$$$$$$$88XX............................
..........))@@$$$$??::11BB$$--..........................
..........qq$$$$JJ......11%%88>>........................
..........qq$$$$>>........{{$$ww^^......................
..........qq$$$$xx..........OO$$11......................
..........nnBB$$$$qqff>>....^^kk<<......................
............vv$$$$$$$$%%CCii__BBrr""::::::::,,..........
............>>JJ%%$$$$$$$$$$$$$$hh##$$$$$$$$qq..........
................!!YYmm$$$$$$$$$$$$$$$$$$$$$$qq..........
........................\\WW$$$$$$$$&&tttt++............
..........................tt$$$$$$$$MM..................
..........................tt$$BB%%$$$$YY................
..........................tt$$qq++WW$$88>>..............
..........................--$$$$ff00$$$$--..............
............................88$$$$$$$$$${{..............
............................]]$$$$$$$$$$nn..............
............................``ww$$$$$$$$QQ..............
..............................IIzz$$$$00++..............
................................``ccxx..................
........................................................
........................................................
........................................................

 
 
 
 
0.0 0.0 0.0 0.0 0.0 0.2 0.0 0.0 0.9 0.0
Guessed: 8, Correct: 5
........................................................
........................................................
........................................................
........................................................
..............--oo$$ppUUUUpp$$$$$$((....................
..............//$$$$$$$$$$$$$$00uu^^....................
..............ii$$$$////////ii..........................
................$$$${{..................................
................pp$$kk..................................
................]]$$%%ii................................
..................kk$$]]................................
..................LL$$pp................................
..................ii$$$$--......[[UU$$$$&&~~............
....................$$$$//iixxkk$$$$$$$$$$WWii..........
....................pp$$$$$$$$$$$$00{{iioo$$&&II........
....................]]$$$$$$&&UU~~^^....^^00$$00........
....................jj$$$$uu................$$$$::......
....................UU$$&&II................$$$$//......
....................{{##xx................--$$$$........
................iikk..::..................mm$$aa........
................jj$$--..................vv$$$$((........
................UU$$kk//////--//--////mm$$$$00^^........
................vv$$$$$$$$$$$$$$$$$$$$$$BBxx............
................^^uuUUUUppppUUppaa00UUUUii..............
........................................................
........................................................
........................................................
........................................................

 
 
 
 
0.0 0.0 0.0 0.0 0.7 0.0 0.0 0.1 0.0 0.7
Guessed: 9, Correct: 4
........................................................
........................................................
........................................................
........................................................
........................................................
........................................................
..........................""pppp\\......................
......................""{{ll$$$$@@>>....................
....................>>**@@<<dd$$$$))....................
..................,,hh$$kk..rr$$$$00....................
................iiww$$hh^^..!!$$$$dd....................
..............++bb$$$$uu``....$$$$%%ii..................
..............00$$$$$$$$pptt""$$$$$$]]..................
..............**$$$$**CCZZ$$MM$$$$$$]]..................
..............;;((~~......~~&&$$$$$$]]..................
............................,,$$$$$$]]..................
..............................aa$$$$]]..................
..............................CC$$$$//..................
..............................//$$$$CC..................
..............................>>BB$$ff..................
..............................]]$$$$XX..................
..............................::&&$$pp..................
................................WW$$$$..................
................................WW$$$$..................
................................XX$$$$..................
................................""rr**..................
........................................................
........................................................

 
 
 
 
0.0 0.0 0.0 0.0 0.2 0.0 0.0 0.0 0.0 0.1
Guessed: 4, Correct: 9
........................................................
........................................................
........................................................
........................................................
........................................................
........................................................
..........................``//ZZ$$$$ZZll................
..........................uu$$$$UUZZ$${{................
........................))$$$$\\``++$$QQ................
........................jj$$MMll..II$$kk""..............
......................^^WW88ii..""kk$$BB;;..............
......................11$$YY....jj$$$$((................
......................00$$}}..??hh$$$$++................
....................~~BB$$""jj##$$$$$$++................
....................rr$$$$$$$$$$$$$$ww..................
....................{{88$$$$$$$$$$BB??..................
......................{{QQ$$$$$$$$ww....................
........................~~$$$$$$$$--....................
........................nn$$$$$$uu......................
......................__%%$$$$dd^^......................
......................00$$$$$${{........................
....................;;##$$$$UU``........................
....................rr$$$$oo............................
..................::##$$MMii............................
..................II$$$$//..............................
..................II$$nn''..............................
........................................................
........................................................

 
 
 
 
0.0 0.0 0.0 0.0 0.0 0.0 0.0 0.2 0.0 0.0
Guessed: 7, Correct: 9
........................................................
........................................................
........................................................
........................................................
........................................................
........................................................
........................::00BB]]........................
......................//88hhjjii....``<<,,..............
..................[[||CCXX::........tt$$((..............
................11ZZ""............,,##$$((..............
................rrnn..............WWMM$$((..............
..............!!88//..............WWBBww^^..............
..............wwqq``............[[@@mm""................
..............ww__............!!$$&&II..................
..............rr;;..........iiWW$$((....................
..............rrpp,,......^^]]88bb^^....................
................rrjj{{jjvvOOff8811......................
..................iiXXuu~~..__$$........................
..........................""**pp........................
..........................??$$}}........................
..........................mm&&""........................
........................~~BBWW..........................
........................||$$jj..........................
........................ZZaa``..........................
......................>>$$88??..........................
......................(($$zz............................
........................................................
........................................................

 
 
 
 
0.0 0.0 0.4 0.0 0.0 0.0 0.0 0.7 0.0 0.0
Guessed: 7, Correct: 2
........................................................
........................................................
........................................................
........................................................
........................................................
........................................................
..........................IInnnnnnhhOOnnnn__............
..................--cc@@@@@@$$$$$$$$%%XX$$$$mm..........
........~~ff&&ppMM@@$$$$QQXXrr{{""""^^'';;$$$$..........
......00BB$$$$$$$$QQYY>>``............^^mm$$bb..........
......kk$$$$$$QQ>>``..................]]$$@@""..........
......,,llllll``....................]]%%$$bb............
..................................""qq$$@@}}............
................................""00$$@@\\..............
..............................~~QQ$$BBQQ................
............................""dd$$$$uu..................
..........................>>kk$$BBff;;..................
........................""QQ$$$$oo......'';;............
......................!!QQ$$$$bb??..II__ZZ||............
....................++88$$BBxxll__00**cc{{..............
..................II00$$pp]];;zz$$&&uu..................
................;;**$$$${{nnMM@@hh!!....................
..............__%%$$$$$$$$$$88nn........................
..............\\$$$$$$$$BBXXll..........................
..............<<88$$$$aaII..............................
................ffnn11..................................
........................................................
........................................................

 
 
 
 
0.0 0.0 0.0 0.0 0.6 0.4 0.0 0.0 0.0 0.0
Guessed: 4, Correct: 5
........................................................
........................................................
........................................................
........................................................
........................................................
..............::ppff??..................................
..............!!$$$$hh""................................
..............~~$$$$BB]]................................
..............~~&&$$&&??........""++!!__111111??........
..........``IIIIpp$$$$88&&&&&&&&8888WWWW**nnxx__........
..........""CC$$$$$$&&mmmmcczzmm{{~~>>::................
..............]]$$$$mm....'',,^^........................
..............zz$$$$WWnnQQ00$$**tt,,....................
..............iiMM$$$$$$$$$$MMww$$##__..................
................YYBB88$$%%JJ..{{$$$$WW""................
..................>>!!~~ii......@@$$$$ww^^..............
................................@@$$$$##::..............
..............................}}$$$$$$[[................
..............................\\$$$$$$11................
..............................OO$$$$BB{{................
............................++@@$$$$LL..................
............................JJ$$$$$$""..................
..........................~~%%$$&&//''..................
..........................OO$$$$qq......................
........................;;qqqqff::......................
........................................................
........................................................
........................................................

 
 
 
 
0.0 0.1 0.1 0.1 0.0 0.0 0.0 0.0 0.0 0.0
Guessed: 2, Correct: 1
........................................................
........................................................
......................qqqq..............................
......................$$$$qq............................
......................$$$$$$............................
......................$$$$$$............................
......................$$$$$$............................
......................uu$$$$............................
......................??$$$$??..........................
........................qq$$uu..........................
........................uu$$$$..........................
........................uu$$$$uu........................
........................uu$$$$qq........................
........................uu$$$$$$qq......................
........................uu$$$$$$$$......................
..........................????$$$$qq....................
..............................uu$$$$uu..................
................................$$$$$$??................
....................??$$$$$$$$$$$$$$$$$$??..............
....................uu$$$$$$$$$$$$$$$$$$$$..............
....................??$$$$$$$$$$$$$$$$$$$$uu............
......................??uuuuuuuuuu$$$$$$uu..............
........................................................
........................................................
........................................................
........................................................
........................................................
........................................................

 
 
 
 
0.3 0.0 0.0 0.0 0.0 0.0 0.2 0.0 0.0 0.0
Guessed: 0, Correct: 6
........................................................
........................................................
........................................................
........................................................
................................II**$$rr................
..............................IIaa$$##!!................
............................IIaa$$$$--..................
..........................IIoo$$JJ{{....................
........................--aa$$YY``......................
......................II##$$bb``..``....................
....................``oo$$$$ppJJJJddJJJJ11II............
....................uu$$$$$$$$$$$$$$$$$$$$WW))..........
..................{{@@$$$$BBuu>>::((uuuuJJ@@oo``........
................IIWW$$WW$$**ii............aa$$}}........
................uu$$BBll++II..............aaMM,,........
..............''kk$$uu................''nn@@rr..........
..............ll$$bb^^................++$$WWii..........
..............JJ$$uu................iiMM$$--............
............^^##@@__............''\\MM@@00''............
............}}$$hh............;;OO$$MMxx................
............}}$$hh........``nnMM$$WW<<..................
............''##$$vvll\\ZZ@@$$$$QQii....................
..............LL$$$$$$$$$$$$hh\\``......................
..............''//mm@@XX--!!""..........................
........................................................
........................................................
........................................................
........................................................

 
 
 
 
0.0 0.0 0.0 0.8 0.0 0.6 0.0 0.0 0.0 0.0
Guessed: 3, Correct: 5
........................................................
........................................................
........................................................
........................................................
........................................................
....................uu$$$$$$$$$$$$$$$$$$uu..............
..................qq$$$$$$$$$$$$$$$$$$$$$$??............
..................$$$$$$$$$$$$$$$$$$$$$$$$uu............
..................$$$$$$$$$$$$$$$$$$$$$$$$..............
..................$$$$$$$$??uuuu$$$$$$$$$$..............
..................qq$$$$qq..........??uu??..............
..................uu$$$$$$uuuuuuuu......................
....................$$$$$$$$$$$$$$$$uu..................
....................$$$$$$$$$$$$$$$$$$qq................
....................$$$$$$$$$$$$$$$$$$$$qq..............
....................uu$$$$$$$$$$$$$$$$$$$$..............
......................uuuu??....??qq$$$$$$qq............
....................................qq$$$$$$............
............????......................$$$$$$............
..........??$$$$$$uu??..............??$$$$$$............
............$$$$$$$$$$$$uu??......uu$$$$$$uu............
............??qq$$$$$$$$$$$$$$$$$$$$$$$$$$..............
..............??qq$$$$$$$$$$$$$$$$$$$$$$qq..............
..................uu$$$$$$$$$$$$$$$$$$??................
......................??uu$$$$$$$$uu??..................
........................................................
........................................................
........................................................

 
 
 
 
0.0 0.0 0.0 0.0 0.0 1.0 0.0 0.0 0.0 0.0
Guessed: 5, Correct: 6
........................................................
........................................................
........................................................
........................................................
........................................................
........................................................
........................................................
....................................::IIII++jj||``......
............................__//QQaa88$$$$$$$$$$xx......
....................^^??YYWW%%bbcc]];;........~~$$......
..................ll00@@kk||::................ccmm......
..............""uuBBJJii....................||kk::......
............""ppMM}}......................--00``........
..........;;bbmm,,........................""::..........
..........||aa,,......""!!..............................
..........mmuu........ZZ%%ZZ||""''......................
..........kkkk..........II//bb$$OOII....................
..........>>@@YY::..........``}}ZZ%%]]..................
............//8888UU__............zzWW;;................
................jjmm%%@@wwwwwwwwhh$$UU..................
....................::~~\\\\JJ\\\\>>''..................
........................................................
........................................................
........................................................
........................................................
........................................................
........................................................
........................................................

 
 
 
 
0.0 0.0 0.0 0.0 0.0 0.0 0.0 0.0 0.6 0.0
Guessed: 8, Correct: 6
........................................................
........................................................
........................................................
..........................``uu$$##......................
..........................ZZ$$##<<......................
........................""WW&&..........................
........................ZZ$$~~..........................
......................((%%OO``..........................
....................::**$$~~......--pppp{{..............
....................[[$$OO``..``UU&&$$$$mm..............
....................OO$$~~....LL$$**++**mm..............
....................pp$$!!..CC$$ZZ::\\$$uu..............
..................__@@$$!!//$$@@__,,hh##ll..............
..................ll##$$))%%$$__``<<$$[[................
..................--$$$$XX$$00''JJ@@kkll................
..................}}$$$$$$&&^^))$$dd....................
..................mm$$$$$$LL~~aaaall....................
..................mm$$$$$$$$$$**{{......................
..................mm$$$$$$$$$$II........................
..................zz$$$$$$$$jj..........................
..................iimm$$$$$$//......??~~]]..............
....................``;;QQ$$$$WWWWWWBBoo//..............
........................``xxuuppmmuuff^^................
........................................................
........................................................
........................................................
........................................................
........................................................

 
 
 
 
0.0 0.0 0.0 0.3 0.0 0.0 0.0 0.0 0.0 0.0
Guessed: 3, Correct: 9
........................................................
........................................................
........................................................
........................................................
......................''11ccccppcc::....................
....................ll||$$$$$$$$$$hh''..................
..................--BB$$$$**rrvv$$$$II..................
................::vv$$$$rr;;..}}$$$$JJ..................
................QQ$$$$ff......rr$$$$ww..................
..............\\BB$$$$^^......dd$$$$@@>>................
............''OO$$$$||''....II##$$$$$$ff................
............!!$$$$QQ........__$$$$$$$$%%~~..............
............!!$$$$QQ......``YY$$$$&&CC$$LL..............
............!!$$$$ww``....]]$$$$CC>>^^WW88~~............
............^^JJ$$$$kk11XX&&$$CC^^....YY$$LL............
..............^^bb$$$$$$$$88uu^^......YY$$BB>>..........
................,,??zzzzuu::..........YY$$$$++..........
......................................YY$$$$00..........
......................................YY$$$$00..........
....................................''QQ$$$$||..........
............;;CC??!!ii............__ww$$$$$$++..........
............^^YY$$WWWWbbvv1111zzmm@@$$$$$$LL^^..........
..............^^nnqq$$$$$$$$$$$$$$$$$$%%uu^^............
..................``??vvvvvv**LLvvvv}}""................
........................................................
........................................................
........................................................
........................................................

 
 
 
 
0.0 0.0 0.0 0.0 0.1 0.0 0.7 0.0 0.0 0.0
Guessed: 6, Correct: 4
........................................................
........................................................
........................................................
........................................................
..............................aa$$JJ....................
............................uu@@$$$${{..................
............................UU$$$$&&ii..................
..........................||@@$$$$CC....................
........................ii##$$$$bb!!....................
......................``pp$$$$$$ff......................
....................''bb$$$$$$CC..''jjYYii..............
..................``00$$$$$$00,,..rr$$$$bb..............
................^^cc$$$$$$bb::..]]@@$$$$bb..............
................CC$$$$$$%%__..lloo$$$$$$cc..............
..............}}&&$$$$%%??..``QQ$$$$$$$$aa))``..........
..............MM$$$$BB??....xx$$$$$$$$$$$$$$JJ..........
............<<BB$$$$||````}}BB$$$$$$$$$$$$$$##..........
............>>BB$$$$$$$$$$$$$$$$$$$$$$$$$$%%||..........
..............kk$$$$$$$$$$$$$$$$$$$$$$qqQQ~~............
..............IIpp$$$$$$$$$$$$$$WWQQ11''................
................``>>**$$$$$$$$vv::......................
....................ww$$$$$$OO^^........................
..................^^aa$$$$##[[..........................
....................((MMQQii............................
........................................................
........................................................
........................................................
........................................................

 
 
 
 
0.0 0.0 0.0 0.0 0.0 0.0 0.0 0.1 0.7 0.0
Guessed: 8, Correct: 7
........................................................
........................................................
........................................................
........................................................
........................................................
........................................................
........................................................
............IIMMrr]]ccccccff,,,,'''',,||//..............
............<<BB$$$$$$$$$$$$$$$$LLCC$$$$qq..............
..............QQ$$WW))1111ffbb**$$$$$$BBYY..............
..............~~%%YY..........uu$$@@jj++................
................hhww``........oo$$~~....................
................hh$$^^......rr@@JJ''....................
................YY$$uu....''dd$$11......................
................{{$$88....__$$bb^^......................
..................11<<....__$$CC........................
..........................__$$CC........................
..........................__$$//........................
....................``oooo##$$88tt((....................
....................``zzzz**$$$$$$$$WWhh11..............
..........................--$$JJ__uu%%@@qq..............
..........................__$$ff......((QQ..............
..........................::oo##ii......................
............................ff$$zz......................
............................,,##WW>>....................
..............................QQ$$00....................
..............................~~BB%%....................
........................................................

 
 
 
 
0.1 0.0 0.0 0.0 0.1 0.0 0.2 0.0 0.0 0.0
Guessed: 6, Correct: 4
........................................................
........................................................
........................................................
........................................................
........................................................
....................................<<ii........++!!....
................................''ffWW88;;....rr$$88....
..............................""]]$$@@\\....~~WW%%ff....
............................^^tt$$@@--..''xx88BB!!......
..........................>>mm$$$$pp....||$$BB}}........
........................++bb$$$$ww::..<<WW$$rr..........
......................uu&&$$##ff""..iidd$$dd``..........
..................""00$$$$oo[[....^^oo$$##ii............
................;;YY$$$$UUII....''vv$$$$((..............
..............;;oo$$$$XX''......11$$$$MM}}..............
............``UU$$$$$$II{{ttttnnBB$$$$$$uu..............
............ZZ$$$$$$$$$$$$$$$$$$$$$$@@QQ^^..............
............hh$$$$$$$$%%88@@$$$$$$UU!!..................
............~~uuWW$$cc^^..QQ$$$$@@......................
................rr$$kk!!uu$$$$$$@@......................
................::CCWW$$$$$$$$$$ZZ......................
....................11%%$$$$MMbbll......................
....................__@@$$jj""..........................
....................//hh//''............................
........................................................
........................................................
........................................................
........................................................

 
 
 
 
0.0 0.0 1.0 0.0 0.0 0.0 0.0 0.0 0.0 0.0
Guessed: 2, Correct: 7
........................................................
........................................................
........................................................
........................................................
..............__kk$$zz}}xx``............................
............{{&&####BBbb$$||!!..........................
............;;~~....~~iiMM$$XX..........................
........................//@@ZZcc........................
..........................XX88aa??......................
............................ZZ$$ZZ......................
............................jj$$00......................
............................ff$$OO......................
............................ff$$hh......................
............................++$$&&??....................
............................(($$88ll....................
............................ff$$$${{....................
............................ff$$$$bb>>>>^^..............
........................``\\kk$$$$$$$$$$hh``............
....................((QQMM$$$$$$$$$$$$$$$$??............
................""QQ$$$$$$$$$$$$$$qq$$QQ{{..............
................""UUBBkkxxkk$$pp__""__``................
..........................||%%kk``......................
..........................??qqOO''......................
............................00uu""......................
........................................................
........................................................
........................................................
........................................................

 
 
 
 
0.0 0.0 0.0 0.0 0.9 0.0 0.0 0.0 0.1 0.0
Guessed: 4, Correct: 9
........................................................
........................................................
........................................................
........................................................
........................................................
..........................ww$$**........................
........................vv$$$$pp........................
......................""dd$$%%??........................
......................vv$$$$ff..||zz....................
......................CC$$vv''^^oo$$++..................
....................""WW%%!!..jj$$BB<<..................
....................//$$ww....zz$$MM....................
....................zz$$xx....hh$$MM....................
....................zz$$}}..::WW$$UU....................
....................JJ$$!!..jj$$$$zz....................
..................^^WW$$!!..dd$$$$zz....................
..................iiBB**^^::WW$$$$\\....................
..................""&&$$iiuu$$$$@@~~....................
....................qq$$oo$$$$$$JJ......................
....................zz$$$$$$BB$$kk``....................
....................!!CCqqttcc$$$$~~....................
............................qq$$##......................
............................aa$$LL......................
..........................,,MM$$tt......................
..........................II8800,,......................
........................................................
........................................................
........................................................

 
 
 
 
0.0 0.0 0.0 0.0 0.1 0.0 0.0 0.0 0.0 0.8
Guessed: 9, Correct: 4
........................................................
........................................................
........................................................
........................................................
........................................................
........................................................
............................uu))88!!....................
..........................]]BB88$$!!....................
........................ll##ppOOoo''....................
........................||@@XXaakk......................
......................ll&&cc..QQcc......................
....................''CC##;;..QQcc......................
....................>>$$\\....##cc......................
..................''QQkk''....BBrr......................
..................!!$$]]......BB--..``..................
..................tt##``......BB??nn]]..................
..................>>$$kkjj}}zz@@WWZZ``..................
..................''++mm8888%%$$jj''....................
............................??$$--......................
............................uu%%^^......................
............................zz88........................
............................rr88........................
............................++%%,,......................
..............................88--......................
..............................QQ}}......................
..............................[[zz......................
........................................................
........................................................

 
 
 
 
0.2 0.0 0.1 0.3 0.0 0.2 0.0 0.0 0.0 0.0
Guessed: 3, Correct: 9
........................................................
........................................................
........................................................
........................................................
....................::UU&&ppppkk........................
..................ii##$$$$$$$$%%xx......................
................::OO$$##LLvv$$kk........................
................zz$$$$::..vv$$//mm:://ii................
..............ll&&$$uu....oo00oo$$$$$$//................
..............~~$$$$uu....$$$$$$00$$$$LL::..............
..............UU$$$$aaUU&&$$&&ii..vv$$$$UU..............
..............]]$$$$$$$$$$pp~~....^^aa$$pp..............
..............::kk$$$$kkLLii........kk$$$$..............
................::~~~~..............xx$$$$..............
....................................ii$$$$LL............
......................................$$$$kk............
......................................$$$$##::..........
......................................$$$$kk............
......................................UU$$oo^^..........
................iixxkk................pp$$aa^^..........
................mm$$$$((~~....ll~~UU&&$$$$mm............
................//$$$$$$$$kkkk&&$$$$$$$$aa::............
..................xx%%$$$$$$$$$$$$$$&&{{................
....................iiffWW$$$$&&UUuuII..................
........................................................
........................................................
........................................................
........................................................

 
 
 
 
0.0 0.3 0.3 0.0 0.0 0.0 0.0 0.1 0.0 0.0
Guessed: 1, Correct: 7
........................................................
........................................................
........................................................
........................................................
........................................................
..................::kkBBqqxx``..........................
..................ii$$$$$$$$zz..........................
..................``iiCCCC$$ww^^........................
..........................$$$$]]........................
..........................YY$$CC........................
..........................llBBWWII......................
............................YY$$ii......................
............................tt$$ii......................
............................tt$$ii......................
............................tt$$ii......................
............................%%$$ii......................
............................%%$$ii......................
..........................>>BB**;;......................
..........................&&$$CC........................
..........................$$$$CC........................
..........................$$$$--........................
..........................$$$$||........................
..........................mm$$;;........................
..........................BB$$;;........................
..........................xx$$;;........................
........................................................
........................................................
........................................................

 
 
 
 
0.0 0.0 0.6 0.0 0.0 0.0 0.0 0.2 0.0 0.0
Guessed: 2, Correct: 7
........................................................
........................................................
........................................................
........................................................
........................................................
................++[[[[^^ll[[[[OOhhLLLL11................
................zzoo$$88%%$$88ZZttZZ88@@]]..............
..................^^!!!!!!!!;;......mm%%__..............
..................................^^aaff................
..................................jj$$;;................
................................;;&&//..................
................................00oo``..................
..............................__@@??....................
..............................ooWWll....................
............................11@@||......................
..........................II$$$$!!......................
..........::dd&&&&&&&&&&&&%%$$$$88WWXXXXXX__............
............,,!!!!!!!!~~pp$$CCnnnnnnnnppBBUU............
......................II%%BB..........,,>>..............
......................vv88<<............................
....................++$$mm..............................
....................CC**``..............................
..................}}@@00................................
..................bbWWii................................
................??$$QQ..................................
........................................................
........................................................
........................................................

 
 
 
 
0.0 0.0 0.0 0.0 0.0 0.1 0.0 0.5 0.0 0.0
Guessed: 7, Correct: 5
........................................................
........................................................
........................................................
........................................................
........................................................
........................................................
..............11aaZZCC]]??>>..........++\\++............
..............^^qq$$%%qq$$%%MMMMMMMMqqoo$$MM::..........
..............''oo$$QQ//$$@@BBBB@@$$&&YYooqq::..........
............''tt@@$$$$$$hh++....!!dd**""................
............\\@@$$@@kk||^^........rr$$\\................
..........[[MM$$$$jj..............>>BBMM!!..............
..........++00ddrr""................&&$$}}..............
............''''....................&&$$||..............
....................................&&$$00..............
....................................&&$$00..............
....................................&&$$bb``............
....................................&&$$JJ..............
..................................\\@@$$}}..............
................................``MM$$%%;;..............
................................{{$$$$uu................
............``11''............{{%%$$QQ^^................
............``##,,..........{{BB$$$$,,..................
..............--%%CC____]]ww@@$$MM}}''..................
................))hhBB$$$$$$BBLL::......................
....................<<qqCCCCrr..........................
........................................................
........................................................

 
 
 
 
0.1 0.0 0.0 0.9 0.0 0.0 0.0 0.0 0.0 0.0
Guessed: 3, Correct: 8
........................................................
........................................................
........................................................
........................................................
........................................................
................``++++++++++............................
............__zzoo$$$$$$$$$$ww::........................
........''uu%%$$$$$$$$$$$$$$$$kk........................
........XX$$$$&&88vv||vvJJ%%$$$$xx......................
......]]%%mm[[;;MM}}......!!MM$$&&::....................
......qqcc^^..??$$BB""....,,BB$$$$wwuu::................
......II........dd$$qqwwXXoo$$$$$$$$$$kk++..............
................llBB$$$$$$$$$$WWjjhh$$$$oo--............
..................}}@@$$$$$$pp<<..``((BB$$ww............
..................~~@@$$))``''........}}$$$$++..........
..................nn$$aa''............``kk$$vv..........
................::WW$$__................qq$$oo..........
................ll$$$$??..............!!BB$$$$..........
................^^hh$$ww''..........{{oo$$$$$$..........
..................||$$$$]];;....,,}}oo$$$$@@ff..........
..................;;BB$$$$$$mmmmWW$$$$$$$$cc............
....................((BB$$$$$$$$$$$$$$@@XX""............
......................~~zz$$$$$$$$$$CC++................
........................''((vvnnff::''..................
........................................................
........................................................
........................................................
........................................................

 
 
 
 
0.0 0.2 0.0 0.0 0.0 0.0 0.0 0.0 0.0 0.0
Guessed: 1, Correct: 7
........................................................
........................................................
........................................................
........................................................
........................................................
............................qq$$WWtt....................
............................````rr$$@@QQff..............
................................''\\oo$$$$//............
....................................""LL$$ff............
......................................JJBB]]............
....................................}}%%&&..............
..................................}}88BB))..............
................................{{88$$rr................
............................,,[[dd%%LL::................
............................(($$$$mm....................
........................,,CC88$$xx::....................
......................,,OO$$%%tt::......................
......................//$$%%((..........................
....................}}88$$\\............................
................""{{88$$qq::............................
..............^^mm$$$$qq::..............................
..............//$$$$kk::................................
............``ZZ$$pp[[..................................
............ff$$$$ll....................................
..............QQvv,,....................................
........................................................
........................................................
........................................................

 
 
 
 
0.0 0.0 0.0 0.0 0.0 0.0 0.0 0.0 0.1 0.1
Guessed: 9, Correct: 7
........................................................
........................................................
........................................................
........................................................
........................................................
........................................................
........................................................
..............]]LLmmUUUUUUUUUUUUUUUUUU++................
..............YY$$MMbbCCCCCCCCCCCCCCMM&&................
..............``ZZ$$~~..............\\$${{..............
................>>WW00..............mm$$11..............
..................nnBB++..........``qq&&ii..............
..................[[$$&&II........ll$$uu................
..................^^**$$ii........uu$$nn................
....................||$$??........88kk^^................
....................,,$$XX......}}$$))..................
....................,,$$QQ....^^QQ$$[[..................
....................,,$$@@....>>$$WW""..................
....................,,$$@@....//$$--....................
....................^^##vv....##$$""....................
......................^^''..++$$CC''....................
............................uu%%>>......................
............................kkkk........................
..........................??88ff........................
..........................JJ$$::........................
..........................JJWW``........................
..........................~~vv..........................
........................................................

 
 
 
 
0.0 0.0 0.0 0.0 0.0 0.4 0.5 0.0 0.0 0.0
Guessed: 6, Correct: 5
........................................................
........................................................
........................................................
........................................................
..............................!!//||{{CC##$$$$YY........
..........................''uu88$$$$MM**uujjtt__........
..........................``LLQQ11??``..................
............................OOff........................
..........................;;%%\\........................
..........................wwpp``........................
........................ll&&{{..........................
........................zz$$]]..........................
........................BBkk............................
....................``YY$$<<............................
....................;;$$kk::""""^^......................
....................rr$$kk88$$$$OO;;....................
..................::WW$$$$cc{{||WWmm::..................
..................))BBoo++^^....!!$$JJ..................
..................[[mm~~........""$$hh..................
..............``;;..............??$$ff..................
..............II&&``..........::kk$$,,..................
..............II$$ZZ^^......::hh@@||....................
..............``vv$$WWJJuuOO&&BBvv......................
..................1188$$$$$$##((........................
........................................................
........................................................
........................................................
........................................................

 
 
 
 
0.0 0.0 0.0 0.8 0.0 0.1 0.0 0.0 0.0 0.0
Guessed: 3, Correct: 5
........................................................
........................................................
........................................................
..........__$$$$........................................
..........QQ$$@@........................................
............$$$$__......................................
............zz@@##++....................................
............__QQ$$$$__..................................
................zz@@##++................................
....................dd$$ddII............................
....................II11$$ddjj..........................
........................__QQ$$zz__......................
............................zz@@##++....................
................................dd$$__..................
................................11@@##++................
....................................$$$$00..............
....................................zz@@##++............
....................................11$$$$zz............
....................................11@@$$cc............
..................................__$$$$MM++............
................................__##$$@@++..............
................11$$dd111111zz$$$$$$MM++................
................II11zz@@$$@@$$@@1111++..................
........................................................
........................................................
........................................................
........................................................
........................................................

 
 
 
 
0.0 0.0 0.1 0.4 0.0 0.0 0.0 0.0 0.2 0.0
Guessed: 3, Correct: 2
........................................................
........................................................
........................................................
........................................................
..........................^^hh$$$$aaii..................
........................}}bb$$$$$$$$BB__................
....................``nn@@$$$$$$$$$$$$kk::..............
....................JJ88hhLLMM$$$$YY@@$$YY..............
....................tt]]....;;%%$$JJ{{$$mm''............
..............................88$$bb::oo$$++............
..............................88$$$$^^OO$$vv............
..............................88$$$$^^OO$$**............
............................<<BB$$LL''OO$$oo............
............................[[@@$$))..OO$$((............
......................ll((((ZZ@@kk^^--8800''............
................,,rrdd%%$$$$$$$$tt??%%@@((..............
..............IIWW$$$$&&##$$$$$$$$$$BB\\................
............((oo$$$$pp((OO$$OO@@$$$$MM..................
..........^^OO$$dd}}BBBB$$vv""pp$$$$%%>>................
..........}}$$dd::``//qq11..QQ$$$$$$BB__................
..........}}$$//........__aaBBBBuu$$MM..................
..........''##QQ^^..``tt@@$$MM??''))##..................
............XX$$dd{{UU$$$$hhii......??..................
............??LL$$$$$$$$pp""............................
........................................................
........................................................
........................................................
........................................................

 
 
 
 
0.0 0.6 0.0 0.0 0.0 0.0 0.0 0.0 0.8 0.0
Guessed: 8, Correct: 1
........................................................
........................................................
........................................................
........................................................
........................................||OO>>..........
......................................II@@JJII..........
..................................''//&&@@nn............
..................................))$$$$^^..............
................................??00$$mm''..............
............................''{{MM$$OO11................
............................ii$$$$WW]]..................
..........................IIoo$$$$nn....................
........................lloo$$$$JJ??....................
......................''ZZ$$$$dd::......................
......................cc$$$$%%::........................
....................``WW$$BB{{..........................
....................{{$$$$zz............................
....................00$$OO""............................
..................``UU$$||..............................
..................>>$$$$||..............................
..................;;wwkk__..............................
....................[[ddxx::''ll::......................
......................QQ$$WWww$$vv......................
......................''UUmm$$$$++......................
........................................................
........................................................
........................................................
........................................................

 
 
 
 
0.0 0.0 0.0 0.0 0.0 0.0 0.0 0.2 0.0 0.0
Guessed: 7, Correct: 9
........................................................
........................................................
........................................................
........................................................
........................................................
........................................................
........................................................
........................````^^jj88}}....................
......................tthhooooBB8800....................
....................{{BB$$$$$$$$$$##^^..................
..................__BB$$$$qqllvv$$$$,,..................
..................||$$$$$$BB}}''ff$$,,..................
................``WW$$$$$$zz....<<$$\\..................
................>>BBpp&&BB""....>>@@&&..................
..................ll""ppqq......ii@@$$..................
......................uuMM^^....<<$$ww..................
......................uu$$??....<<$$OO..................
......................""MMnn..``vv$$xx..................
........................vv&&rr**$$$$//..................
........................""0088**}}MMOO..................
............................::^^..##OO..................
..................................##bb..................
..................................##$$..................
..................................##**..................
..................................##OO..................
..................................##OO..................
..................................##OO..................
........................................................

 
 
 
 
0.0 0.0 0.0 0.0 0.0 0.0 0.0 0.1 0.0 0.3
Guessed: 9, Correct: 7
........................................................
........................................................
........................................................
........................................................
........................................................
........................................................
........................................................
..................))$$$$$$QQYYYY~~<<<<ll................
..................uu$$@@mm$$$$$$$$$$$$&&\\..............
..................II$$88''^^^^^^^^))uu$$uu..............
..................``LL%%II..........::WWLL..............
....................[[$$))..........II@@&&..............
....................[[$$uu..........//$$CC..............
....................[[$$))..........vv$${{..............
....................[[$$))..........CC&&::..............
....................[[$$))........iiBBOO................
....................||$$))........UUBB__................
..................^^kkBB++......,,oomm..................
..................>>$$}}........CC$$//..................
................IIoodd^^........@@ww``..................
................1188>>........tt$$]]....................
................;;??........,,**##,,....................
............................++$$ff......................
............................{{$$``......................
..........................''CC@@``......................
..........................``$$JJ........................
..........................''OO&&``......................
........................................................

 
 
 
 
0.0 0.4 0.0 0.0 0.0 0.0 0.0 0.0 0.0 0.0
Guessed: 1, Correct: 7
........................................................
........................................................
........................................................
........................................................
........................................................
..................,,&&$$aajjdd11''......................
....................--{{,,..++hhww~~....................
..............................~~$$00....................
..............................~~$$LL....................
..............................jj$$jj....................
............................``bb$$~~....................
............................++$$aa``....................
..........................++MM$$qq......................
......................,,qqBB$$BB>>......................
..................``~~zz$$$$$$kk........................
..................``ttZZnnXX$$CC........................
..........................//$$~~........................
........................::&&oo``........................
........................ii$$CC..........................
........................vv%%??..........................
......................::&&aa............................
......................__$$vv............................
......................00%%!!............................
....................II$$oo..............................
....................II$$CC..............................
........................................................
........................................................
........................................................

 
 
 
 
0.0 0.0 0.0 0.0 0.0 0.0 0.0 0.1 0.0 0.7
Guessed: 9, Correct: 7
........................................................
........................................................
........................................................
........................................................
........................................................
........................................................
....................llvvUUffll~~ooff....................
....................&&$$$$$$&&$$$$UU....................
....................$$UU////..zz$$~~....................
....................$$UU......zz&&II....................
....................pp00......kkoo^^....................
....................]]$$ii....kk&&II....................
....................~~$$//....kk$$~~....................
....................~~$$//..::##$$~~....................
......................{{ii..~~$$&&II....................
............................~~$$$$~~....................
............................~~$$$$~~....................
............................~~$$$$~~....................
............................~~$$$$ff....................
............................~~$$$$UU....................
............................~~$$$$aa....................
............................~~$$$$aa....................
............................~~$$$$~~....................
............................^^00$$~~....................
..............................//&&((....................
..............................--$$ff....................
........................................................
........................................................

 
 
 
 
0.0 0.0 0.1 0.0 0.0 0.0 0.8 0.0 0.0 0.0
Guessed: 6, Correct: 4
........................................................
........................................................
................................CCZZll..................
..............................::**$$uu..................
..............................??$$BB++..................
............................``MM$$ZZ....................
............................ff$$$$""....................
............................aa$$##''....................
..........................//@@WWii......................
........................``qq$$OO........................
........................--$$@@++..''``<<................
........................##$$nn....11$$%%>>..............
......................\\BBkk^^....@@$$%%>>..............
....................>>$$$$((..;;nn$$$$xx................
....................QQ$$BBvvppWW$$$$$$**ppww))OO))++....
..................(($$$$$$$$$$$$$$$$$$$$$$@@##OOrrII....
................__&&$$$$$$bbOOqq$$$$ppOO//??............
..............^^pp$$@@CCii^^''UU$$&&ll..................
..............LL$$$$uu......ll$$$$zz....................
............((BB$$oo^^......ff$$$$--....................
............$$$$BB((........11$$$$``....................
............??WWvv..........'']]YY''....................
........................................................
........................................................
........................................................
........................................................
........................................................
........................................................

 
 
 
 
0.0 0.0 0.0 0.3 0.0 0.0 0.0 0.0 0.0 0.2
Guessed: 3, Correct: 9
........................................................
........................................................
........................................................
........................................................
..........................||**%%jj......................
......................||XX@@$$$$$$QQ``..................
......................OO$$$$$$$$$$$$ooXX................
..................``nn$$$$$$BBww00$$$$zz................
..................""$$$$$$qq??..XX$$ff^^................
..................::$$$$@@>>..''UU$$aa::................
..................UU$$$$LL....II$$$$$$//................
..................(($$$$$$tt..))$$$$$$00................
..................""$$$$$$BBMMBB$$$$$$00................
..................''<<@@$$$$$$$$$$$$$$vv................
......................nnkkBB$$$$$$$$&&II................
..........................[[xx$$$$$$UU..................
............................~~$$$$$$UU..................
............................~~$$$$$$bb,,................
................XX\\........~~$$$$$$dd,,................
..............~~BB$$**CC1111qq$$$$$$LL``................
..............++$$$$$$$$$$$$$$$$$$$$rr..................
..............<<%%$$$$$$$$$$$$$$$$QQ``..................
................11BB$$$$$$$$88&&JJ~~....................
..................]]rrOO$$zzll..........................
........................................................
........................................................
........................................................
........................................................

 
 
 
 
0.0 0.0 0.0 0.0 0.0 0.0 0.0 0.0 0.0 0.2
Guessed: 9, Correct: 7
........................................................
........................................................
........................................................
........................................................
........................................................
........................................................
........................{{zzzzqq$$$$oozz""..............
......................;;oo$$$$$$$$$$$$$$cc..............
......................}}$$ddQQQQttYY$$$$##..............
........................II^^......``//$$nn..............
....................................YY$$jj..............
..................................ii&&$$))..............
................................^^00$$oo................
................................uu$$$$ii................
................,,++zzzzzzzz++uukk$$tt..................
..............;;oo$$$$$$$$$$$$$$$$$$++..................
..............jj$$$$$$$$$$$$$$$$kkzz""..................
..............""IIIIIIIIiioo$$bb--......................
......................""JJ$$pp""........................
......................qq$$oo::..........................
..................::xxBBBBuu............................
..................tt$$$$}}..............................
................//$$BBnn................................
..............\\$$88uu..................................
............II&&BBuu....................................
............11$$nn......................................
........................................................
........................................................

 
 
 
 
0.0 0.0 0.0 0.0 0.0 0.0 0.3 0.0 0.0 0.0
Guessed: 6, Correct: 2
........................................................
........................................................
..............................))$$LL++``................
..............................kk$$$$$$jj................
..............................jjWW$$$$BB[[..............
................................::iioo$$mm''............
....................................//$$$$~~............
....................................``oo$$00............
......................................nn$$**............
......................................nn$$**............
......................................nn$$**............
................>>rr88@@@@@@@@@@))^^..nn$$**............
............``uuBB$$$$$$$$$$$$$$$$aaccZZ$$**............
............vv$$$$$$$$$$$$$$$$$$$$$$$$$$$$**............
..........<<BB$$$$00))iiiiii__ccccWW$$$$$$zz............
..........++$$&&((................}}$$$$$$MM<<..........
..........++$$qq..............''~~##$$@@&&$$%%II........
..........++$$qq............,,xx$$$$$$CC;;uu&&88ii......
..........++$$##11......!!ff88$$$$$$cc^^....""::``......
..........!!88$$@@qqqqqq@@$$$$$$$$00::..................
............||$$$$$$$$$$$$$$BBQQ<<''....................
............''{{88$$$$$$ddrr>>..........................
........................................................
........................................................
........................................................
........................................................
........................................................
........................................................

 
 
 
 
0.2 0.0 0.0 0.0 0.0 0.0 0.0 0.0 0.0 0.0
Guessed: 0, Correct: 2
........................................................
........................................................
........................................................
........................................................
......................::aaMMccll........................
....................''CC$$$$$$ooll......................
....................ff$$MMff%%$$QQ''....................
....................BB@@\\..tt$$$$ii....................
..................))$$vv....""**$$QQ....................
..................aa$$jj......ff$$@@>>..................
................>>88@@``......||$$$$tt..................
................\\$$00..........WW$$tt..................
..............""oo$$^^..........aa$$tt..................
..............\\$$ZZ``..........jj$$vv..................
..............qqMM<<............;;@@##..................
............<<BBxx................@@mm..................
............IICC``..............//$$tt..................
..............''................OO$$//..................
........................::IIII}}BB%%....................
....................''jj##$$$$$$$$QQ....................
....................(($$$$$$$$$$$$**jj;;................
....................**$$$$$$$$$$$$$$$$dd--..............
....................zz$$$$$$OO++!!UUQQ$$00;;............
....................^^bbZZff``......'',,``..............
........................................................
........................................................
........................................................
........................................................

 
 
 
 
0.0 0.0 0.0 0.0 0.0 0.0 0.0 1.0 0.0 0.0
Guessed: 7, Correct: 3
........................................................
........................................................
........................................................
........................................................
........................................................
........................................................
........................................................
..................++BB$$$$$$$$$$$$BB\\\\\\..............
..............<<LLWW$$$$$$$$$$$$$$$$$$$$@@vv^^..........
..............BB$$$$$$&&ttttttttttttttWW$$$$>>..........
..........//BB$$88CC""``..............xx$$$$>>..........
..........bb$$88))..................,,##$$&&ii..........
..........((jj[[....................jj$$$$XX............
..................................??BB$$pp^^............
................................LLWW$$BB{{..............
............................((uu88$$$$ff................
............................ZZ$$$$$$YY``................
............................CCWW@@$$cc..................
................................##$$cc..................
..............................ff@@88,,..................
..........................~~00hh$$MM....................
........................--JJ$$$$**<<....................
......................??&&$$BBqq>>......................
..................``__MM$$$$uu..........................
................11ww$$$$$$**>>..........................
..............}}%%$$$$BBrrll............................
..............!!xx$$bb))................................
........................................................

 
 
 
 
0.0 0.0 0.0 0.4 0.0 0.0 0.0 0.0 0.0 0.0
Guessed: 3, Correct: 9
........................................................
........................................................
........................................................
........................................................
........................................................
....................||kkpp[[............................
..................UUJJ::iioo\\..........................
................\\OO``....^^<<..........................
................dd^^......~~((..........................
..............??YY........{{hh..........................
..............vvrr........??%%>>........................
..............wwXX......::bbQQQQ........................
..............[[##::``++bbff~~%%>>......................
................UU%%**bb__....cc00''....................
..................~~++........""hhff....................
................................~~WWtt..................
..................................{{BB__................
..................................''zzhh""..............
....................................^^##{{..............
......................................zzvv..............
......................................mmvv..............
....................................^^MM11..............
..................................''uuww................
..............................::||aa&&{{................
......................ll||QQaa$$88||^^..................
........................................................
........................................................
........................................................

 
 
 
 
0.8 0.0 0.0 0.0 0.0 0.0 0.0 0.0 0.7 0.0
Guessed: 0, Correct: 8
........................................................
........................................................
........................................................
........................................................
..........................ll//wwkk11....................
......................IIww88$$BB&&$$dd^^................
....................''ZZqq//++>>IIvv$$__................
....................>>++..........^^$$OO................
................""ww&&]]..........--$$//................
..............""qq$$88>>........;;kk$$,,................
............""qq$$zz__........{{**$$$$QQ<<..............
............__$$qq^^..::;;iiUU@@BBppuu@@@@YY''..........
............xx$$cc^^ttbbWW&&%%zzll....!!xxBB((..........
............ii$$$$kk$$$$$$%%??............ZZOO..........
..............}}hh$$$$OOii................11&&;;........
..............''00$$cc^^..................11$$!!........
..............""$$$$<<....................nn$$!!........
..............//$$pp,,..................``bboo""........
..............qq$$__....................nn$$((..........
..............xx$$--..................JJBBzz''..........
..............//$$XX..............``YY@@ZZ::............
..............""$$$$kk11;;....!!zz##$$YY::..............
..............''\\&&$$$$WWoooo%%@@##//''................
..................!![[MM$$%%CCvv++......................
........................................................
........................................................
........................................................
........................................................

 
 
 
 
0.0 0.0 0.2 0.4 0.0 0.0 0.0 0.0 0.0 0.0
Guessed: 3, Correct: 7
........................................................
........................................................
........................................................
........................................................
........................................................
........................>>++ccJJJJ~~....................
................``::ffkkBB$$@@$$$$QQ....................
..........''??UUMM$$hhqqjj[[tt$$$$ww....................
........mm##$$WWvv11^^......jj$$$$ww....................
........rrrr{{^^............kk$$$$jj....................
..........................;;WW$$$$11....................
..........................""**$$$$JJ....................
..........................<<$$$$$$uu....................
..........................))$$$$$$11....................
..........................YY$$$$BB!!....................
..........................WW$$$$dd......................
..........................@@$$$$QQ--``....<<;;..........
..............'',,ttjj00oo$$$$$$$$$$**ooooBBWW\\........
..........__vvZZ$$$$$$$$$$$$$$$$$$$$$$$$$$$$$$MM........
........>>&&@@WWCC{{IIII??$$$$$$//__ii--uu++II,,........
..........ll++..........]]$$$$&&II......................
........................||$$$$pp........................
........................||$$$$pp........................
........................{{$$oo>>........................
..........................++^^..........................
........................................................
........................................................
........................................................

 
 
 
 
0.0 0.0 0.0 0.0 0.0 0.0 0.0 0.0 1.0 0.0
Guessed: 8, Correct: 2
........................................................
........................................................
........................................................
........................................................
........................................................
........................................................
........................................................
..........................))rrrrrrrrdd@@%%++............
................iiffUU%%%%@@$$$$$$$$$$$$$$%%............
............YY&&%%$$$$$$$$$$$$$$$$$$$$$$$$@@~~..........
........||##@@$$$$$$$$$$$$$$$$$$$$$$$$$$$$$$OO..........
......ff$$$$$$$$$$$$$$$$$$$$wwLL##$$$$$$$$$$$$..........
......QQ$$$$$$$$$$$$$$$$ddii^^,,dd$$$$$$$$@@//..........
......$$$$$$**ttOO??>>>>!!..,,ff$$$$$$$$@@//............
......$$$$$$jj............++OO$$$$$$$$$$cc..............
......**$$QQ``..........~~88$$$$$$$$$$$$ff..............
......nn$$>>..........11kk$$$$$$$$$$BBpp11..............
......!!]]``..........bb$$$$$$$$$$$$bb..................
......................bb$$$$$$$$$$zzII..................
......................mm$$$$$$$$$$bbJJii,,..............
......................;;bb$$$$$$$$$$$$$$bbCC,,..........
........................;;ppBB$$$$$$$$$$$$$$xx..........
............................//BB$$$$$$$$$$@@~~..........
..............................}}ffpp$$$$$$BB............
..................................""uuBBBB88............
........................................................
........................................................
........................................................

 
 
 
 
0.0 0.0 0.0 0.5 0.0 0.0 0.1 0.0 0.1 0.0
Guessed: 3, Correct: 8
........................................................
........................................................
........................................................
........................................................
......................[[pp&&UU{{........................
..................::mm$$$$$$$$##::......................
..............llvv$$$$mm::..//$$UU......................
..............pp$$pp]]......::$$UU......................
..........ll&&##{{............$$aa......................
..........OOaa::............{{$$aa......................
..........&&~~..............LLBB{{......................
..........II^^............::##kk........................
..........................OO$$mm........................
....................iixxkk$$$$##kkmm--..................
................--OO$$BB%%$$&&oo$$$$$${{................
................::~~~~iikk&&~~^^~~aa$$%%ii..............
......................~~$$mm........kk$$UU..............
......................vv$$//........xx$$ff..............
......................$$$${{........LL$$~~..............
......................$$$$..........kk$$~~..............
......................$$$$//......~~$$mm................
......................$$$$kk////zzaa$$--................
......................//##$$$$$$$$LL--..................
........................iiffpp00~~::....................
........................................................
........................................................
........................................................
........................................................

 
 
 
 
0.0 0.0 0.0 0.0 0.6 0.0 0.0 0.0 0.0 0.0
Guessed: 4, Correct: 9
........................................................
........................................................
........................................................
........................................................
........................................................
....................''{{$$pp""..........................
....................>>$$$$$$((..........................
....................xx$$11nn""..........................
..................""WW##;;..............................
..................{{$$nn................................
..................{{$$YY................................
..................ll88oo""..............................
....................qq$$__..........}}mmII..............
....................::$$LL''......!!**##``..............
....................^^$$$$jj....--##$$~~................
....................''(($$@@bbbb@@$$cc''................
......................''vvWW&&$$$$UU''..................
............................::**@@//....................
............................::**qq......................
............................++$$nn......................
............................uu$$nn......................
............................LL$$!!......................
............................YY$$xx......................
............................ii88kk;;....................
..............................jjqq~~....................
........................................................
........................................................
........................................................

 
 
 
 
0.0 0.0 0.2 0.0 0.0 0.1 0.0 0.0 0.0 0.0
Guessed: 2, Correct: 7
........................................................
........................................................
........................................................
........................................................
........................................................
........................................................
........................................................
........................................IIii++YYYY......
............................,,}}11ccwwwwWW$$$$$$$$......
....................``[[jjQQWW@@@@@@CCuullllff$$ff......
..............::ffUUBBBBaaJJ//::..........--hhpp""......
............;;kk$$ppxx~~................11ooWW::........
............))vvrr``..................{{BBkk[[..........
..................................""((@@pp__............
................................^^OO$$hh++..............
..............................++mm$$bb""................
..............;;++++__LLLLLLLL&&$$$$mmLL~~..............
..........""00##$$$$$$$$$$$$$$$$$$&&LLjj~~..............
..........%%$$&&QQnn[[,,tt$$@@tt,,""....................
..........BBjj^^......""hhBB]]..........................
..........ii........``OO**++............................
..................^^##88//..............................
................""00**ll................................
................))$$>>..................................
..............??WW{{''..................................
............~~QQ--......................................
............[[::........................................
........................................................

 
 
 
 
0.0 0.0 0.5 0.0 0.0 0.0 0.0 0.4 0.0 0.0
Guessed: 2, Correct: 7
........................................................
........................................................
........................................................
........................................................
........................................................
....................UU$$ppUUUUUU~~~~....................
....................~~WW$$$$$$$$$$$$kkLLii..............
........................{{kkkkkkkkkk&&$$$$UU............
....................................UU$$$$WW............
..................................--$$$$$$UU............
................................::kk$$$$$$]]............
..............................::oo$$BBxxii..............
............................::kk$$$$LL..................
............................oo$$##zz....................
..........................LL$$$$kk..::::................
..........::ll~~~~~~[[UUoo$$$$$$$$$$$$$$ppUUxx..........
..........mm&&$$$$$$$$$$$$$$$$$$$$$$$$$$&&ffxx..........
..........ii&&$$$$$$$$$$$$$$##LL{{{{//::................
............II~~~~aa$$$$&&ff::..........................
................vv$$$$$${{..............................
..............{{$$$$$$$$................................
............^^aa$$$$LL::................................
............(($$$$$$--..................................
............UU$$$$uu....................................
............((UUppII....................................
........................................................
........................................................
........................................................

 
 
 
 
0.0 0.0 0.4 0.0 0.0 0.0 0.0 1.0 0.1 0.0
Guessed: 7, Correct: 2
........................................................
........................................................
........................................................
........................................................
........................................................
........................................................
............""!!{{[[dd$$nnXX{{!!::......................
........iiXXhh$$$$$$$$$$$$$$$$$$##QQ????``..............
........XX$$$$$$$$$$$$$$$$$$$$$$$$$$$$$$hhii............
........uuWWWWWWWWppxxxxxxxxvvWWWW$$$$$$$$BBuu''........
..................................11ffdd@@$$$$ll........
........................................__$$$$ll........
........................................QQ$$oo,,........
....................................^^11BB$$ff..........
..................................iiLL$$ooff,,..........
................................((&&$$$$!!..............
..........................""||**$$$$dd[[................
........................~~dd$$$$ddxx....................
....................``QQ%%$$%%nn^^......................
................;;QQBB$$$$ww__..........................
................!!aa$$**rr""............................
................QQ$$BB::................................
................CC$$$$XX''..............................
................<<BB$$$$mmtt>>>>>>::....................
..................((BB$$$$$$$$$$$$**qqqqqqzzJJ>>........
....................II\\XX88XX00$$YYqqWWUUXXff::........
........................................................
........................................................

 
 
 
 
0.0 0.0 0.1 0.0 0.0 0.5 0.5 0.0 0.0 0.0
Guessed: 5, Correct: 6
........................................................
........................................................
........................................................
....................................````jj%%$$}}........
................................``++&&$$$$$$$$vv........
............................>>XXOO$$$$$$$$$$&&??........
........................``;;pp$$$$$$BBmm////^^..........
......................>>OO$$$$$$BBmm??..................
....................``mm$$$$BBxx??......................
..................``}}$$$$##\\..........................
................``}}$$$$**;;............................
................jj$$$$pp__..............................
..............``OO$$pp;;................................
..............jj$$WW;;..................................
............^^WW$$nn................;;}}}}``............
............""$$&&::..........::rrkk**$$$$nn............
............++$$nn..........??pp$$$$$$$$$$YY............
............cc$$**!!......::aa$$$$$$**pp$$YY............
............))$$$$CC!!....++$$$$$$$$ttzz$$YY............
............""$$$$$$88YYttbb$$$$$$$$BB@@$$YY............
............''YY$$$$$$$$$$$$$$$$$$$$$$$$$$||............
..............,,kk$$$$$$$$$$$$$$$$$$$$UU;;''............
................,,uuhh$$$$$$$$ppJJuu))''................
........................................................
........................................................
........................................................
........................................................
........................................................

 
 
 
 
0.0 0.0 0.0 0.0 0.0 0.0 0.0 0.2 0.0 0.7
Guessed: 9, Correct: 7
........................................................
........................................................
........................................................
........................................................
........................................................
........................................................
........................................................
............................{{LL**{{....................
........................'']]$$$$$$&&\\..................
........................{{$$$$$$$$$$88II................
....................``nnBB$$XXjjBB$$@@ii................
................^^))kk$$$$$$..!!BB$$WW::................
................>>$$$$$$88\\..11BB**??..................
................11$$$$BB__....uu**kk^^..................
................uu$$$$bb......pp$$YY^^..................
................uu$$$$XX......BB$$~~....................
................//$$BBii......BBWW,,....................
................//$$&&::....{{$$LL......................
................!!%%88;;....vv$$jj......................
..................IIll......**$$,,......................
............................$$WW^^......................
............................$$WW^^......................
............................$$kk<<......................
............................$$$$??......................
..........................``$$$$,,......................
..........................))$$MM^^......................
..........................IIpp--........................
........................................................

 
 
 
 
1.0 0.0 0.3 0.0 0.0 0.0 0.0 0.0 0.0 0.0
Guessed: 0, Correct: 2
........................................................
........................................................
........................................................
........................................................
........................::jjYY$$OOzz>>;;................
......................II00$$$$$$$$$$$$MMuu::............
....................::aa%%WWwwXXWW%%$$$$$$xx''..........
....................zzWW~~........>>ffoo$$$$rr..........
....................$${{..............,,hh$$88!!........
....................OO--................,,oo$$qq........
....................^^__..................JJ$$qq........
..........................................11$$qq........
..........................................ff$$rr........
..........................................qq&&""........
............llii........................^^bb00..........
..........""aaBBLL""....................JJ$$((..........
..........>>$$BB$$qqff``............``UU$$xx''..........
..........>>$$vvff%%$$ffll........``JJ$$00::............
..........>>$$nn..!!YYMMZZ{{......UU$$hh................
............qqWW............,,YYMMWWjj..................
............JJBB\\........::bb$$##11....................
............``##BBXX,,^^uu88$$00ii......................
..............\\$$$$88dd$$hh\\..........................
..............``cc$$$$$$//""............................
........................................................
........................................................
........................................................
........................................................

 
 
 
 
0.0 0.0 0.0 0.0 0.0 0.0 0.0 0.4 0.1 0.0
Guessed: 7, Correct: 3
........................................................
........................................................
........................................................
........................................................
........................................................
........................................................
................^^YY$$##;;..............................
................jj$$BBOO,,..............................
................XX$$kk..................................
................vv$$BB++....((XX((((^^..................
................jj$$$$&&qqQQ$$$$$$$$WW++................
..................nn&&$$$$$$%%WWXXWW$$jj................
....................,,((((((>>..""oo$$jj................
..............................>>rr$$$$ll................
............................^^pp$$$$jj..................
............................&&$$$$jj''..................
......................``??%%$$$$uu......................
......................zz$$$$$$$$MM??``..................
......................{{mmmmwwMM$$$$++..................
..............................IIJJ$$ZZ..................
................................iiWW$$tt................
..................................(($$jj................
..................................(($$cc................
..................................(($$bb................
..................................(($$jj................
..................................XX$$jj................
........................................................
........................................................

 
 
 
 
0.1 0.0 0.0 0.0 0.0 0.0 0.0 0.0 0.0 0.0
Guessed: 0, Correct: 6
........................................................
........................................................
........................................................
........................................................
..............""bbaa``..................................
..............]]&&zz..................{{wwwwrr,,........
..............mmQQ..................tt88$$##@@UU''......
............::BBff................++88ww))^^CC$$II......
............>>$$>>................JJ@@ll....^^&&((......
............mm**``................mmYY........WWjj......
..........^^WWoo................(($$11........WWXX......
..........""$$CC................XX@@II......>>BB((......
..........<<$$uu................mmZZ........XX$$ll......
..........||$$++..............;;88cc......^^##**``......
..........CC%%II..............||$$||......//$$\\........
..........OOWW................vv$$||....ii&&bb^^........
..........ddWW................vv$$::..``hh88++..........
..........$$WW................vv$$,,''JJ$$}}............
..........$$WW................vvMM^^uu$$uu..............
..........JJ@@{{..............[[88(($$%%{{..............
..........;;%%mm^^............++$$$$&&~~................
............QQ$$zz^^......``]]aa$$88;;..................
............,,**$$&&mmYYJJ&&$$88UUBBxx..................
..............::ttOO##$$@@LL{{^^''!!((;;................
........................................................
........................................................
........................................................
........................................................

 
 
 
 
0.0 0.0 0.0 0.0 0.3 0.0 0.0 0.0 0.0 0.4
Guessed: 9, Correct: 4
........................................................
........................................................
........................................................
........................................................
........................................................
........................................................
........................""XXww--''......................
......................""cc$$$$$$||....ii}}<<............
....................^^qq$$$$$$$$**..<<&&$$%%``..........
..................""qq$$$$$$BBaaXX!!&&$$$$$$jj..........
..................LL$$$$$$oo((..~~kk$$$$$$$$YY..........
..............''ww@@$$$$hh;;``((%%$$$$$$$$@@[[..........
..............||$$$$$$##;;++**$$$$$$$$$$oo__............
..............##$$$$$$##00@@$$$$$$$$$$BB{{..............
..............##$$$$$$$$$$$$$$$$$$$$$$OO................
..............UU$$$$$$$$$$$$$$$$$$$$$$~~................
..............IIoo$$$$$$##JJmm$$$$$$cc''................
................^^,,jj//^^^^hh$$$$##;;..................
..........................))$$$$@@//....................
..........................aa$$$$&&......................
........................11$$$$$$rr......................
........................CC$$$$$$[[......................
........................dd$$$$$$%%!!....................
........................dd$$$$$$$$))....................
........................||@@$$$$@@--....................
..........................zz$$$$zz......................
........................................................
........................................................

 
 
 
 
0.0 0.7 0.0 0.0 0.0 0.0 0.0 0.0 0.2 0.0
Guessed: 1, Correct: 6
........................................................
........................................................
........................................................
........................................................
......................................""ffdd!!..........
....................................,,bb$$WW++..........
..................................""cc$$@@--............
..................................<<88rrii..............
................................;;BBrr..................
..............................::mm##;;..................
............................''vvMM!!....................
............................ii$$\\......................
..........................IIkkJJ``......................
..........................uudd::........................
........................~~MM[[..........................
......................``&&00''..........................
......................ff@@II............................
....................""**@@__............................
....................uu%%aahh............................
....................ppuu((@@II..........................
..................IIBB++??**``..........................
..................//$$++JJhh............................
..................,,aaQQ%%dd............................
....................IIXXbb++............................
........................................................
........................................................
........................................................
........................................................

 
 
 
 
0.0 0.1 0.2 0.1 0.0 0.0 0.0 0.0 0.0 0.0
Guessed: 2, Correct: 1
........................................................
........................................................
........................................................
........................................................
................,,ddYY``................................
..............XX##$$$$JJ;;..``!!ffii....................
............>>%%$$$$$$$$wwQQbb$$$$WW::..................
............UU$$$$$$$$$$$$$$$$$$$$$$ff..................
............}}BB$$$$$$$$$$$$$$$$$$$$II..................
..............}}BB$$$$$$WW%%$$$$$$**""..................
................}}0000jj,,ii**$$$$ww....................
..........................^^aa$$$$((....................
..........................))$$$$$$11....................
..........................(($$$$$$11....................
..........................~~$$$$%%,,....................
..........................~~$$$$88......................
..........................~~$$$$$$[[....................
..........................~~$$$$$$UU--::................
................^^!!nnll``--$$$$$$BB@@bb__..............
..............``00$$$$$$dd##$$$$$$$$$$$$bb::............
..............jj$$$$$$$$$$$$$$$$$$$$$$$$$$JJ............
..............iiMM$$$$$$$$$$$$$$$$$$$$$$$$LL............
................tt@@88aahh$$$$$$$$$$$$$$ZZll............
..................~~ll''..++cc$$LL++//11;;..............
........................................................
........................................................
........................................................
........................................................

 
 
 
 
0.3 0.0 0.0 0.0 0.0 0.5 0.0 0.0 0.0 0.0
Guessed: 5, Correct: 0
........................................................
........................................................
........................................................
........................................................
........................................................
....................ll//ww88tt..........................
....................UU$$88YY&&jj........................
....................oo$$\\!!??$$((......................
....................ooBBLLdd..nn##,,....................
....................oo$$$$uu..``ZZrr....................
....................oo$$$$<<....]]oo;;..................
....................~~@@$$>>......OO))..................
......................88##........jj00..................
......................88##........""88""................
......................88##..........ZZ--................
......................%%##..........00((................
......................bb##..........00cc................
......................LL##..........YYcc................
......................LL##..........xxcc................
......................LL##..........00nn................
......................LL##..........aa--................
......................LL%%ll......rrqq``................
......................uu$$ZZ....}}88~~..................
......................::@@&&cczzBBtt....................
......................''::}}####nn''....................
........................................................
........................................................
........................................................

 
 
 
 
0.1 0.0 0.0 0.0 0.0 0.0 0.0 0.0 0.0 0.0
Guessed: 0, Correct: 2
........................................................
........................................................
........................................................
........................................................
........................llzzQQ$$&&QQxxii................
....................^^OO@@$$$$wwmmBB$$88rr,,............
..................^^zz$$kk>>,,''..,,--JJ$$QQ,,..........
..................??**tt``............``qq$$]]..........
..................``::..................!!%%XX..........
..........................................ppbb..........
..........................................ppoo..........
....................;;ffCC>>............::88ZZ..........
................::zz88@@$$$$ww>>''......II$$nn..........
..............::OO$$OO;;{{zz$$$$<<......XX$$]]..........
..............cc%%xx........__@@mm^^..^^**%%;;..........
............ff$$uu............))@@dd::__$$uu............
..........??$$kk''..............))BBZZooBB<<::..........
..........QQ%%]]..................YYBB$$**pp__..........
..........BBpp....................>>88@@bb11............
........++@@uu..................::oo$$[[................
..........88dd''..............iiMM$$ff^^................
..........xx$$vv,,^^....'',,ttMM%%ff^^..................
..........::zz$$$$**wwwwww$$$$qq!!......................
..............))ddZZ$$@@QQQQ++..........................
........................................................
........................................................
........................................................
........................................................

 
 
 
 
0.0 0.0 0.0 0.0 0.0 0.2 0.7 0.0 0.3 0.0
Guessed: 6, Correct: 5
........................................................
........................................................
........................................................
........................................................
....................xxOO^^[[UU$$&&......................
..................xx%%$$uu[[WW$$WW......................
..................oo$$$$aaLL%%$$$${{....................
................ii$$$$00aakk%%$$$$xx....................
..............llpp$$UU..{{LLLL::--ii....................
..............~~$$$$pp..................................
..............~~$$$$$$((~~UUff((ffooll..................
..............(($$$$$$$$$$$$$$$$WW$$WW..................
..............oo$$$$$$$$$$$$$$$$$$$$$$&&pp::............
..............aa$$$$$$aa$$$$$$$$uu$$$$$$$$//............
..............:://mm//xxkk//::....::zz$$$$//............
....................{{................aa$$kk::..........
..................UU$$OOll............::##$$]]..........
..................UU$$$$WW..............kk$$ff..........
..................{{##$$$$pp]]::......^^aa$$((..........
....................--$$$$$$$$##kkkkkkaa$$$$((..........
......................vv$$$$$$$$$$$$$$$$$$$$((..........
......................^^uu$$$$$$$$$$$$$$$$00^^..........
..........................xxkk&&$$$$$$##ii..............
..............................II((pppp::................
........................................................
........................................................
........................................................
........................................................

 
 
 
 
0.0 0.1 0.0 0.2 0.0 0.0 0.0 0.0 0.0 0.0
Guessed: 3, Correct: 1
........................................................
........................................................
........................OOhh::..........................
........................@@$$OO..........................
........................@@$$ww..........................
........................@@$$ww..........................
......................(($$$$WW<<........................
....................''cc$$$$$$]]........................
....................11$$$$$$$$]]........................
..................,,dd$$$$$$$$]]........................
................::ww$$$$$$$$$$]]........................
................QQ$$$$$$$$$$$$mm........................
................QQ$$$$WWuu@@$$%%((......................
................~~MMXX>>..uu@@$$WW""....................
............................hh$$$$qq``..................
............................zz$$$$$$qq``................
............................``vv$$$$$$ww""..............
....................~~111111--||$$$$$$$$!!..............
..................^^ZZ$$$$$$8888$$$$$$$$LL""............
..................ff$$$$$$$$$$$$$$$$$$$$$$++............
..................llBB$$$$$$$$$$$$$$$$$$@@~~............
....................]]rrrrrrrrrruuOOrrrr{{..............
........................................................
........................................................
........................................................
........................................................
........................................................
........................................................

 
 
 
 
0.5 0.0 0.0 0.0 0.0 0.0 0.0 0.0 0.3 0.0
Guessed: 0, Correct: 8
........................................................
........................................................
........................................................
........................................................
........................................................
............................''::........................
....................))||zzdddd**ddcc--..................
................::OO$$%%&&$$88OOWW$$bbiiff""............
............,,xxdd$$BBxxll??ii..??$$CCBB$$;;............
............ff$$@@rr,,............ddBB$$kk""............
............$$$$oo..........''[[JJ**$$WW::..............
............@@$$**((??iirrwwoo$$$$$$aa<<................
............YY$$$$$$$$**$$$$**$$MM$$##88QQJJ--!!........
............;;rr@@$$$$@@@@@@BBQQYYwwXXbb@@$$$$&&QQ......
................zz$$@@((~~;;,,........""__\\kk$$WWjj....
..............!!MM$$ww......................00$$$$))....
..............UU$$$$ii....................mm$$$$**::....
..............dd$$$$))................<<LLBB$$oouu......
..............dd$$$$rr............""<<%%$$88UU??........
..............nn$$$${{........,,CCaahhBBWW++............
..............||$$$$ZZ""^^::]]&&$$$$BBCC,,''............
..............ll**$$$$WWhh$$$$$$$$uu++..................
................vvBB$$$$@@OOcc!!!!''....................
..................llqqnn~~..............................
........................................................
........................................................
........................................................
........................................................

 
 
 
 
0.0 0.0 0.0 0.2 0.0 0.0 0.0 0.0 0.0 0.2
Guessed: 3, Correct: 9
........................................................
........................................................
........................................................
........................................................
........................................................
........................................................
......................((CC$$$$**II..''''................
..................''||oo$$$$BB$$oo]]ZZYY""..............
................''jj$$$$@@kk__aa$$uu$$$$;;..............
................>>$$$$aa{{....}}$$bb$$pp^^..............
..............,,oo$$@@]]......II##$$$$QQ''..............
............''rr$$@@rr........<<&&$$$$$$;;..............
............::$$$$oo........??pp$$$$$$$$;;..............
............>>$$$$uu....iiOO&&$$aaXXBB$$;;..............
............++$$$$kkmmmmdd$$$$OO""..oo$$;;..............
............::$$$$$$$$$$88qq\\""....oo$$++..............
............``vvMM%%wwCC<<..........oo$$YY..............
................!!<<................xx$$WW""............
....................................||$$$$,,............
....................................||$$$$xx............
....................................zz$$$$||............
..................................11WW$$aa^^............
........................}}II..llXX@@$$$$!!..............
......................//@@hhkk%%$$$$aa||''..............
......................OO$$$$$$$$$$jj^^..................
......................))qquuuull``''....................
........................................................
........................................................

 
 
 
 
0.1 0.0 0.4 0.0 0.0 0.0 0.0 0.0 0.0 0.0
Guessed: 2, Correct: 9
........................................................
........................................................
........................................................
........................................................
..................;;__}}pp____..........................
................::00$$$$$$$$$$((........................
................OO$$$$$$$$$$$$88||......................
............::OO@@$$$$$$$$$$$$BBjj......................
..........;;00$$$$$$$$$$$$$$$$xx..........^^\\>>........
..........__$$$$$$$$$$rr||||||............zz$$bb!!......
..........__$$$$@@&&ff``..................oo$$$$__......
..........__$$$$aa......................~~MM$$$$__......
..........QQ$$$$aa....................++hh$$$$$$__......
..........$$$$$$aa....................\\$$$$$$$$__......
..........aa$$$$oo................>>(($$$$$$$$$$__......
..........__$$$$WW[[..............OO$$$$$$$$$$$$__......
..........__$$$$$$##]]........>>OOWW$$$$$$$$$$JJ,,......
..........~~WW$$$$$$%%&&&&&&&&%%$$$$$$$$$$$$$$cc^^......
............[[##$$$$$$$$$$$$$$$$$$$$$$$$$$$$$$$$__......
..............OO$$$$$$$$$$$$$$$$$$$$$$pppp$$$$$$__......
..............II**&&BB$$$$$$$$$$%%||ii;;XX@@$$$$__......
....................ffOOddhhOOOO||........oo$$$$__......
........................!!++..............oo$$$$__......
..........................................oo$$$$__......
........................................................
........................................................
........................................................
........................................................

 
 
 
 
0.0 0.0 0.1 0.0 0.0 0.0 0.0 0.2 1.0 0.0
Guessed: 8, Correct: 2
........................................................
........................................................
........................................................
........................................................
........................................................
........................................................
..................uuuuuuuuuu??$$qqqquu??................
..............??qq$$$$$$$$$$$$$$$$$$$$$$$$??............
............??$$$$$$$$$$$$$$$$$$uuuuuu$$$$qq??..........
............uu$$$$qquu??................??$$qq..........
............uuqq..........................$$$$..........
........................................uu$$$$..........
......................................qq$$$$??..........
....................................qq$$$$uu............
................................??qq$$$$??..............
............................uu$$$$$$$$uu................
..........................qq$$$$$$$$??..................
........................$$$$$$$$qq......................
....................??qq$$$$$$uu........................
....................uu$$$$qq??..........................
....................$$$$$$??............................
..................uu$$$$??..............................
..................uu$$$$uu??uu..........................
..................??$$$$$$$$$$$$????uu..................
....................qq$$$$$$$$$$$$$$qquu................
......................??qquuuu??..uu....................
........................................................
........................................................

 
 
 
 
0.0 0.0 0.0 0.0 0.0 0.0 0.0 0.0 0.0 0.2
Guessed: 9, Correct: 5
........................................................
........................................................
........................................................
........................................................
........................................................
........................``OOzz..........................
......................,,mm$$LL..........................
................''``++pp$$@@[[..........................
..............jj&&$$$$$$$$nn............................
..............JJ$$$$$$**{{''............................
..............--$$$$uu^^................................
................zz$$||..........;;!!!!__,,..............
................ll$$CC....::||bb88$$$$$$**}}............
................^^MMxx,,00BB$$$$$$$$BB$$$$WWII..........
................``ooqq**$$$$pp\\--~~^^--xx$$jj..........
................~~$$$$BB00??^^..........<<$$JJ..........
................mm$$$$||................<<$$JJ..........
..............''MM$$||..................__$$JJ..........
................vv11''................``mmaa::..........
......................................<<$$UU............
......................................qq&&ll............
....................................YY$$zz..............
................................""00$$bb''..............
..............................IIqq$$qq::................
............................<<WW$$CC""..................
........................................................
........................................................
........................................................

 
 
 
 
0.0 0.9 0.0 0.0 0.0 0.0 0.0 0.0 0.0 0.6
Guessed: 1, Correct: 9
........................................................
........................................................
........................................................
........................................................
........................................................
........................xxZZ;;..........................
......................[[@@$$WWii........................
......................OO$$##$$kk........................
....................::BBLL""$$&&""......................
....................__$$ii..$$$$}}......................
....................zz$$II||$$$$}}......................
....................oo$$##$$$$$$}}......................
....................ffOOOO\\ww$$tt......................
............................JJ$$cc......................
............................JJ$$OO......................
............................JJ$$OO......................
............................JJ$$OO......................
............................JJ$$OO......................
............................JJ$$OO......................
............................JJ$$OO......................
............................JJ$$pp``....................
............................rr$$$$ff....................
............................JJ$$$$aa....................
............................||BB$$dd....................
..............................oo##!!....................
........................................................
........................................................
........................................................

 
 
 
 
0.0 0.0 0.0 0.0 0.3 0.0 0.0 0.0 0.0 0.1
Guessed: 4, Correct: 9
........................................................
........................................................
........................................................
........................................................
........................................................
..........................dd$$jj........................
........................dd$$$$$$II......................
......................zz$$MMII$$00......................
......................MM$$....dd$$II....................
......................$$zz....00$$jj....................
....................jj$$II....$$$$00....................
....................00$$....jj$$$$dd....................
....................dd$$....dd$$$$$$....................
....................zz$$__..$$$$00$$....................
....................II$$MM11$$zz$$zz....................
......................00$$$$$$00$$zz1100................
........................jj$$$$$$$$$$ddII................
..........................$$$$$$00II....................
........................II$$$$$$........................
........................zz$$$$dd........................
........................dd$$$$__........................
......................II$$$$00..........................
......................zz$$$$............................
......................zz$$00............................
......................11$$__............................
........................................................
........................................................
........................................................

 
 
 
 
0.0 0.8 0.5 0.0 0.0 0.0 0.0 0.0 0.0 0.0
Guessed: 1, Correct: 2
........................................................
........................................................
........................................................
........................................................
..........................IIkk$$$$;;....................
......................""\\%%$$$$$$xx....................
......................))$$$$QQ$$$$LL....................
....................]]@@BB))''ZZ$$**....................
....................xx$$OO..llpp$$xx....................
..................lloo$$bb))WW$$$$xx....................
..................<<88$$$$$$$$$$$$jj....................
....................<<QQhhjjww$$$$^^....................
............................##$$ZZ''....................
............................$$$$__......................
..........................""$$oo::......................
..........................zz$$ff........................
........................ll&&$$}}........................
......................""zz$$##''........................
....................//**$$$$%%QQ[[''....................
................::nn@@$$$$$$$$$$$$qqll..................
..............^^dd$$$$$$hhMM@@$$$$$$88tt''..............
..............>>$$$$$$##;;..++uu##$$$$$$tt..............
..............QQ$$$$oo||........;;00pp$$hh..............
..............XX$$uu,,..............``ll,,..............
........................................................
........................................................
........................................................
........................................................

 
 
 
 
0.0 0.0 0.0 0.0 0.1 0.0 0.0 0.0 0.0 0.0
Guessed: 4, Correct: 2
........................................................
........................................................
........................................................
........................................................
..........................^^cc**kk__....................
..........................nn$$oo@@bb....................
........................))BBzz..UU@@!!..................
......................;;@@ZZ::..//$$11..................
....................``ww%%II....ii$$11..................
....................;;$${{......>>$$11..................
....................jj$$^^......vv@@++..................
............{{jj::IIWWYY''......vvBB....................
............rrBBbb}}BBii........aadd....................
..............uu$$$$&&........;;&&YY....................
..............^^&&$$aa........(($$YY....................
................xx$$zz........CC$$//....................
................}}$$zz........LL88!!....................
................}}$$zz....^^}}$$$$YY++..................
................--@@nn..^^hh$$$$$$$$@@**>>..............
..................>>^^..tt%%##$$//11QQBBMMii............
........................BBhh&&OO^^....}}$$dd''..........
........................BB$$$$||......''--$$vv^^........
........................&&$$hh""........''vv$$!!........
........................||WW??..............--^^........
........................................................
........................................................
........................................................
........................................................

 
 
 
 
0.0 0.0 0.0 1.0 0.0 0.7 0.0 0.0 0.0 0.0
Guessed: 3, Correct: 5
........................................................
........................................................
........................................................
........................................................
....................ZZ$$$$$$$$tt{{......................
..................--88$$$$$$$$$$%%hhhh;;................
................^^11$$$$$$$$$$$$$$$$$$>>``..............
................rr$$$$$$$$$$$$$$$$$$$$$$XX..............
................rr$$$$aa@@hh$$##88BBaa$$##..............
................rr$$$$vv]]II[[>>--]]!!WW##..............
................rr$$$$$$zzvv++........XXzz..............
................}}%%$$$$$$$$BBZZ]]....````..............
..................||88$$$$$$$$$$88ww;;..................
....................(($$$$$$$$$$$$$$kk,,................
..........................IIhh$$$$$$$$hhll..............
............................;;ppkk$$$$$$ff..............
................................::pp$$$$##``............
..................................||$$$$$$rr............
..............``}}}}}}}}``__ll>>..__$$$$$$&&""..........
............>>mm$$$$$$$$mm&&hh##ZZMM$$$$$$$$ll..........
............IInn$$$$$$$$$$$$$$$$$$$$$$$$$$$$LL..........
..............''nn$$$$$$$$$$$$$$$$$$$$$$$$kk,,..........
................II__LLhh@@$$$$$$$$$$$$aaqqII............
........................\\oo$$////////""................
........................................................
........................................................
........................................................
........................................................

 
 
 
 
0.0 0.0 0.0 0.0 0.0 0.0 0.0 0.0 0.0 0.0
Guessed: 1, Correct: 7
........................................................
........................................................
........................................................
........................................................
........................................................
..........................]]CC**$$$$MMCC++..............
..........................YYooWWooWW$$$$OO..............
..............................::..zz$$$$\\..............
................................""oo$$kk................
................................ZZ$$$$qq................
..............................{{88$$pp::................
............................vv$$$$@@11..................
..........................``kk$$$$vv....................
................11xxjj||xxhh$$$$88uu||<<jjIIII``........
................00$$$$$$$$$$$$$$$$$$$$$$$$$$$$!!........
................IIff**$$$$$$00uuZZqqCC}}^^II............
....................jj$$$$##ll..........................
..................ii##$$$$__............................
................;;hh$$$$qq""............................
..............;;hh$$@@zz^^..............................
..............//$$$$MM..................................
..............//$$$$}}..................................
............>>MM$$hh''..................................
............vv$$$$jj....................................
............11&&dd``....................................
........................................................
........................................................
........................................................

 
 
 
 
0.8 0.0 0.0 0.0 0.0 0.0 0.0 0.0 0.0 0.0
Guessed: 0, Correct: 9
........................................................
........................................................
........................................................
........................................................
........................................................
..............................``iiiiUU$$hh''............
............................XXqq$$$$$$$$$$11............
......................``jj##BB$$$$$$$$$$$$ff............
....................<<WW$$$$mm//JJ$$$$$$pp''............
..................}}WW$$kk??""\\WW##@@$$rr..............
................>>88BBxx""..<<&&XXff$$pp``..............
..............IIWWMM!!..``rr&&XX..{{BBqq................
............''CC$$~~....cc$$XX``....BBqq................
............tt$$ww::iiCCBB__``....``BB((................
............mm$$$$$$$$aa||........\\$${{................
............cc$$$$$$OO""..........mmBB~~................
............++nnnnII``..........__@@00..................
..............................``tt$$<<..................
..............................??$$$$^^..................
............................^^qq$$YY''..................
..................JJOO((``>>mm$$aa,,....................
................ff@@$$$$oo88$$BB]]......................
................QQ@@$$$$$$$$$$??........................
..................dd$$$$$$88XX``........................
..................[[$$$$bb]]............................
........................................................
........................................................
........................................................

 
 
 
 
0.0 0.9 0.0 0.0 0.0 0.0 0.0 0.0 0.1 0.0
Guessed: 1, Correct: 6
........................................................
........................................................
........................................................
........................................................
........................ll$$$$$$//......................
........................II$$$$$$//......................
........................II$$$$$$//......................
........................II$$$$$$//......................
........................LL$$$$$$//......................
........................ZZ$$$$**ll......................
......................ii**$$$$hh........................
......................}}$$$$$$??........................
......................qq$$$$88~~........................
......................##$$$$LL..........................
......................MM$$$$LL..........................
......................##$$$$LL..........................
......................##$$$$QQ``........................
......................##$$$$$$__........................
......................mm$$$$$$qq........................
......................::mm$$$$88[[....''IIrr^^..........
........................""qq$$$$mmvv++zz$$aa!!..........
..........................^^ww$$$$$$BB$$$$nn............
............................::11hh$$$$$$CC``............
..................................//zzJJ++..............
........................................................
........................................................
........................................................
........................................................

 
 
 
 
0.0 0.0 0.0 0.0 0.6 0.0 0.0 0.0 0.0 0.0
Guessed: 4, Correct: 9
........................................................
........................................................
........................................................
........................................................
........................................................
........................................................
........................uu$$$$CC........................
......................vvww$$OO00((??[[..................
....................^^BB$$kk;;``pp$$BB//................
....................\\$$$$||..,,##$$$$OO................
....................ww$$88,,..]]$$$$$$((................
....................ww$$||....xx$$$$pp''................
....................JJ$$JJ....mm$$$$OO..................
....................JJ$$$$,,..hh$$$$OO..................
....................vv$$$$]]>>@@$$$$((..................
....................""dd$$ppjj$$$$&&^^..................
......................""QQ$$$$$$$$CC....................
........................,,ff%%$$BB((....................
..........................::&&$$&&......................
..........................))$$$$&&......................
..........................00$$$$mm......................
..........................88$$$$XX......................
..........................88$$$$vv......................
........................llBB$$@@~~......................
........................[[$$$$ww........................
........................<<@@$$vv........................
........................................................
........................................................

 
 
 
 
0.1 0.0 0.0 0.8 0.0 0.5 0.0 0.0 0.0 0.0
Guessed: 3, Correct: 5
........................................................
........................................................
........................................................
........................................................
........................................................
....................>>mmBBxxuu//YYzzll..................
....................mm$$$$$$$$$$$$$$88ll................
..................++$$$$$$$$$$$$BB&&88ii................
..................OO$$WWqqoo%%hhXXiiII..................
..................aa$$kkjjMMBB$$$$##!!..................
..................aa$$$$$$$$$$$$$$$$$$__................
................<<%%$$$$$$$$$$$$$$$$$$MM!!..............
................CC$$@@WWZZnnnnnnkk@@$$$$tt..............
................11XX]]............vv$$$$OO..............
..................................::$$$$BB++............
....................................UU$$$$QQ............
....................................??$$$$QQ............
................``""................[[$$$$]]............
..............""qqooII............ii##$$bb::............
..............::$$$$aa]]......--zzWW$$$$tt..............
..............::$$$$$$**__//&&$$$$$$$$&&>>..............
..............``JJ$$$$$$$$$$$$$$$$$$WW++................
................__@@$$$$$$$$$$$$BBvv~~..................
..................aa$$$$$$$$$$bb++......................
..................!!YYMMBBYY//,,........................
........................................................
........................................................
........................................................

 
 
 
 
0.0 0.0 0.0 0.0 0.0 0.0 0.0 0.3 0.0 0.0
Guessed: 7, Correct: 4
........................................................
........................................................
........................................................
........................................................
........................................................
........................................................
....................++....wwcc..........................
..................!!@@//..oo@@??........................
..................JJ$$%%""ooBB!!........................
................""**$$mm^^ZZ%%]]........................
..................bb$$;;..--$$LL........................
................;;&&LL....II88LL........................
................))$$}}......bbLL........................
................jj$$[[......JJ88......''!!uutt``........
................::WWff......ff$$``IIxxkk$$$$$$!!........
..................bbMM((((__CC$$hh##$$$$$$$$&&;;........
..................11$$$$$$$$$$$$$$$$$$##YY((``..........
..................''QQ$$$$$$$$$$$$bbtt^^................
....................""||CCCCvv%%qq''....................
..............................mmww''....................
..............................mm$$,,....................
..............................mm$$,,....................
..............................mm$$,,....................
..............................mm$$,,....................
..............................mmdd``....................
..............................rrmm......................
........................................................
........................................................

 
 
 
 
0.6 0.0 0.0 0.0 0.0 0.0 0.0 0.0 0.0 0.0
Guessed: 0, Correct: 8
........................................................
........................................................
........................................................
........................................................
....................;;xxBB$$hh{{........................
..................!!mm$$$$$$$$%%11......................
..............''((##$$$$$$$$$$$$QQ......................
..............rr$$$$ooff1111##$$##""....................
............]]@@$$hh,,......aa$$$$rrtt--................
..........^^JJ$$$$YY......^^**$$$$$$$$$$OO^^............
..........}}$$mm$$mm....^^00$$$$$$$$$$$$$$00``..........
..........~~OO;;$$$$00LL&&$$$$$$bbII((##$$$$00..........
..........llnn::$$$$$$$$$$$$$$bb::....!!MM$$WW..........
..............``cc$$$$$$$$MMYY,,........//$$@@jj........
..................aa$$$$UU..............>>$$$$qq........
..................aa$$qq``..............}}$$$$hh""......
..................aa$$QQ................YY$$$$**::......
..................aa$$QQ................OO$$$$qq........
..................aa$$QQ..............))$$$$$$\\........
..................tt$$$$++........``]]&&$$$$WW..........
..................]]$$$$BBrr1111xxpp$$$$$$$$rr..........
....................qq$$$$$$$$$$$$$$$$$$%%rr''..........
....................""ww$$$$$$$$$$$$$$JJ!!..............
......................""||oohh$$oocc>>``................
........................................................
........................................................
........................................................
........................................................

 
 
 
 
0.1 0.0 0.2 0.2 0.0 0.0 0.0 0.0 0.0 0.0
Guessed: 2, Correct: 3
........................................................
........................................................
........................................................
........................................................
................--uuxx&&YYYY))>>>>""....................
................II**$$$$$$$$$$$$$$aa//..................
..................""::::(({{XXWW88BB$$ooll..............
................................!!00$$$$vv..............
..............................!!kk88$$$$nn..............
..........................nnQQ$$$$$$$$aaII..............
..........................aa$$$$$$ddnnII................
..........................ttWWBB$$((....................
..............................\\BBWWII..................
................................qq$$uu..................
..................;;YYjj00......ff$$QQ..................
..................JJ$$OO++......\\$$$$..................
................\\$$$$::........nn$$$$..................
................tt$$00``........dd$$$$..................
..............++ww$$--......,,IIWW$$LL..................
..............ff$$BB++....!!$$OOBB%%{{..................
..............>>88##::^^JJ%%$$$$$$ff....................
................jj$$88&&$$$$$$$$cc>>....................
................{{$$$$$$$$$$qqff``......................
..................__MMhhmm//............................
........................................................
........................................................
........................................................
........................................................

 
 
 
 
0.0 0.0 0.9 0.1 0.0 0.0 0.0 0.0 0.0 0.0
Guessed: 2, Correct: 3
........................................................
........................................................
........................................................
........................................................
........``""""``........................................
........bb$$$$mm__,,....................................
........$$$$$$$$$$##__!!``..............................
........YY$$BBkk88$$$$$$OOff............................
........``11tt..{{88$$$$$$$$OO--;;......................
..................<<__LLaa$$$$$$dd__....................
........................::<<ffoo$$%%__..................
..............................lloo$$[[..................
..............................}}%%$$[[..................
............................""BB$$WWii..................
........................``]]$$$$$$WWvvvvWW$$XX,,........
....................^^;;mm$$$$$$$$$$$$$$$$$$$$$$........
..................--qq$$$$$$&&XXUU||nnmm||aa$$$$........
............ll;;vv&&$$$$$$kkii............ZZ$$$$........
........''uu##**$$$$$$bb11``............::##$$QQ........
........^^**$$$$$$WW{{^^..............!!bb$$$$ii........
..........||QQXX<<!!................::rr%%$$nn''........
..................................??qq$$$$00``..........
................................,,ccXXXXXXll............
........................................................
........................................................
........................................................
........................................................
........................................................

 
 
 
 
0.0 0.0 0.0 0.0 0.0 0.0 0.0 1.0 0.0 0.0
Guessed: 7, Correct: 9
........................................................
........................................................
........................................................
........................................................
........................................................
........................................................
........................IIuuhh$$$$$$11..................
....................IIccWW$$$$$$bb--^^..................
..................}}aa$$$$$$BB$$vv......................
................\\**$$$$$$$$~~zzBB\\^^..................
..............\\BB$$ooBB$$hh..~~BB$$11..................
............ii$$$$QQ}}BB%%!!....??$$$${{................
............LL$$$$IIxxBB{{......""##$$%%<<..............
..........>>%%$$ffXXBBWW..........iiWW$$jj..............
..........11$$$$oo$$$$vv............zz$$qq``............
..........~~BB$$$$$$cc``............,,$$$$ff............
............^^OOnn>>..................YY$$WW............
......................................YY$$WW............
......................................YY$$WW............
......................................YY$$WW............
......................................YY$$WW............
....................................{{$$$$ff............
..................................__##$$qq``............
............................uu11vvBB$$##11..............
..........................>>$$$$$$$$bb{{................
............................//mmJJxx``..................
........................................................
........................................................

 
 
 
 
0.0 0.0 0.0 0.0 0.0 0.0 0.0 0.0 0.3 0.0
Guessed: 8, Correct: 6
........................................................
........................................................
........................................................
........................................................
........................................................
......................II11zzzz11II......................
......................dd@@$$@@$$dd......................
....................__$$$$$$$$dd$$ddII..................
....................QQ$$@@$$ccIIdd$$11..................
....................00$$$$$$11....__++..................
....................QQ$$@@$$11..........................
....................00$$$$$$11..........................
....................QQ$$@@$$11..........................
....................00$$$$00001111......................
....................QQ$$@@QQ++$$@@00++..................
....................00$$$$00..dd$$$$11..................
....................++$$@@QQ..11@@$$11..................
......................$$$$ddII..00$$zz..................
......................zz@@$$11..QQ$$@@..................
......................11$$$$zz..00$$$$..................
......................IIdd$$@@00##$$@@..................
........................jjdd$$$$$$$$$$..................
..........................IIdd$$@@$$@@..................
............................jjdd$$$$dd..................
..............................II11zz11..................
........................................................
........................................................
........................................................

 
 
 
 
0.0 0.4 0.0 0.0 0.0 0.0 0.0 0.0 0.0 0.2
Guessed: 1, Correct: 9
........................................................
........................................................
........................................................
........................................................
........................................................
................................qquu??..................
............................uuqq$$$$uu..................
..........................uu$$$$$$qq??..................
........................uu$$$$qq??......................
........................$$$$qq..........................
......................??$$$$............................
......................$$$$$$..qqqq......................
......................$$$$$$??$$$$......................
......................uu$$$$$$$$$$......................
........................qq$$$$$$uu......................
..........................qq$$$$........................
..........................uu$$$$........................
..........................qq$$uu........................
..........................$$$$uu........................
..........................$$$$uu........................
..........................$$$$uu........................
........................??$$$$uu........................
........................??$$$$uu........................
..........................$$$$uu........................
..........................??qq??........................
........................................................
........................................................
........................................................

 
 
 
 
0.0 0.0 0.4 0.5 0.0 0.1 0.0 0.0 0.0 0.0
Guessed: 3, Correct: 1
........................................................
........................................................
........................................................
........................................................
..........................}}OOhh........................
......................~~LL**$$$$........................
..................ll00BB$$$$$$$$^^......................
..............<<[[qq$$$$$$$$$$$$tt......................
............QQ%%$$$$$$&&YY]]$$$$tt......................
............$$$$$$$$uu....::$$$$tt......................
............OO##CC--^^....::$$$$tt......................
............""""..........^^hh$$tt......................
............................\\$$tt......................
............................??$$tt......................
............................??$$aa......................
............................??$$aa........~~xx||II......
............................__@@@@[[}}ddWWBB$$$$88<<....
..............................aa$$$$$$$$$$$$$$$$$$YY....
..........................^^vvBB$$$$$$$$hhYYffYY$$//....
....................!!//mm$$$$$$$$$$%%{{................
................}}ff%%$$$$$$$$$$**$$WW..................
............::kk@@$$$$$$BB00::::zz$$ZZ..................
............>>$$$$$$MMuu++......""11>>..................
............;;MMBBYY>>..................................
........................................................
........................................................
........................................................
........................................................

 
 
 
 
0.0 0.0 0.0 0.1 0.0 0.1 0.0 0.0 0.0 0.9
Guessed: 9, Correct: 5
........................................................
........................................................
........................................................
........................................................
........................................................
........................................................
..............................``rrqq--..................
............................``YY$$MMii..................
........................//ddkk$$##>>....................
......................~~BB$$$$$$kk""....................
......................]]$$$$@@BB$$$$pp??::..............
....................>>##$$$$}}{{oo$$$$$$##rr;;..........
....................WW$$##rr....::ttQQ##$$$$##??........
..................~~$$$$kkjj..........::IIIIII^^........
..................oo$$$$$$$$%%??``......................
..................iiddXXdd**$$$$uu......................
..........................;;ZZ$$dd^^....................
............................II$$$$II....................
............................ii$$BB;;....................
............................QQ$$QQ......................
..........................ii$$&&--......................
........................))##$$||........................
....................``uu$$$$UU..........................
....................uu$$&&XX............................
..................nn$$&&--..............................
................}}@@%%__................................
........................................................
........................................................

 
 
 
 
0.0 0.0 0.3 0.0 0.0 0.0 0.3 0.0 0.0 0.0
Guessed: 6, Correct: 2
........................................................
........................................................
........................................................
..........................II\\ooxx......................
................~~vv__\\vv**$$$$##......................
................WWBB@@$$$$oo$$$$ww......................
................++^^!!1111uu$$88__......................
........................^^OO$$uu........................
........................uu$$ww''........................
......................11@@BB}}..........................
....................``**$$xx............................
....................00$$ww;;............................
..................""**$$}}..............................
..................JJ$$mm``..............................
..................MM$$11................................
..................MM@@~~................................
..................LL@@rr................................
..................jj$$ZZ............................ii""
..................!!@@ww''......................""uuBB\\
....................dd$$11..................??ZZWW$$00::
....................11$$oo__,,......""__||oo@@@@dd11''..
....................''cc$$$$MMooooooMM$$$$&&hh~~........
......................::vv$$$$$$$$$$$$0011::............
........................................................
........................................................
........................................................
........................................................
........................................................

 
 
 
 
0.9 0.0 0.0 0.0 0.0 0.0 0.4 0.0 0.0 0.0
Guessed: 0, Correct: 6
........................................................
........................................................
..........................<<&&[[........................
........................>>YY$$MM((......................
........................XX$$$$BB((......................
....................''::kk$$$$&&--......................
....................[[$$$$$$$$oo........................
..................||MM$$$$$$$$MM[[......................
................''??WW$$$$$$$$$$$$rr``..................
................''$$$$$$$$$$$$$$$$$$CCii................
..............{{qq$$$$$$$$$$$$$$$$$$$$$$tt..............
..............mm$$$$$$$$hhmm||qq$$$$$$$$WW..............
............^^qq$$$$$$$$tt....^^OOWW$$$$$$rr``..........
............[[$$$$$$$$$$tt......--<<YY$$$$$$rr..........
............**$$$$$$mm..............**$$$$$$aall........
............oo$$$$$$ZZ..............[[WW$$$$hhll........
............oo$$$$$$WWCC,,............\\$$$$$$]]........
............vv$$$$$$$$$$qqXX////XXXX--**$$$$$$]]........
............JJ$$$$$$$$$$$$$$$$$$$$$$00$$$$$$$$[[........
............~~WW$$$$$$$$$$$$$$$$$$$$$$$$$$##ZZ~~........
..............[[oo$$$$$$$$$$$$$$$$$$$$kk]]ii............
................''00$$$$$$$$$$WWqqqqttll................
........................................................
........................................................
........................................................
........................................................
........................................................
........................................................

 
 
 
 
0.0 0.9 0.0 0.0 0.0 0.0 0.0 0.0 0.1 0.0
Guessed: 1, Correct: 9
........................................................
........................................................
........................................................
........................................................
........................................................
....................__ddddjj............................
....................dd$$$$$$jj..........................
..................11$$jj00$$dd..........................
..................MM$$..II$$$$II........................
..................MM$$....MM$$..........................
..................dd$$IIjj$$$$jj........................
..................jj$$$$$$$$$$dd........................
....................zz$$00jj$$$$........................
............................$$$$........................
............................$$$$11......................
............................$$$$11......................
............................00$$00......................
............................jj$$$$......................
............................11$$$$......................
............................II$$$$11....................
..............................$$$$ddII..................
..............................MM$$$$zz..................
..............................zz$$$$00..................
..............................11$$$$00..................
................................$$dd....................
........................................................
........................................................
........................................................

 
 
 
 
0.0 0.0 0.0 0.0 1.0 0.0 0.1 0.0 0.0 0.0
Guessed: 4, Correct: 6
........................................................
........................................................
........................................................
........................................................
........................................................
........................................................
........................................................
........................................................
................??qq$$??................................
..............??$$$$$$??................................
............uu$$$$$$qq..................................
..........uu$$$$$$uu..................??uuuuuu??........
..........$$$$$$??................??$$$$$$$$$$$$qq......
..........$$$$$$................$$$$$$$$$$$$$$$$$$......
..........qq$$$$qq............uu$$$$$$$$$$$$$$$$$$......
..........??$$$$$$$$uuuuuuuuuuqq$$$$$$$$$$$$$$qq........
............??qq$$$$$$$$$$$$$$$$$$$$$$$$$$uu............
................??uuuuqq$$$$$$$$uuuuuu..................
........................................................
........................................................
........................................................
........................................................
........................................................
........................................................
........................................................
........................................................
........................................................
........................................................

 
 
 
 
0.0 0.0 0.0 0.0 0.1 0.0 0.0 0.0 0.0 0.4
Guessed: 9, Correct: 4
........................................................
........................................................
........................................................
........................................................
........................................................
........................................................
..................................!!MMuu................
................................::vv$$mm................
..........................''JJddMM$$$$//................
..........................uu$$$$$$$$$$//................
......................!!QQ@@$$$$JJzz$$~~................
..................``}}%%@@88$$YY``qqmm''................
..................JJ$$$$((iiYY;;,,##QQ..................
..............llmm$$mm^^..,,;;..<<$$QQ..................
............]]oo$$mm``..........<<$$QQ..................
..........--ooaauu''............rr$$QQ..................
........((##$$aaCCCC00$$$$$$ooCCaa$$00..................
........dd$$$$&&ooookkxxxxvvoooo@@$$11..................
........{{YY\\ll................CC$$}}..................
................................zz$$}}..................
................................zz$$}}..................
................................zzBB<<..................
................................zzBB~~..................
................................xx$$((..................
................................>>BBhh``................
..................................//$$>>................
........................................................
........................................................

 
 
 
 
0.7 0.0 0.0 0.3 0.0 0.0 0.0 0.0 0.0 0.0
Guessed: 0, Correct: 5
........................................................
........................................................
........................................................
........................................................
................iipp!!..................................
................,,**##~~11II............................
..................jj$$BB$$zz""ll00rr....................
..................OO$$$$$$$$oo**$$CC....................
..............^^!!aa$$hh$$$$$$$$$$oo....................
..............::$$$$88\\&&$$$$$$$$&&""..................
..............::$$$$$$QQqq$$$$$$$$$$ww""................
..............::$$$$$$OO&&BBXX&&$$$$$$qq^^..............
..............``dd$$$$$$**\\..""rr**$$$$vv..............
................nn$$$$mm::........IIYY&&BB++............
..................))>>................pp$$QQ............
................11qq{{................II$$WW,,..........
................00$$CC..................$$BB::..........
................zz$$88]]..............]]$$QQ............
................??$$$$88CC!!..........tt$$QQ............
..................pp$$$$$$$$hhYY++<<YY&&BB++............
..................tt$$$$$$$$$$$$WWBB$$ooQQ..............
..................^^XXBB$$$$$$$$$$$$$$BBaa..............
......................\\BB$$$$$$$$$$$$$$ww..............
........................ii>>OO$$$$$$MM__,,..............
........................................................
........................................................
........................................................
........................................................

 
 
 
 
0.0 0.0 0.0 0.0 0.0 1.0 0.0 0.0 0.6 0.0
Guessed: 5, Correct: 8
........................................................
........................................................
........................................................
........................................................
........................................................
........................................................
........................................................
......................................??((//{{``........
..........................''~~ffII....jjBB$$$$ppkk}}....
......................``1100$$$$}}......!!vvOOhh%%$$....
......................LL$$$$88jj^^..........ii||qqhh....
....................cc$$kk||ii..........,,QQddbbQQii....
....................##BB]]..........``uuoo((""..........
....................####..........<<pp||::..............
....................UU##......IIzzYY<<..................
....................^^&&""II}}CC~~``....................
......................$$&&mm__..........................
....................,,$$$$~~............................
..................<<ppMM$$!!............................
..............^^rr88<<oo$$[[............................
............^^mmkk))``$$vv^^............................
............vvaaII....$$YY..............................
............%%pp....__$$OO..............................
............ZZ@@]]''bbWW::..............................
............;;__++^^__!!................................
........................................................
........................................................
........................................................

 
 
 
 
0.0 0.0 0.0 0.4 0.0 0.0 0.0 0.0 0.0 0.0
Guessed: 3, Correct: 9
........................................................
........................................................
........................................................
........................................................
..................``00$$$$$$00ii........................
................>>qq$$&&\\OO%%##>>......................
................UU$$WW<<....\\$$##,,....................
................//$$YY......""hh$$ff....................
................[[$$YY........pp$$mm''..................
................[[$$YY........pp$$$$``..................
................]]$$YY``````rr@@$$$$rr..................
..................dd$$@@kk$$@@ppLL$$vv..................
..................llXXaaaacc[[..!!88%%..................
..................................kk%%..................
..................................jj@@{{................
..................................jj$$kk................
..................................^^@@88ii..............
....................................vv$$))..............
....................................rr$$//..............
..................ii``..............""$$kk..............
................::**II..............""$$**,,............
................<<88JJ11!!..........""$$$$]]............
..................CC$$$$&&************$$&&>>............
..................``??cc$$$$$$$$$$$$$$88++..............
........................................................
........................................................
........................................................
........................................................

 
 
 
 
0.3 0.0 0.0 0.0 0.0 0.0 0.0 0.0 0.1 0.0
Guessed: 0, Correct: 8
........................................................
........................................................
........................................................
........................................................
..............................::::..{{##$$$$[[..........
............................::dd**ddMM$$$$$$BB!!........
............................UU$$$$$$@@wwxx%%$$CC``......
..........................jjMM$$$$##tt..~~WW$$aa""......
........................__@@$$$$88tt....**$$@@cc........
......................11pp$$$$##!!..::OOBB$$00..........
....................!!##$$$$$$CC,,uuoo##$$@@))..........
....................[[$$$$$$$$$$$$$$$$$$##\\............
..................``CC$$$$$$$$$$$$$$$$@@>>..............
................ii88$$$$$$$$$$$$$$$$WW""................
..............II88$$$$$$$$$$$$$$$$$$$$JJ................
............,,bb$$$$$$&&0000YY]]YY$$$$OO................
............uu$$$$$$pp))........XX$$$$||................
............dd$$$$88!!........ffkk$$@@--................
............dd$$$$pp......''\\88$$$$##..................
..........;;##$$$$vv..::((aa$$$$$$$$xx..................
..........!!88$$$$BB00BB$$$$$$$$$$QQ``..................
............ff$$$$$$$$$$$$$$$$BBQQ^^....................
............!!bb$$$$$$$$$$$$**ii........................
..............``{{ttppYYYY--,,..........................
........................................................
........................................................
........................................................
........................................................

 
 
 
 
0.0 0.0 0.5 0.0 0.0 0.0 0.0 0.1 0.0 0.0
Guessed: 2, Correct: 7
........................................................
........................................................
........................................................
........................................................
........................................................
........................................................
........................................................
..................ll--ttuuuuuu;;........................
................,,&&$$$$ZZXX$$??........................
................++$$||[[``))aa``........................
................^^((......ffpp..........................
..........................ffpp..........................
..........................QQpp..........................
..........................wwpp..........................
..........................ccpp............``''""``......
................llII..::ff**88qqqqqqqqCCwwhhbbBBWWqqJJ..
..............ppBB%%UU00xx&&mmiiiiiiii^^lliiiiII11}}__..
..............__^^^^....^^$$((..........................
........................^^$$>>..........................
........................~~&&,,..........................
........................11##``..........................
........................>>##((..........................
..........................wwWW^^........................
..........................JJ$$""........................
..........................!!ff''........................
........................................................
........................................................
........................................................

 
 
 
 
0.0 0.0 0.1 0.2 0.0 0.0 0.0 0.0 0.0 0.0
Guessed: 3, Correct: 7
........................................................
........................................................
........................................................
........................................................
........................................................
........................................................
..................II\\CCCCCCCC%%**$$bbCCCCCCkkww........
................;;ww$$$$$$88oooooooooooo%%$$$$##........
................IIYYYY__++!!..........""hh$$88ii........
....................................__88$$ww>>..........
..................................__88$$qq^^............
................................nn88@@YY""..............
..............................nn&&$$OO..................
............................zz$$@@tt``..................
................,,II^^..``vv$$@@XX......................
................aa$$hh\\mm$$$$mm........................
................rr$$$$$$$$$$$$JJii......................
................``lldd$$$$$$$$$$%%vvll..................
................''\\$$@@LLYYYYbb$$$$%%qqii''............
................}}$$$$tt......""))ZZ**$$$$00{{..........
..............>>88$$qq``............IIXXffbbCC;;........
............""qq$$WW""..................................
............vv$$88__....................................
..........jj@@hh""......................................
........}}88bb;;........................................
........WWkk__..........................................
........................................................
........................................................

 
 
 
 
0.0 0.0 0.0 0.0 0.0 0.7 0.0 0.0 1.0 0.0
Guessed: 8, Correct: 5
........................................................
........................................................
........................................................
........................................................
........................................................
........................................................
......................II))XXZZ$$%%XXXXXX[[!!ll..........
....................""aa$$$$$$$$$$$$$$$$$$$$@@XX........
....................YY$$$$$$$$QQJJJJJJLL$$$$LL{{........
....................QQ$$BB$$$$>>......''^^^^''..........
....................QQ$$vvqq$$XX........................
....................{{$$uutt$$XX........................
....................``ffQQCC$$((........................
........................ll$$$$ll........................
........................xx$$dd^^........................
........................**$${{..........................
..................''__WW$$$$00<<""......................
................IIZZ$$$$@@dd$$$$YY::....................
................qq$$$$**\\^^>>zz$$pp,,..................
..............II**%%hhll........vvBBCC''................
................!!>>..............ZZ$$^^................
................................""kk$$^^................
..........................''""tt&&$$@@^^................
....................^^>>\\00$$$$$$pp__..................
..................``LL$$$$$$$$$$LL::....................
..................""oo$$bbXXffll........................
........................................................
........................................................

 
 
 
 
0.0 0.0 0.0 0.0 0.0 0.0 0.9 0.0 0.0 0.0
Guessed: 6, Correct: 4
........................................................
........................................................
........................................................
..........................""kkMM>>......................
..........................cc$$$$ww``....................
........................//dd$$$$YY``....................
........................dd$$$$MMll......................
......................{{WW$$$$dd........................
......................__$$$$BB//........................
......................||$$$$ww..........................
....................}}%%$$$$--..........................
....................JJ$$$$uu..........>>//``............
..................\\$$$$$$II........||##$$//............
..................##$$$$\\``........ZZ$$$$zz............
................}}@@$$$$++........UU$$$$$$88jjLLjj--....
..............llWW$$$$$$$$$$kk$$$$$$$$$$$$$$$$$$$$MM....
..............__$$$$$$$$$$$$$$$$$$$$$$$$$$$$$$oodd::....
..............XX$$$$$$$$$$$$BBQQQQ%%$$$$$$nn++::........
............}}%%$$$$qqjjIIII;;....##$$$$oo""............
............kk$$$$%%~~..........^^WW$$$$tt..............
............$$$$$$zz............??BB$$oo::..............
............oo$$$$~~..............\\QQuu................
............IIzz//''....................................
........................................................
........................................................
........................................................
........................................................
........................................................

 
 
 
 
0.0 0.0 0.4 0.0 0.0 0.0 0.0 0.0 0.6 0.0
Guessed: 8, Correct: 2
........................................................
........................................................
........................................................
........................................................
........................................................
............................""//CCpp__..................
........................""--YY$$$$$$WW..................
......................::bb$$88xxnn$$BB..................
....................::hh$$&&~~^^**$$uu..................
....................))$$qq++..]]$$@@<<..................
....................;;[[""..!!%%$$ff....................
............................nn$$88""....................
..........................iiBB@@--......................
..........................YY$$00........................
........................[[@@MM;;........................
........................xx$$xx..........................
......................!!%%WW^^..........................
......................zz$$JJ............................
......................qqBB>>............................
....................;;@@00..............................
....................cc$$zz..............................
....................mm$$zz........``xx??................
....................JJ$$LL....II||@@pp..................
....................>>@@$$pp**88$$rr``..................
......................OO$$$$&&UU--``....................
........................................................
........................................................
........................................................

 
 
 
 
0.0 0.0 0.0 0.1 0.0 0.0 0.0 0.0 0.0 0.0
Guessed: 3, Correct: 7
........................................................
........................................................
........................................................
........................................................
........................................................
........................................................
........................^^]]""vv??""""uu**vvvvvv``......
........................UU**$$$$$$$$$$%%$$$$$$$$^^......
............................((||||||||LL$$$$88tt``......
..................................lluuWW88tt~~..........
..............................''[[MM$$mm~~..............
..............................zz$$%%JJ,,................
............................zz$$&&ii....................
..........................dd$$ddll......................
......................!!JJ@@bb""........................
....................((##$$XX^^..........................
................'']]$$@@((..............................
................rr$$$$\\................................
..............``mmBBnn,,................................
..............__$$pp....................................
............,,MM%%))....................................
............__$$00......................................
............XX$$11......................................
..........^^88$$11..II\\\\^^............................
..........''JJ$$88WW88LL\\''............................
............,,hhWWvv\\''................................
........................................................
........................................................

 
 
 
 
0.0 0.0 0.0 0.2 0.0 0.0 0.0 0.0 0.0 0.0
Guessed: 3, Correct: 2
........................................................
........................................................
........................................................
........................................................
............................XX**$$&&""..................
............................qqccaa$$ZZ""................
................................--@@$$++................
..................................ww$$hh""..............
..................................vv$$$$<<..............
..................................<<$$$$uu..............
..................................;;$$$$uu..............
....................((jjJJtt>>""..;;$$$$??..............
................,,rr@@$$$$$$$$hh||zz$$$$::..............
..............]]MM$$YYll??||XX**$$$$$$$$]]..............
............""ppOO............IIQQ$$$$$$bb}}^^..........
............uuJJ................uu$$88wwwwdd||..........
............hh}}..............IIMM$$tt....^^ll..........
..........[[$$^^............''ZZ$$WW``..................
..........ZZ$$^^............uu$$$$vv....................
..........ZZ$$^^..........}}$$$$OO''....................
..........[[$$rr``....``uu@@$$cc""......................
............hh$$qq]]\\oo$$&&))..........................
............\\oo$$$$$$$$dd!!............................
..............IIXXXXqqnn;;..............................
........................................................
........................................................
........................................................
........................................................

 
 
 
 
0.9 0.0 0.0 0.0 1.0 0.0 0.1 0.0 0.0 0.0
Guessed: 4, Correct: 0
........................................................
........................................................
........................................................
........................................................
............11^^........................................
..........11WWmmOO]]..........11++......................
........++%%$$$$CC``..........rr88<<....................
........__$$$$$$JJ............[[JJ##--..................
........mm$$$$MM__................&&ooJJ;;..............
........$$$$$$aa..................]]$$$$kk""............
........$$$$$$##~~................IIkk$$$$dd!!..........
........YY$$$$$$JJ..................>>bb$$$$jj..........
........__$$$$$$JJ....................!!##$$jj..........
..........((88$$ZZ;;....................oo$$$$//........
............OO$$$$||....................oo$$$$$$........
............OO$$$$kkLL..................{{$$$$$$........
............""~~WW$$&&ii,,..............::$$$$$$........
................\\$$$$$$QQ;;............||$$$$$$........
................ii||WW$$$$ZZCC11......\\88$$$$$$........
....................<<&&&&@@$$&&oooooo88$$$$%%{{........
..........................vvpp$$$$$$$$$$$$MM{{..........
............................IIjjjjjjjjjjjj{{............
........................................................
........................................................
........................................................
........................................................
........................................................
........................................................

 
 
 
 
0.0 0.2 0.0 0.0 0.0 0.0 0.0 0.1 0.0 0.0
Guessed: 1, Correct: 7
........................................................
........................................................
........................................................
........................................................
........................................................
....................................,,QQoo..............
..................................,,dd$$88..............
......................>>CC^^....~~dd$$%%--..............
......................||$$&&JJJJBB$$$$\\................
......................''ccBB$$$$$$$$//``................
..........................iiqq$$$$zz....................
..........................IIWW$$BB>>....................
..........................(($$$$))......................
........................IIoo$$$$||xxZZLL::..............
..................!!~~((oo$$$$$$$$$$kkrr;;..............
............``uuhh%%$$$$$$$$$$88vv<<....................
............??$$BBkkZZaa$$88||..........................
..............::,,``..vv$$kk............................
....................''oo$$uu............................
....................rr$$WW>>............................
....................YY$$00..............................
....................YY$$vv..............................
....................aa$$}}..............................
..................}}$$BBii..............................
..................::aabb................................
........................................................
........................................................
........................................................

 
 
 
 
0.0 0.0 0.0 0.0 0.0 0.6 0.0 0.0 0.0 0.0
Guessed: 5, Correct: 6
........................................................
........................................................
........................................................
........................................................
..................................,,vvkk$$##!!..........
..............................II{{BB$$$$$$$$**::........
..........................^^cc&&$$$$pp{{//oo$$jj........
........................~~bb$$WWcc??''....??$$UU........
......................XX&&88ccll..........??$$UU........
..................iiJJ$$pp]]..............??$$UU........
................``YY$$qq__................??@@ii........
..............``pp$$mm``..................II}}..........
..............[[$$dd^^..................................
............;;WW88]]....................................
............::oomm......................................
............{{$$cc....<<>>..............................
..........,,BB$$??....nn%%aa!!..........................
..........,,$$@@--....''11@@@@xx''......................
..........,,$$kk^^........??pp$$QQII....................
..........,,$$$$))..........::nnBBoo{{..................
..........""dd$$&&??............__88oott................
............^^qq$$&&bb))!!........\\$$##................
..............;;UU$$$$$$&&**********$$##................
................``,,??pp$$$$$$$$$$$$uu""................
........................................................
........................................................
........................................................
........................................................

 
 
 
 
0.0 0.0 0.0 0.0 0.7 0.0 0.0 0.0 0.0 0.5
Guessed: 4, Correct: 9
........................................................
........................................................
........................................................
........................................................
........................................................
........................................................
......................................ll**aauu..........
..........................>>wwwwxx....oo$$$$##..........
....................''IIUU88$$@@WW..))$$$$$$##..........
....................||$$$$BB{{..>>!!&&$$$$$$cc..........
..................||@@$$$$xx....~~kk$$$$$$zz''..........
................ii@@$$$$00''..~~&&$$$$$$**;;............
..............''uu$$$$BB<<``[[&&$$$$$$@@??..............
..............(($$$$$$xx..(($$$$$$$$$$qq................
..............xx$$$$BB<<LL$$$$$$$$$$$$::................
..............##$$$$$$$$$$$$$$$$$$$$QQ``................
..............mm$$$$$$$$$$$$$$$$$$hh^^..................
..............++pp$$$$%%&&%%$$$$$$zz....................
................""))))ll..YY$$$$88II....................
........................]]@@$$$$XX......................
........................))$$$$$$::......................
........................CC$$$$qq``......................
......................iiBB$$$$rr........................
......................JJ$$$$$$CC........................
......................uu$$$$$$LL........................
......................IImm$$$$]]........................
........................................................
........................................................

 
 
 
 
0.0 0.0 0.0 0.1 0.0 0.0 0.2 0.0 0.0 0.0
Guessed: 6, Correct: 5
........................................................
........................................................
........................................................
..................dd$$$$$$$$ZZ//........................
................""&&uu;;++ttjj[[........................
................cc$$xx..................................
................>>BBcc..................................
..................WWcc..................................
..................ooqq..................................
..................cc88ll................""^^............
..................[[$$vv..........,,vvUUWWmm............
....................YYww;;......::88oo((00hh............
....................--88qqii....__qqII..]]kk............
......................??BBBBkk11........]]kk............
............11~~........>>rr{{..........]]kk............
............mm]]........................]]hh............
............\\00........................UUkk............
............""**YY::....................CCkk............
..............11$$oo??..................CCkk............
................;;oo$$UU;;............;;wwYY............
..................""zz8888uu;;......``qq%%__............
......................??LL@@##jj;;iipp$$\\..............
..........................{{bb$$$$$$$$rr................
........................................................
........................................................
........................................................
........................................................
........................................................

 
 
 
 
0.0 0.0 0.0 0.7 0.0 0.1 0.0 0.0 0.0 0.0
Guessed: 3, Correct: 5
........................................................
........................................................
........................................................
........................................................
..........................::``..........................
........................~~BBBBQQXX]]]]>>................
........................CC$$$$$$$$$$$$%%ii..............
........................BB$$$$##hh$$$$BBll..............
........................$$$$bb,,``!!!!ll................
......................[[$$$$mm..........................
......................))$$$$00??IIIIII,,................
......................{{$$$$$$$$$$$$$$MMnn``............
........................JJBBBB$$$$$$$$$$$$OO............
............................::{{{{{{))bb$$$$............
......................................vv$$$$............
....................................~~$$$$OO............
..................................}}BB$$BB``............
..............................IIXX@@$$@@//..............
..........................??UU88$$$$##11................
..................""]]UUaa$$$$$$&&vv;;..................
....00nn::"">>jjww##$$$$$$BBkk((;;......................
....**$$88MM$$$$$$@@BBOO((>>............................
....[[%%BBBBbbJJ))<<>>..................................
........................................................
........................................................
........................................................
........................................................
........................................................

 
 
 
 
0.0 0.0 0.5 0.8 0.0 0.0 0.0 0.0 0.0 0.0
Guessed: 3, Correct: 1
........................................................
........................................................
........................................................
........................................................
............................ll||00$$rr..................
......................__uuww88$$$$$$rr..................
............''``))LL##BB$$$$@@@@$$$$rr..................
........``}}JJ$$$$$$$$$$WWzz??::$$$$rr..................
........rr$$$$$$$$$$8800>>....::$$$$11..................
........zz@@BBvv++II::........rr$$hh``..................
..........]]++................dd$$JJ....................
............................ll%%$$rr....................
............................(($$$$<<....................
............................(($$$$<<....................
............................(($$$$<<....................
............................(($$$$<<....................
............................(($$$$[[....................
............................(($$$$pp``..................
............................``88$$$$^^..................
..............................LL$$$$^^..................
..............................uu$$$$++..................
............''\\zzzzzzzzYYkk@@@@$$$$@@**zzzzzz{{........
............!!$$$$$$$$$$$$$$$$$$$$$$$$$$$$$$$$XX........
............]]$$$$$$&&MMJJXXXXXXooaa>>??XXXX]]::........
........................................................
........................................................
........................................................
........................................................

 
 
 
 
0.0 0.0 0.1 0.0 0.2 0.0 0.6 0.0 0.0 0.0
Guessed: 6, Correct: 4
........................................................
........................................................
........................................................
................................""ZZ[[..................
..............................''tt$$zz..................
..............................ll$$@@--..................
............................;;OO$$tt....................
............................{{$$88II....................
..........................""bb$$||......................
..........................||$$@@........................
........................}}##BBuu........................
......................llmm$$kk........<<||^^............
......................XX$$&&<<........XX$$cc............
....................II%%$$rr........\\@@$$mm''''........
....................pp$$UU..;;<<""tt##$$$$%%ppXX""......
................''}}@@$$ZZppWWBB##$$$$$$$$$$$$BB~~......
................<<$$$$$$$$$$$$bb$$$$$$@@UUZZff!!........
..............``aa$$$$&&rrIIII``zz$$@@uu................
..............||$$$$00::......``$$$$jj..................
............//@@$$CC""........ff$$MM``..................
..........++bb$$88::..........00$$??....................
..........JJ$$%%}}............>>^^''....................
..........rr@@}}........................................
........................................................
........................................................
........................................................
........................................................
........................................................

 
 
 
 
0.0 0.0 0.2 0.0 0.0 0.0 0.0 0.0 0.3 0.0
Guessed: 8, Correct: 2
........................................................
........................................................
........................................................
........................................................
........................................................
..................``}}UUZZaaUUffii......................
................//CC$$$$$$$$$$$$BB))....................
................qq$$BBnn))^^^^tt$$@@""..................
................qqQQ<<........OO$$qq``..................
................""''........//@@$$jj....................
..........................''ww$$##::....................
..........................qq$$@@jj......................
........................ff88$$JJ........................
......................""88$$WW<<........................
......................++**$$cc..........................
....................II&&$$hh::..........................
....................ll88$$XX............................
......................##$$XX............................
......................##$$XX............................
......................YY$$**............................
......................::aa$$zz..........................
........................zz$$88--........................
........................^^oo$$%%\\^^^^rrhhii............
..........................ii00$$$$$$$$$$OOll............
............................^^))$$$$aa##!!..............
........................................................
........................................................
........................................................

 
 
 
 
0.0 0.0 0.0 0.8 0.0 0.2 0.0 0.0 0.1 0.0
Guessed: 3, Correct: 5
........................................................
........................................................
........................................................
........................................................
................;;zzzzZZ$$$$ZZ>>........................
............""||%%BBddddddkk$$##::......................
............__$$$$cc......``\\$$II......................
............__$$$$jj......;;kk//''......................
............__$$$$ZZ^^....~~............................
............__$$$$$$CC..................................
............""||%%$$88CC^^..............................
................}}kk$$$$MM~~............................
..................--cc&&$$$$ZZ++``......................
......................IIwwMM$$$$ZZ~~....................
..........................>>ww$$$$BBxx::................
............................``IIMM$$$$WWnn..............
..................................--pp$$$$ZZ^^..........
....................................::xxBB$$CC..........
........................................cc$$88>>........
........................................""$$$$++........
....................................::IIZZ$$ww..........
....................ii________||0000##$$$$wwII..........
..................ff&&$$$$$$$$$$$$kkQQuu++..............
..................{{QQ$$bbzzzzzzii""....................
........................................................
........................................................
........................................................
........................................................

 
 
 
 
0.0 0.0 0.0 0.0 0.6 0.0 0.0 0.0 0.0 0.5
Guessed: 4, Correct: 9
........................................................
........................................................
........................................................
........................................................
........................................................
........................................................
......................zz$$**;;..........................
....................__@@$$$$ZZ..........................
..................''mm$$pp++XX..''^^''..................
..................<<$$$$]]......^^$$nn""................
..................QQ$$%%II......YY$$$$<<................
................``aa$$JJ......ii%%$$@@>>................
................<<$$$$//....<<**$$$$OO..................
................<<$$$$""``nn@@$$$$$$__..................
................;;WW$$LLhh$$$$$$$$$$,,..................
..................00$$$$$$$$$$$$$$dd``..................
..................^^CCMMBBqqcc$$$$--....................
......................,,;;..{{$$BB......................
............................CC$$BB......................
............................qq$$oo......................
............................$$$$\\......................
............................$$$$++......................
............................##$$++......................
............................zz88!!......................
............................??$$ff......................
............................,,LL@@ll....................
........................................................
........................................................

 
 
 
 
0.0 0.0 0.0 0.0 0.1 0.0 0.0 0.0 0.0 0.1
Guessed: 4, Correct: 9
........................................................
........................................................
........................................................
........................................................
........................................................
..................iiQQ$$$$$$MM//``......................
................UU$$$$hh||XXhh$$++......................
..............//BBBBzz""....ii&&MMii....................
............~~BB$$nn..........__88jj....................
............00$$qq..............ooWW^^..................
............00$$??..............))$$CC..................
............00$$II................QQdd..................
............00$$ZZ................((BBcc""..............
............JJ$$$$pp??II``....^^uu$$$$kk""..............
............>>88$$$$$$$$ZZ0000dd$$$$$$QQ................
..............{{QQ$$$$$$$$$$$$$$$$$$$$QQ................
..................iizzMM$$$$MMzz88$$$$QQ................
................................~~WW$$$$++..............
..................................II$$$$$$..............
..................................II$$$$$$))............
..................................,,oo$$$$MM))..........
....................................00$$$$$$$$++........
....................................00$$$$$$oo::........
....................................uu$$$$kk{{..........
....................................llMMUU""............
........................................................
........................................................
........................................................

 
 
 
 
0.0 0.0 0.0 0.0 0.0 0.0 0.0 0.0 0.0 0.0
Guessed: 2, Correct: 0
........................................................
........................................................
........................................................
........................................................
........................................................
........................................................
..........................'',,..........................
..................ffwwWWkk%%**XX>>^^....................
..........++__ii((%%@@BBhhqq88@@$$**<<''................
..........\\[[MM$$oo<<;;......!!}}##$$||................
..........!!\\MM88<<..............``ZZ$$}}..............
......^^''nn##UU}}..................""qqOO``............
......bbhh##cc\\II..llCCbbrr..........ii$$uu............
......cc!!``......,,YY88BBrr..........''}}oo[[..........
..................``MM$$WW>>............~~$$jj..........
....................hh$$00,,............~~@@jj..........
....................nn$$WWYY..........''vv$$qq..........
....................>>$$$$**||``......;;ooooJJ..........
......................\\88$$$$ww--II>>oo$$@@[[..........
........................{{&&$$$$$$BB@@88$$((............
..........................iiZZww%%88**{{cc``............
........................................................
........................................................
........................................................
........................................................
........................................................
........................................................
........................................................

 
 
 
 
0.0 0.0 0.0 1.0 0.0 0.0 0.0 0.0 0.0 0.0
Guessed: 3, Correct: 9
........................................................
........................................................
........................................................
........................................................
........................................................
..................II11zz$$$$$$$$$$00....................
..................dd@@$$@@$$@@$$@@##++..................
................00$$$$$$$$$$$$$$$$$$$$00................
................QQ$$@@$$@@dd11zz@@$$@@QQ................
..................dd$$$$$$ddII..00$$$$$$$$..............
..................11@@$$@@$$dd..++$$@@$$@@jj............
....................jjdd$$$$$$$$zz$$$$$$$$jj............
......................11@@$$@@$$@@$$@@$$@@..............
..........................dd$$$$$$$$$$$$$$__............
..........................IIdd$$@@$$@@$$@@++............
..............................11$$$$$$$$$$00............
............................jjdd@@$$@@$$@@QQ............
......................II11$$$$$$$$$$$$MM++..............
..................__QQdd@@$$@@$$@@$$cc++................
..............zz$$$$$$$$$$$$$$$$ddjj....................
..........__QQ$$@@$$@@$$@@$$@@11II......................
........__$$$$$$$$$$$$MMQQjj............................
........QQ$$@@$$@@dd11++................................
........00$$$$MM++......................................
........++zz@@++........................................
........................................................
........................................................
........................................................

 
 
 
 
0.0 0.9 0.0 0.0 0.0 0.8 0.0 0.0 0.0 0.0
Guessed: 1, Correct: 5
........................................................
........................................................
........................................................
........................................................
........................................................
................................II........^^~~<<''~~....
..............................zzOO....{{OOBB@@**##((....
............................__@@##))bb$$$$qq//ll""......
............................jj$$$$$$mm||;;``............
..........................ttBB$$dd]]''..................
........................;;##$$bb<<......................
........................jj$$%%>>........................
........................YY$$JJ..........................
......................""**$$JJ..........................
........................bb$$uu..........................
........................OO$$BB..........................
........................cc$$@@II........................
........................bb##BB..........................
......................{{@@$$BB..........................
......................cc$$$$00..........................
..................::JJBB$$kk~~..........................
..............^^!!qq$$@@ZZll............................
............ccaaWW$$WW\\................................
............@@$$@@ZZ!!..................................
............~~{{__......................................
........................................................
........................................................
........................................................

 
 
 
 
0.3 0.0 0.0 0.0 0.0 0.0 0.0 0.0 0.0 0.1
Guessed: 0, Correct: 9
........................................................
........................................................
........................................................
........................................................
........................................................
........................................................
..............................''""IIvv**$$jj^^..........
............................;;UU$$88WWzzffooaa""........
........................""XX@@$$kk!!......11$$;;........
......................__bb$$WWcc..........11&&::........
....................<<mm$$$$vv............00JJ..........
................""//88WWvv&&vv..........++%%??..........
................~~$$qq++ll88vv..........00##;;..........
..............""ww$$__[[WWaa;;........\\BBQQ............
..............XX$$XX!!ooaa;;........::aa$$__............
............;;@@hh((ooaa;;..........~~$$nn''............
............;;$$$$$$BB//..........;;ooooII..............
............::BB@@WW++..........""QQ$$[[................
..............__}}............^^aa$$##II................
..............................rr$$BBtt..................
............................rr$$**tt....................
..........................rr@@@@}}......................
........................ZZ@@$$//........................
....................IIcc@@aaii..........................
..................IIhh$$aa;;............................
..................ll##JJ;;..............................
........................................................
........................................................

 
 
 
 
0.0 0.0 0.3 0.0 0.0 0.0 0.1 0.8 0.0 0.0
Guessed: 7, Correct: 2
........................................................
........................................................
........................................................
........................................................
........................................................
........................................................
........::iiII''........................................
........qqhhYY||........................................
........bb$$LL@@rr......................................
........//$$$$$$BBpp!!``iiII............................
........<<##$$$$$$$$ooUU$$**zz[[..........__ff..........
..........ii00$$$$$$$$$$$$$$$$uu??%%bbMM%%BBYY..........
..............??ww##&&$$$$$$$$XX~~OO]]##$$$$<<..........
....................>>xxqqooxxxxCCmm$$$$$$$$<<..........
........................"",,....]]$$$$$$$$JJ``..........
............................,,;;))$$WW@@&&>>............
..........................iioo$$$$BBnn&&((..............
..........................xx$$$$$$//vv$$((..__]]........
........................))BB$$$$$$//uuWWdd{{88BB........
......................[[vv$$$$$$$$$$qq&&$$$$WW++........
......................XX88$$$$$$$$aaxxvviiiinn..........
......................ll@@$$BB00((ll....................
........................}}//............................
........................................................
........................................................
........................................................
........................................................
........................................................

 
 
 
 
0.0 0.0 0.0 0.0 0.0 0.0 0.0 0.2 0.0 0.9
Guessed: 9, Correct: 7
........................................................
........................................................
........................................................
........................................................
........................................................
........................................................
........................................................
........................^^||$$$$JJ``....................
......................``QQBBUUOO$$::....................
..................::UU//$$nn..))$$::....................
..................``ooBBYY``..::$$::....................
..................;;WWpp``....::$$::....................
..................rr$$}}......::$$::....................
..................JJ%%>>......::$$::....................
..................]]11........::$$::....................
..............................::$$::....................
..............................::$$::....................
..............................::$$::....................
..............................::$$::....................
..............................::$$::....................
..............................[[$$::....................
..............................rr$$::....................
..............................__$$::....................
..............................::$$::....................
..............................::$$~~....................
..............................^^ddqqll..................
................................<<WW!!..................
........................................................

 
 
 
 
0.0 0.1 0.0 0.0 0.1 0.1 0.0 1.0 0.0 0.0
Guessed: 7, Correct: 1
........................................................
........................................................
........................................................
........................................................
........................................................
........................xx$$............................
......................!!%%00............................
......................{{$$))............................
......................||$$bb&&MM>>......................
......................OO$$$$$$$$}}......................
....................!!##$$hh--WW}}......................
....................nn$$aa^^..oo}}......................
..................::MM$$~~....oo}}......................
..................__$$QQ''..++@@}}......................
..................""ZZ<<....__$$}}......................
............................__$$}}......................
............................//$$}}......................
............................JJ88;;......................
............................BB&&........................
............................$$&&........................
............................$$&&........................
............................$$YY``11....................
..........................ll$$0000))....................
..........................\\$$$$JJ^^....................
..........................;;$$bb,,......................
........................................................
........................................................
........................................................

 
 
 
 
0.0 0.0 0.0 0.0 0.0 0.0 0.0 0.9 0.0 0.1
Guessed: 7, Correct: 9
........................................................
........................................................
........................................................
........................................................
........................................................
........................................................
........................................................
......................,,((QQkk$$cc''....................
..................::OOWWpprr//tt$$LL``..................
................tt88dd__....II00$$$$::..................
..............""**00""^^~~QQkkJJaa**^^..................
..............;;$$JJ00hhoo\\""..00ww....................
..............``vvJJuu~~........00qq''..................
................................00hh``..................
................................00ww....................
..............................''qqww....................
..............................``$$ww....................
..............................``$$ww....................
..............................``$$ww....................
..............................``$$ww....................
..............................``$$ww....................
..............................``$$ww....................
..............................``$$QQ....................
..............................``$$\\....................
..............................}}$$;;....................
..............................uu$$^^....................
..............................YYcc''....................
........................................................

 
 
 
 
0.0 0.1 0.0 0.0 0.2 0.0 0.0 0.0 0.2 0.0
Guessed: 8, Correct: 2
........................................................
........................................................
........................................................
........................................................
........................\\pp$$kk++......................
....................""mm@@**hh@@**......................
....................UU$$YY""..XXWW``....................
..................!!$$ww""....<<$$]]....................
..................ww&&,,......<<$$CC....................
................[[BBvv........<<@@??....................
................qq$$((........++WW......................
................hh$$((........00WW......................
................hh$$..........WWWW......................
................hh$$........??@@aa......................
................hh$$........]]$$uu......................
................hh$$........cc&&II......................
................>>__........**hh........................
..........................11$$JJ........................
..........................(($$[[........................
..........................CCMM""........................
..........................wwww..........................
..........................QQ##II......>><<jjzz--........
..........................11BBMMvvjjhh@@$$$$88//........
............................]]aa$$$$$$bbUU]];;..........
........................................................
........................................................
........................................................
........................................................

 
 
 
 
0.0 0.0 0.0 0.9 0.0 0.6 0.0 0.0 0.0 0.0
Guessed: 3, Correct: 5
........................................................
........................................................
........................................................
........................................................
..............................::QQ{{....................
....................||ddtt....mm$$QQ....................
..................II**$$$$BBBB$$$$UU....................
..................uu$$$$$$$$$$$$hh>>....................
................^^ww$$%%BB$$$$ff^^......................
................~~BB$$||YY$$$$ff[[[[!!..................
................vv$$$$%%$$$$$$$$$$$$MM))''..............
................qq$$$$$$$$$$$$$$$$$$$$$$~~..............
................qq$$$$$$##XXqqXXXXmm$$$$MM!!............
................[[mm\\((..........!!mm$$$$11............
....................................++$$$$QQ............
....................................::##$$MM::..........
....................................ll$$$$kk^^..........
................^^,,................""OO$$##::..........
................CCJJ..................mm$$MM::..........
..............,,**%%((..............}}**$$pp``..........
..............II88$$WWQQ]]]]]]ff0000@@$$@@||............
................qq$$$$$$$$$$$$$$$$$$$$BB||..............
................LL$$$$$$$$$$$$$$ddrr||II................
................,,\\##@@YYYYuu))''......................
........................................................
........................................................
........................................................
........................................................

 
 
 
 
0.0 0.0 0.0 0.0 0.0 0.0 0.0 1.0 0.4 0.0
Guessed: 7, Correct: 2
........................................................
........................................................
........................................................
........................................................
........................................................
........................................................
........................................................
..................................??::<<ll..............
..........................``""jjjjBBWW%%&&##uu..........
..................IInnUUUUWW$$$$88hhmmXX&&$$$$..........
............~~rrqqWW$$aaqqqqLL??ii......__$$$$..........
........iiQQ%%$$@@##\\""````............ii$$@@..........
......ffMM$$##nn~~....................::hh$$XX..........
......$$qq[[;;......................;;bb$$$$--..........
......::``......................``xxkk$$@@uu''..........
..............................""ZZ$$$$$$dd..............
............................<<OO$$$$qqrr;;..............
........................``XXBB@@XX::``..................
......................--ww$$oo??........................
....................jj@@$$cc;;..........................
..................//@@&&||''............................
................^^##$$11................................
................``oo$$&&aannYYuunnhh??..................
..................]]dd##$$$$88**vv^^''..................
......................``}}}}!!..........................
........................................................
........................................................
........................................................

 
 
 
 
0.0 0.0 0.0 0.0 0.0 0.0 0.0 0.0 0.1 0.0
Guessed: 8, Correct: 5
........................................................
........................................................
........................................................
........................................................
........................................................
.................................."">>oo++..............
............................II??XXhh$$$$++..............
..........................}}oo$$$$$$$$WWll..............
........................++@@$$$$$$&&OO<<................
......................^^**$$mm))))""....................
......................""$$$$++..........................
......................,,$$$$>>}}xxII``..................
......................xx$$$$$$$$$$$$xx..................
......................xx$$$$$$$$$$$$kk..................
......................xx$$$$ffllcc$$WW..................
......................ww$$hh""..??$$WW..................
......................WW$$OO....||$$bb..................
......................WW$$11..""hh$$xx..................
......................WW@@__..>>$$$$ff..................
......................mmjj..;;oo$$qq``..................
..........................IIhh$$$$??....................
....................^^,,zz88$$88//``....................
..................^^hh$$$$$$&&))........................
..................cc$$$$88zz!!..........................
..................QQooccII..............................
........................................................
........................................................
........................................................

 
 
 
 
0.0 0.0 0.0 0.1 0.0 0.0 0.0 0.6 0.0 0.0
Guessed: 7, Correct: 3
........................................................
........................................................
........................................................
........................................................
........................................................
........................................................
..............""ww$$WWii................................
..............iiBB$$UU\\................................
................QQ$$pprrii;;;;;;"";;;;::'';;^^..........
................ll00$$$$$$$$$$$$MM$$$$88qq$$hh11........
....................__zzwwUUwwwwwwwwwwwwoo$$$$hh........
....................................IIjj%%$$oo__........
..............................IIJJhh88$$%%uu!!..........
..............................kk$$$$ppffii..............
..........................11**ooff;;....................
........................[[BBbb::........................
........................qq$$,,..........................
........................hh$$//..........................
........................YY$$$$$$dd......................
........................II88$$$$LL......................
..........................rr$$##;;......................
........................^^hh$${{........................
......................""ww$$]]..........................
................""00YYww@@zz............................
................\\$$$$@@zz..............................
................[[ppMM\\................................
........................................................
........................................................

 
 
 
 
0.0 0.0 0.0 0.7 0.0 0.6 0.0 0.0 0.0 0.0
Guessed: 3, Correct: 5
........................................................
........................................................
........................................................
........................................................
........................................................
........................................................
......................iiqq..............................
......................//$$JJddJJddddnn^^................
....................^^oo$$$$$$$$$$$$$$zz................
....................,,$$$$$$$$%%&&$$$$88--..............
....................{{$$%%XX::,,,,::--II~~..............
..................~~BB$$[[..__[[<<......................
..................{{$$$$__ww@@$$BBjj``..................
................``dd$$$$$$$$$$$$$$$$CC``................
................jj$$$$$$$$WWXXXXmm$$$$jj................
................uu$$@@bbjjii......JJ$$pp................
................oo$$dd............``dd@@??..............
................\\{{''..............]]@@11..............
......................................WWrr..............
..................................``tt%%))..............
..................................cc$$hh;;..............
..............................""cc$$88}}................
..........................>>ff**$$qq++..................
..............>>""..``^^""bb$$WW//''....................
..............xxhhCCkk$$$$**jjii........................
..............,,ppaaLLYYYY,,............................
........................................................
........................................................

 
 
 
 
0.0 0.0 0.0 0.6 0.0 0.1 0.0 0.0 0.0 0.0
Guessed: 3, Correct: 5
........................................................
........................................................
........................................................
........................................................
..................................llWW::................
......................uu\\......!!JJ$$~~................
....................,,oo&&vvII\\MM$$$$uu................
....................++$$$$$$BB$$$$$$$$;;................
....................JJ$$$$$$$$$$$$$$00^^................
..................^^WW$$$$$$$$$$$$hh""..................
..................""$$$$$$$$$$$$$$dd....................
..................""$$$$$$$$$$$$$$WW++..................
..................||$$$$$$$$$$$$$$$$QQ..................
..................xx$$$$$$$$$$kk$$$$%%::................
..................tt$$$$88||....WW$$$$::................
..................^^wwww__......vv$$$$\\................
................................>>$$$$uu................
..............``--{{............::BB$$uu................
............``YY$$**............``ww$$uu................
............--$$$$00............YY$$$$uu................
............vv$$$$$$QQxxxxxxUUWW$$$$$${{................
............--88$$$$$$$$$$$$$$$$$$$$$$::................
..............jj88$$$$$$$$$$$$$$$$kk((``................
................??dd&&##$$$$$$CC11""....................
........................................................
........................................................
........................................................
........................................................

 
 
 
 
0.0 0.0 0.0 0.0 0.1 0.0 0.0 0.0 0.1 0.0
Guessed: 4, Correct: 8
........................................................
........................................................
........................................................
........................................................
..........................................''YYII........
....................^^''..................ccww``........
................::LLjjUU................II88__..........
................__$$bbrr..............,,ddkk............
..............((ZZCC;;..............~~ppMMll............
..............qqMM@@xx............llOO$$))..............
............::88$$$$$$jjvvYY__^^//kk$$**::..............
..............//dd$$$$**ooYY$$**%%BBJJ""................
..................}}bb##0011$$$$$$CC,,..................
....................``^^""cc$$$$$$$$dd..................
........................II88wwYY@@$$@@ii................
......................!!%%$$""..++%%$$UU................
......................CCBB<<''....uu$$QQ................
....................!!@@pp........11@@~~................
....................))88--........QQoo..................
....................))bb........II88vv..................
..................^^qqbb''....``OOmm""..................
..................^^hh$$kk]]]]**&&""....................
....................))BB@@$$$$88{{......................
......................11zz$$bb++........................
........................................................
........................................................
........................................................
........................................................

 
 
 
 
0.0 0.0 0.0 0.0 0.9 0.0 0.0 0.0 0.0 0.1
Guessed: 4, Correct: 9
........................................................
........................................................
........................................................
........................................................
........................................................
......................^^cc$$$$YY........................
......................uu$$$$&&nnvvtt....................
..................``^^**$$$$]]//$$%%ff..................
................``vv$$$$$$kk:://$$$$zz..................
................::$$$$$$bbii..//$$$$zz..................
................ll$$$$ooII""<<MM$$$$zz..................
................hh$$$$!!..CC$$$$$$$$zz..................
..............11&&$$$$!!__oo$$$$$$$$hh>>................
............^^JJ$$$$$${{WW$$$$$$$$$$$$[[................
............}}$$$$$$$$$$$$$$$$$$$$$$$$[[................
............IImm$$$$$$$$$$$$$$$$$$$$$$[[................
..............xxBB$$$$$$$$WW}}WW$$$$$$[[................
................uu$$$$$$oo++,,QQ$$$$$$[[................
................``111111++..ii$$$$$$OO;;................
............................ii$$$$$$zz..................
............................ii$$$$$$zz..................
............................ii$$$$$$zz..................
............................ii$$$$$$zz..................
............................::mm$$$$zz..................
..............................//$$oo!!..................
........................................................
........................................................
........................................................

 
 
 
 
0.0 0.0 0.0 0.0 0.0 0.0 0.0 0.9 0.3 0.0
Guessed: 7, Correct: 8
........................................................
........................................................
........................................................
........................................................
........................................................
........................................................
........................................................
........................................................
........,,}}nnnnXXWWZZnnnnuunnnn\\::::::^^..............
......00WW$$$$$$$$$$$$$$$$$$$$$$$$$$$$$$hh\\!!..........
......$$$$$$$$$$$$$$$$$$$$$$$$$$$$$$$$$$$$$$&&..........
......,,wwWW$$$$$$$$$$$$&&aaaaaaaaWW$$$$$$$$**..........
..........ll------00$$$$MM!!......tt$$$$BBzz^^..........
..................``::{{$$%%??::dd%%$$$$nn..............
......................::00$$##aa$$$$$$nn``..............
..........................hh$$$$$$$$OO^^................
..........................xx$$$$$$&&>>..................
..........................$$$$$$$$YY....................
..........................$$$$$$$$BB^^..................
..........................$$$$$$$$$$kk>>................
..........................hh$$$$$$$$$$tt................
............................CC@@$$$$$$$$nn..............
..............................UU$$$$$$$$aaII............
..............................^^((00oonnnn>>............
........................................................
........................................................
........................................................
........................................................

 
 
 
 
0.0 0.0 0.0 0.0 0.9 0.0 0.0 0.0 0.8 0.0
Guessed: 4, Correct: 8
........................................................
........................................................
........................................................
........................................................
........................................................
........................................................
..........''````````''..................OO$$]]..........
........""XX$$$$$$$$OO~~``............??BB$$dd..........
......""bb$$$$$$$$$$$$$$cc..........,,WW$$$$jj..........
......kk$$@@MMMMWW$$$$$$ZZ........]]%%$$$$%%``..........
......$$$$&&....""\\\\\\II......]]88$$$$88__............
......$$$$88ii""..............""oo$$$$$$nn..............
......00$$$$$$bbYY>>>>""....""00$$$$$$LL``..............
......iiXXWW$$$$$$$$$$ddOOzzff$$$$$$&&::................
..........~~kk$$$$$$$$$$$$$$$$$$$$$$JJ..................
............``XXqqbb$$$$$$$$$$$$$$$$MM[[``..............
..................^^----bb$$$$$$$$$$$$$$zz``............
........................ww$$$$$$))\\BB$$$$ff............
........................ww$$$$MMII..((BB$$WW``..........
........................11$$$$00......nn$$$$``..........
........................iiWW$$00......aa$$$$``..........
..........................pp$$00....))88$$$$``..........
..........................zz$$BBWWWW@@$$$$$$``..........
..........................``YY$$$$$$$$$$$$))''..........
............................``ff&&$$$$XX{{''............
................................``~~::''................
........................................................
........................................................

 
 
 
 
0.0 0.0 0.8 0.0 0.0 0.0 0.0 0.7 0.0 0.0
Guessed: 2, Correct: 7
........................................................
........................................................
........................................................
........................................................
........................................................
........................................................
..............''uuZZ$$$$&&%%wwccll......................
..............__$$$$$$$$$$$$$$$$88wwII..................
..............tt$$$$BBZZYYpp@@$$$$$$hh~~................
..............dd$$kk........ll11hh$$$$kk................
..............dd$$JJ............^^YY$$@@||..............
..............dd$$jj..............;;##$$zz..............
..............uu$$ZZ..............>>$$$$zz..............
..............``^^``..............//$$$$rr..............
..................................jj$$@@>>..............
..................................dd$$kk................
..................................bb$$YY................
....................''ii__vvvvvvmm@@$$ww++""............
................''jjbb$$$$$$$$$$$$$$$$$$$$oojj..........
................cc$$$$$$$$$$$$$$$$$$$$88ZZZZii..........
................00$$@@kkkknnjj++zz$$mm""................
................ll<<>>..........zz$$//..................
................................qqBB;;..................
................................qq##....................
..............................]]@@YY....................
..............................\\pp__....................
........................................................
........................................................

 
 
 
 
0.0 0.0 0.0 0.0 0.0 0.0 0.0 0.1 0.0 0.0
Guessed: 7, Correct: 8
........................................................
........................................................
........................................................
........................................................
........................................................
............................!!//qq88rr..................
......................IIffpp88$$$$$$@@++................
..................>>nn$$$$$$$$$$$$kkLL{{................
..................zz$$$$$$$$BBJJ[[''....................
..................oo$$$$$$$$WW}}..""ZZUU::..............
..................ww$$$$$$$$$$@@mm##$$$$rr..............
..................``>>ttttttddBB$$$$$$88||..............
............................::WW$$$$$$||................
............................YY$$$$$$BB..................
..........................||$$$$$$$$@@~~................
........................""aa$$$$$$$$$$11................
........................XX$$$$$$$$$$$$__................
......................<<&&$$$$$$$$$$BB..................
......................YY$$$$$$$$$$$$uu..................
......................ZZ$$$$$$$$$$$$++..................
....................""BB$$$$$$$$$$bb``..................
....................))$$$$$$$$$$$$ii....................
....................))$$$$$$$$@@||......................
....................>>88$$$$$$ZZ........................
......................!!zzpp//""........................
........................................................
........................................................
........................................................

 
 
 
 
0.1 0.0 0.0 0.7 0.0 0.0 0.0 0.0 0.0 0.0
Guessed: 3, Correct: 8
........................................................
........................................................
........................................................
........................................................
..............................{{oo$$ddll................
............................~~@@$$$$$$pp................
..........................__BB$$ppOObbkk................
..........................QQ$$\\..^^::}}``..............
..........................qq$$II..nn**OO``..............
..........................zz$$dd&&@@$$vv................
........................''))$$$$$$$$&&++................
......................""mm$$$$&&$$$$kk""................
....................``CC$$$$bb,,--oo@@??................
..................iidd$$**//^^....}}$$ww""..............
..................XX$$**{{..........LL$$[[..............
................11$$88++............(($$tt..............
..............``dd88}}..............``aatt..............
..............ll$$00................,,BBtt..............
..............vvhh--..............^^YY@@}}..............
..............mmhh``............<<**$$vv................
..............mm$$ZZ((""``--//ddBB$$//``................
..............tt$$$$$$@@@@$$$$$$$$aa``..................
..............llpp$$$$$$$$$$$$pprr``....................
................""[[ccCCZZ%%jj""........................
........................................................
........................................................
........................................................
........................................................

 
 
 
 
0.0 0.0 0.0 0.0 0.9 0.0 0.0 0.0 0.0 0.1
Guessed: 4, Correct: 9
........................................................
........................................................
........................................................
........................................................
........................................................
......................,,hh$$bbjj<<......................
......................tt$$&&YYCC<<......................
......................uu$$||............................
....................^^hh$$}}............................
....................tt$$XX''............................
....................rr$$tt........````..................
..................,,**BBII........mmoo..................
..................||$$zz........ii88$$..................
..................zz$${{......__##$$$$::................
..................@@%%ll....__WW$$$$$${{................
................II$$QQ..``zz$$$$cc[[$${{................
................{{$$zz,,LL$$$$ww""??$${{................
................{{$$OOoo$$$$XX""..??$${{................
................__$$$$$$oojj......ff$$!!................
..................\\OOvv,,........zz$$..................
..................................XX$$..................
..................................zz$$..................
..................................zz$$..................
..................................[[$$..................
..................................;;**..................
........................................................
........................................................
........................................................

 
 
 
 
0.0 0.0 0.0 0.0 0.0 0.0 0.0 0.0 0.9 0.0
Guessed: 8, Correct: 0
........................................................
........................................................
........................................................
........................................................
........................................................
........................``]]YYYYMMbbYY>>................
......................II\\$$$$$$$$$$$$MMjj..............
....................}}00$$$$$$$$BB{{<<WW@@JJ............
..................II**$$$$$$$$oo{{....]]MM##ii..........
..................pp$$$$$$mm__,,........YY$$00..........
..............``mm$$$$$$BBYY;;..........>>$$WW..........
..............__$$$$$$$$$$$$JJ..........IIWWWW..........
..............mm$$$$$$$$$$$$$$............qqWW..........
..............WW$$$$$$$$$$$$$$II..........qqWW..........
..............qq$$$$$$$$$$$$$$tt........!!%%WW..........
..............??$$$$$$kkttttWW$$QQ........qq00..........
..............``vv88$$QQ....aa$$))......ll88nn..........
..................aa$$CC....ttff``......zzBBII..........
..................aa$$--................**QQ............
..................aa$$tt..............vv$$nn............
..................pp$$mm``..........++&&aaII............
..................II**$$zzII......~~WW$$]]..............
....................zz$$$$88qquukk%%BBXX................
....................""rr**$$$$$$$$BB\\..................
........................::]]YYqqYY<<....................
........................................................
........................................................
........................................................

 
 
 
 
0.0 0.1 0.0 0.0 0.0 0.0 0.0 0.0 0.0 0.0
Guessed: 1, Correct: 7
........................................................
........................................................
........................................................
........................................................
........................................................
....................UU$$ooZZoojjZZkk::..................
....................XX$$$$BBBBWW$$$$dd,,................
....................;;qqrr!!!!//$$$$$$pp................
..............................jj$$$$$$vv................
............................!!88$$$$OO^^................
............................UU$$$$BB>>..................
..........................//$$$$$$88....................
..........................{{$$$$$$((....................
........................""oo$$$$hh^^....................
........................CC$$$$$$OO......................
........................dd$$$$$$((......................
......................::QQ$$$$@@........................
......................00$$$$$${{........................
......................ww$$$$**,,........................
....................!!BB$$$$kk..........................
....................uu$$$$$$kk..........................
....................XX$$$$$$OO..........................
....................qq$$$$**''..........................
....................WW$$$$CC............................
....................WW$$$$CC............................
........................................................
........................................................
........................................................

 
 
 
 
0.0 0.0 0.0 0.0 0.0 0.0 0.0 0.0 0.4 0.0
Guessed: 8, Correct: 2
........................................................
........................................................
........................................................
........................................................
........................................................
........................................................
........................................................
........................................................
..........++uurr||nnQQff??1111~~``??^^..................
........**@@BBBB$$$$&&&&&&88BBBB##$$##qqxxii............
........mm||~~~~{{]]......,,~~rr{{XXZZ&&$$qq--__........
......................................~~pp$$@@@@........
....................................^^__00$$88uu........
................................''iiZZ@@WWZZ++..........
............................}}||ww$$$$##}}..............
........................::]]&&$$aacc,,''................
....................iiwwbb$$@@nn^^......................
..................llbb$$$$bb::..........................
................``cc$$$$$$::............................
................;;mm$$$$$$ll............................
..................II88$$$$CC;;::........................
....................;;aa$$$$$$88vv~~^^..................
......................IIddxxCCMM$$BBMM//''..............
..............................,,]]LLLLLL""..............
........................................................
........................................................
........................................................
........................................................

 
 
 
 
0.0 0.0 0.0 0.0 0.9 0.0 0.0 0.0 0.6 0.0
Guessed: 4, Correct: 8
........................................................
........................................................
........................................................
........................................................
........................................................
........................00$$$$tt........................
......................nn$$$$%%}}........................
....................<<**$$$$oo......IIrr!!``............
..................>>**$$$$hh((....''mm$$$$!!............
................<<YY$$$$XX........vv$$$$XX::............
..............''WW$$$$hh::......vvBB%%ZZ................
..............::$$$$BB((......::$$$$ff..................
..............XX$$$$vv......::kk$$$$]]..................
............\\$$$$$$YYqq$$$$$$$$$$rr....................
............mm$$$$$$$$$$$$$$$$$$$$mm::..................
............mm$$$$$$MMooooBB$$$$$$$$mm,,................
............mm$$qqttll....oo$$$$$$$$$$tt................
..........................**$$qqpp$$$$$$................
..........................oo$$tt""mm$$$$................
..........................oo$$uu..[[$$$$................
..........................oo$$QQ..[[$$$$................
..........................**$$$$..vv$$$$................
..........................[[WW$$**BB$$$$................
............................}}$$$$$$BBvv................
............................,,tt$$$$vv..................
........................................................
........................................................
........................................................

 
 
 
 
0.0 0.0 0.0 0.0 0.0 0.0 0.0 0.0 0.0 0.0
Guessed: 1, Correct: 7
........................................................
........................................................
........................................................
........................................................
........................................................
........................................................
........................................................
................``JJ$$$$kk<<............................
................,,88nnUU$$kk,,..........................
........................LL$$ff..........................
........................ll@@aa..........................
..........................00%%ll....``>>//``............
........................::vv$$rr||nnkk$$BB""............
....................''}}%%$$$$$$$$$$88YY~~..............
....................++@@**&&$$**??++;;..................
....................""((..xx$$nn........................
..........................xx$$ff........................
..........................xx$$ii........................
..........................pp**``........................
........................IIBBaa..........................
........................!!$$QQ..........................
........................{{$${{..........................
........................QQWW::..........................
......................II@@QQ............................
......................II$${{............................
......................ff**''............................
......................CC??..............................
........................................................

 
 
 
 
0.0 0.0 0.8 0.0 0.0 0.0 0.0 0.6 0.0 0.0
Guessed: 2, Correct: 7
........................................................
........................................................
........................................................
........................................................
........................................................
........................ll//ww$$@@\\``..................
......................;;ZZ$$BBmmWW$$CC``................
......................UU@@BBXX..IIoo$$nn................
......................11>>........;;%%&&................
..................................>>BB&&................
..................................11$$&&................
................................``dd$$QQ................
................................ll$$$$~~................
..............................::aa$$pp``................
..............................XX$$$$,,..................
............................YY$$$$\\....................
........................``tt$$@@//......................
........................tt$$$$OO........................
......................//%%$$vv..........................
....................??%%$$YY............................
..................;;aa$$XX""............................
................,,##$$mm^^..............................
..............,,&&$$oo>>................................
..............iiBBBBii..................................
................QQ@@++..................................
........................................................
........................................................
........................................................

 
 
 
 
0.0 0.2 0.1 0.0 0.0 0.0 0.9 0.0 0.0 0.0
Guessed: 6, Correct: 1
........................................................
........................................................
........................................................
............................^^ZZ$$zz....................
............................}}$$}}__....................
............................QQ$$((......................
..........................++@@$$\\......................
........................''OO$$$$........................
........................~~$$$$oo........................
........................nn$$$$((........................
........................WW$$$$ll........................
......................??BB$$WW;;........................
......................ww$$$$OO..........................
......................bb$$$$jj..........^^]]............
....................""aa$$**::..........++LL............
....................++$$$$hh............\\LL............
....................jj$$$$hh............QQLL............
....................QQ$$$$hh............QQLL............
..................^^dd$$$$00............QQLL............
..................''OO$$$$\\............QQLL............
..................::88$$@@{{............QQLL............
....................QQ$$%%..............QQ11............
....................<<WWpp..............]]``............
........................................................
........................................................
........................................................
........................................................
........................................................

 
 
 
 
0.0 0.1 0.0 0.0 0.0 0.0 0.0 0.0 0.5 0.0
Guessed: 8, Correct: 1
........................................................
........................................................
........................................................
........................................................
..........................__$$XX........................
..........................||$$oo........................
..........................\\$$oo....[[..................
..........................qq$$oo..~~tt..................
........................^^aa$$XX..}}ff..................
........................::oo$$II''nnff..................
........................xx$$hh^^^^$$ff..................
........................ZZ$$qq..??$$ff..................
........................oo$$qq..//$$ff..................
........................oo$$11..//$$ff..................
......................--88WW....``xxtt..................
......................YY$$CC........^^..................
......................qq$$xx............................
....................11@@&&::............................
....................ZZ$$00..............................
..................''ww$$uu......CC>>....................
..................::$$$$??......ddWW{{..................
..................uu$$**""......dd$$ff..................
..................hh$$UU........dd$$ff..................
..................]]$$]]........++uu??..................
........................................................
........................................................
........................................................
........................................................

 
 
 
 
0.0 0.0 0.1 0.2 0.0 0.0 0.0 0.0 0.0 0.0
Guessed: 3, Correct: 2
........................................................
........................................................
........................................................
........................................................
......................''||####uu((``''..................
....................''xx$$$$$$$$$$$$JJ;;................
....................ii@@$$$$$$$$$$$$$$LL''..............
....................::bb$$kkbbWW@@$$$$$$<<''............
......................::\\II....mm@@$$$$bb^^............
................................""**$$$$$$,,............
......................^^!!.."">>00$$$$$$&&""............
..................^^[[qq88OOdd$$$$$$$$$$YY..............
................``XX$$$$$$$$$$$$$$$$&&YY>>..............
................ll$$$$$$$$$$$$$$LL]]>>..................
................(($$$$$$kkJJ----""......................
................]]$$$$88++............II}}``............
..............::&&$$$$QQ..............bb$$,,............
..............]]$$$$**""............<<88$$,,............
............``qq$$$$QQ::||||||||,,..{{&&oo""............
............]]$$$$$$&&WW$$$$$$$$WWmm00QQII..............
............XX$$$$$$$$$$$$$$$$$$$$$$$$XX................
............XX$$$$$$$$$$$$$$$$$$$$$$$$JJ................
............XX$$mmccjj""""[[""ffOO$$$$bb""..............
............''``''..............//00$$!!''..............
........................................................
........................................................
........................................................
........................................................

 
 
 
 
0.0 0.0 0.0 0.0 0.0 0.3 0.0 0.0 0.3 0.0
Guessed: 5, Correct: 1
........................................................
........................................................
........................................................
........................................................
........................................................
........................................................
..........................mm&&~~........................
........................((BB$$vv........................
........................qq$$WWll..........((jjjj]]......
........................qq$$kk............hh$$$$UU......
......................""aa$$kk............hh$$$$UU......
......................~~$$$$ff............::IIII,,......
......................UU$$$$||..........................
......................UU$$@@??..........................
....................''CC$$BB............................
....................``$$$$OO............................
....................``$$$$vv............................
....................``$$$$vv............................
....................``$$$$vv............................
....................``$$$$vv............................
....................``$$$$vv............................
....................``$$$$vv............................
....................''00$$vv............................
......................UU$$vv............................
......................xx$$vv............................
......................;;MMvv............................
........................................................
........................................................

 
 
 
 
0.0 0.0 0.1 0.0 0.0 0.0 0.0 0.1 0.0 0.1
Guessed: 9, Correct: 3
........................................................
........................................................
........................................................
........................................................
........................................................
........................................................
........................................................
........................................................
..................``qq``ttCC;;hh$$--....................
..............[[00mm$$\\88@@88$$$$BB??..................
..............pp$$$$$$$$$$$$$$$$$$$$mm^^................
..............pp$$$$$$$$JJ\\OO}}bb$$WWII................
..............\\$$$$YY{{^^......``$$vv..................
..............;;//||..........''::@@""..................
..............................II$$uu....................
........................iiffaa@@@@''....................
..................``>>##88$$$$$$@@((``..................
..................'';;@@$$$$$$$$$$$$nn..................
......................@@88kk//]][[WWMMnn................
......................))__........>>BBmm``..............
....................................LL$$++..............
....................................00ooII..............
....................................%%jj................
....................................hh;;................
....................................II..................
..............tt""............{{,,......................
..............//CC......""....11>>......................
................11cc]]..cc..............................

 
 
 
 
0.0 0.0 0.2 0.0 0.0 0.0 0.1 0.0 0.0 0.0
Guessed: 2, Correct: 8
........................................................
........................................................
........................................................
........................................................
......................^^))aa$$$$bbqq--..................
....................__kk$$$$$$ooMM$$&&uu^^..............
....................(($$$$ww]]""ll$$$$$$>>..............
....................ww$$&&,,......CC$$wwII..............
....................hh$$nn........""::``................
....................hh$$nn..............................
....................hh$$&&,,............................
....................nn$$$$((............................
....................__BB$$bb;;..........................
......................[[$$$$OO............++jjjjQQ::....
........................^^kk$$rr''""}}ttcc%%$$$$&&||....
..........................CC$$$$00aa$$$$$$$$@@ww;;......
........................``ww$$$$$$$$$$&&mmuu--..........
....................!!((aa$$$$$$$$kk))ll................
..................jj88$$$$$$$$$$$$--....................
................;;##$$$$$$BB$$$$%%......................
................]]$$$$$$mmZZ$$$$rr......................
................}}$$$$$$$$$$$$MM,,......................
................IIMM$$$$$$$$ppII........................
..................<<ZZ$$cc??,,..........................
........................................................
........................................................
........................................................
........................................................

 
 
 
 
0.0 0.0 0.0 0.0 0.0 0.0 0.0 0.4 0.0 0.4
Guessed: 7, Correct: 9
........................................................
........................................................
........................................................
........................................................
........................................................
........................................................
....................ffqq%%$$vvxx^^......................
..................ff&&$$$$$$$$$$88??``..................
................++WW$$$$$$&&$$$$$$$$JJ^^................
..............^^pp$$$$&&||>>(($$BB88$$JJll..............
..............~~$$$$pp>>....""$$%%WW$$$$QQ..............
..............zz$$$$vv......<<$$$$$$$$$$QQ..............
............""dd$$WWll....iiOO$$$$$$$$$$uu..............
............!!$$$$mm......QQ$$$$$$$$$$$$<<..............
............!!$$$$]]......vv$$$$$$$$$$$$JJ..............
............''jj$$UU;;....``cc$$$$$$$$$$QQ..............
..............<<%%$$ooII""]]zz$$$$$$$$@@//..............
..................rr@@$$$$$$$$$$$$$$BBtt................
....................qq$$$$$$$$$$$$##[[..................
....................IIuu@@$$$$$$kk]]....................
......................\\BB$$$$hhII......................
......................**$$$$@@}}........................
....................QQBB$$$$XX..........................
....................kk$$$$$$}}..........................
....................kk$$$$((............................
....................kk$$XX``............................
........................................................
........................................................

 
 
 
 
0.0 0.0 0.0 0.0 0.2 0.0 0.0 0.8 0.0 0.0
Guessed: 7, Correct: 4
........................................................
........................................................
........................................................
........................................................
........................................................
........................................................
..................................``cc**kk))............
..............................II??oo$$$$$$xx............
........................``lljj88$$$$$$$$zz^^............
......................;;JJ$$$$$$**$$$$$$jj..............
....................;;**$$BBUU..kkqqhh$$((..............
..................{{oo$$hh]]...."",,##%%::..............
..............iiQQBBBBXX::........[[$$zz................
..........>>CCWW$$hh]]............hh$$((................
........YY88$$$$$$kk]]]]ll......""**$$!!................
......mm@@$$$$##kkkkkk88%%WWWWWW&&$$$$00JJWWdd..........
......++ccccccff^^....II<<<<{{cc%%$$QQcc)){{<<..........
..............................;;88BB>>..................
..............................LL$$XX....................
..............................BB$$<<....................
............................11$$kk^^....................
............................ww$${{......................
..........................;;$$$$;;......................
..........................tt$$%%::......................
........................::aa$$ww........................
........................IIbb$$11........................
........................................................
........................................................

 
 
 
 
0.0 0.0 0.1 0.0 0.0 0.0 0.0 0.0 0.0 0.0
Guessed: 2, Correct: 7
........................................................
........................................................
........................................................
........................................................
........................................................
..............ll&&$$aavv~~ii............................
............{{OO$$$$$$$$$$%%kkkkLL{{....................
..........~~$$$$$$$$&&kk##$$$$$$$$$$$${{................
..........~~$$$$$$$$]]..::~~uuaa$$$$$$%%ii..............
..........{{%%$$$$##::............&&$$&&II..............
............kk$$$$kk..............UU$$$$~~..............
............kk$$$$kk..............UU$$$$~~..............
............LL$$$$kk..............ff$$$$~~..............
............kk$$$$mm..............~~$$$$]]..............
............kk$$$$//..............(($$$$UU..............
..........ll&&$$$${{..............[[$$$$uu..............
..........^^aa$$$${{..............ff$$$$uu..............
............iikkLL................UU$$$$uu..............
..................................pp$$$$00LLkk{{........
......................^^((UUUUUU&&$$$$$$$$$$$$&&~~......
......................~~$$$$$$$$$$$$$$$$$$$$$$&&~~......
......................::kk$$$$$$$$$$$$$$&&$$&&{{........
........................--UU]]~~(($$$$&&uu00II..........
..................................$$$$$$~~..............
..................................$$$$$$~~..............
........................................................
........................................................
........................................................

 
 
 
 
0.5 0.0 0.0 0.0 0.0 0.0 0.1 0.0 0.0 0.0
Guessed: 0, Correct: 4
........................................................
........................................................
........................................................
................................::hh$$bb>>..............
..............................ii**$$$$$$UU..............
............................}}kk$$$$$$$$OO..............
..........................xx%%$$$$$$$$$$zz..............
..................::''..;;BB$$$$%%$$$$$$[[..............
................\\&&00;;pp$$$$88]]@@$$WW::..............
..............``qq$$$$WW@@$$BB??<<@@$$##................
..............rr$$$$$$$$$$$$rr..\\$$$$dd................
..............dd$$$$$$$$$$##;;..__$$$$rr................
............^^hh$$$$$$$$@@]]......@@$$rr................
............))$$$$$$$$$$JJ........@@$$rr................
............hh$$$$$$$$%%II........@@$$rr................
............$$$$$$$$BB}}..........@@$$rr................
............$$$$$$$$oo..........||$$$$rr....^^rr""......
............$$$$$$$$kk{{>>......\\$$$$rr..]]QQ$$hh??....
............$$$$$$$$$$$$%%MMMMXX88$$$$88MM@@$$$$$$YY....
............$$$$$$$$$$$$$$$$$$$$$$$$$$$$$$$$$$$$hh]]....
............\\**%%hhmmzzzzmmMMBB$$$$$$WWzzzzzz~~""......
..............................ii%%$$dd``................
..............................>>BB$$QQ..................
........................................................
........................................................
........................................................
........................................................
........................................................

 
 
 
 
0.0 0.0 0.0 0.9 0.0 0.0 0.0 0.0 0.0 0.0
Guessed: 3, Correct: 5
........................................................
........................................................
........................................................
........................................................
........................................................
............................uu$$$$WWii..................
..................<<rrMMmm@@$$$$$$$$aa..................
..................JJ$$$$$$$$$$$$$$$$oo..................
................\\@@$$$$$$$$$$$$$$$$CC..................
................??BB$$$$$$$$$$$$&&vv^^..................
..................mm$$$$$$$$$$$$**II....................
..................\\$$$$$$$$$$$$$$kkII..................
..................,,MM$$$$$$$$$$$$$$kkII................
....................CC%%$$ddmm&&$$$$$$uu................
......................~~__""..>>UU&&$$BBff..............
..................................]]&&$$MM..............
....................................00$$MM..............
..................................llMM$$MM..............
................................^^XX$$$$MM..............
..............................^^XX$$$$$$hh..............
..................--JJjjIIII__ZZ$$$$$$@@))..............
..................OO$$$$$$$$$$$$$$$$$$XX................
..................MM$$$$$$$$$$$$$$@@**ii................
..................##$$$$$$$$$$$$$$vv....................
..................<<xxxxLLww**xx\\......................
........................................................
........................................................
........................................................

 
 
 
 
0.0 0.0 0.0 0.1 0.0 0.0 0.0 0.0 0.6 0.0
Guessed: 8, Correct: 3
........................................................
........................................................
........................................................
........................................................
........................................................
........................<<ffuu$$pp""....................
....................[[oo&&$$$$$$$$CC....................
..................[[WW$$$$$$$$$$$$qq^^..................
..............''XX88$$$$$$$$$$$$$$$$]]..................
..............XX$$$$$$$$$$$$OOXX$$$$oo..................
........ll[[OO88$$$$$$$$##cc^^>>$$$$BB((................
........||BB$$$$$$$$MM((##mmmm**$$$$MMll................
..........oo$$$$$$$$&&kk$$$$$$$$$$$$&&--................
..........JJ$$$$kkXX##$$$$$$$$$$$$$$$$00--..............
..........^^!!!!::..mm$$$$$$$$$$$$$$$$$$88II............
....................CC$$$$$$MMoo[[]]OO&&$$!!............
....................,,ttqqttll........XX$$rr............
....................,,ff..............11$$$$[[..........
....................!!$$nn..............aa$$jj..........
....................!!$$##__^^........//aa$$oo..........
....................!!$$$$$$JJ......::kk$$$$oo..........
....................::hh$$$$$$$$$$$$$$$$$$$$oo..........
......................::aa$$$$$$$$$$$$$$$$$$OO..........
........................llpp%%$$$$$$$$$$$$**--..........
............................mm$$$$$$$$$$tt""............
........................................................
........................................................
........................................................

 
 
 
 
0.0 0.0 0.0 0.9 0.0 0.1 0.0 0.0 0.0 0.0
Guessed: 3, Correct: 5
........................................................
........................................................
........................................................
........................................................
........................................................
................pp$$$$mmrrrr11..........................
..............]]@@$$$$$$$$$$@@&&&&&&QQ``................
..............}}$$$$$$$$$$$$$$$$$$$$$$uu................
..............}}$$$$##$$$$$$$$$$$$$$$$YY................
..............}}$$WWii{{{{{{{{tt******uu................
..............}}$$88]]11UUUUUUUUcc""....................
..............!!##$$$$$$$$$$$$$$$$BB....................
................pp$$$$$$$$$$$$$$$$$$mm??................
................nn##$$$$$$$$$$$$$$$$$$YY................
..................lluuwwwwwwYYYYwwww$$&&??..............
..................................``MM$$WWii............
....................................>>BB$$]]............
......................................LL$$MM>>..........
......................................//$$$$}}..........
..................))UU................CC$$$$}}..........
..................00@@YY<<........~~**$$$$$$}}..........
..................00$$$$WW}}--))bbWW$$$$$$00,,..........
..................]]&&$$$$$$$$$$$$$$$$$$pp,,............
....................??%%$$$$$$$$$$$$$$qq??..............
......................__OO$$$$$$$$@@jj]]................
........................................................
........................................................
........................................................

 
 
 
 
0.0 0.0 0.0 0.1 0.0 0.0 0.0 0.0 1.0 0.0
Guessed: 8, Correct: 3
........................................................
........................................................
........................................................
........................................................
........................................................
......................//CC$$$$bb........................
..................>>MM$$$$$$$$$$}}......................
................>>WW$$$$$$$$$$$$bb......................
................**$$$$$$$$00MM$$@@}}....................
..............||@@$$$$??;;``qq$$$$11....................
............ii##$$$$vv``..;;aa$$88++....................
............JJ$$$$##;;..//##$$$$##II....................
............%%$$$$++IIwwBB$$$$$$$$##jj..................
............%%$$##;;11$$$$$$$$$$$$$$WWII................
............jjoo++..11$$$$$$$$kkqqWW$$uu................
..............II``..??%%$$88\\,,..zz$$BB}}..............
......................__cc++......^^CC$$dd..............
......................ii^^..........ll$$88::............
....................""ooYY^^........ll$$$$ff............
....................11$$$$YY^^......,,kk$$ff............
....................llMM$$$$mm--^^..ll$$$$ff............
......................pp@@$$$$$$mmYYLL$$$$ff............
........................pp$$$$$$$$$$$$$$$$//............
........................llYY$$$$$$$$$$$$WW..............
............................((YY$$$$$$88~~..............
........................................................
........................................................
........................................................

 
 
 
 
0.0 0.0 0.0 0.8 0.0 0.1 0.0 0.0 0.0 0.0
Guessed: 3, Correct: 5
........................................................
........................................................
........................................................
........................................................
............''{{++````((>>\\LL$$oo::....................
............::$$$$$$$$$$$$$$$$$$$$ff....................
............::$$$$$$$$$$$$$$$$$$$$QQ....................
..........^^||$$$$$$$$$$$$$$$$$$$$QQ....................
..........``\\qq$$@@zz\\\\\\\\\\\\??....................
..............YY$$88CCCCCCCCuu^^........................
..............nn&&$$$$$$$$$$$$YY^^......................
................]]$$$$$$$$$$$$$$))^^....................
................^^CC$$$$$$$$$$$$$$YY^^..................
..................^^qq$$$$$$##$$$$$$YY^^................
....................iiXXww||ll\\88$$$$UU``..............
................................>>mm$$$$--..............
..................................))$$$$mm``............
..................................))$$$$$$--............
................""{{............}}hh$$$$$$zz............
................ll@@##cc\\\\\\cc@@$$$$$$$$zz............
................ll$$$$$$$$$$$$$$$$$$$$$$$$%%^^..........
................,,aa$$$$$$$$$$$$$$$$$$$$hh))''..........
..................;;aa$$$$$$$$$$$$$$$$YY::..............
....................;;uuoo$$$$$$oouu11''................
........................................................
........................................................
........................................................
........................................................

 
 
 
 
0.2 0.0 0.0 0.1 0.0 0.0 0.0 0.0 0.0 0.0
Guessed: 0, Correct: 3
........................................................
........................................................
........................................................
........................................................
........................................................
......................^^jj$$$$$$bb''....................
....................''JJ$$$$$$$$$$``....................
....................QQ$$$$$$$$$$$$11....................
..................{{@@$$%%JJ??##$$nn....................
................[[MM$$ppii..IIMM$${{....................
..............jj&&$$$$ff....mm$$$$++....................
............ff@@$$$$ww``::UU@@$$$$%%ff''................
............00$$BBWW^^..>>$$$$$$$$$$$$JJ................
............??mm11......>>$$**aaCCaa$$&&>>..............
........................""}},,....``||$$QQ""............
....................................::MM$$++............
......................................??$$UU............
....................''//..............<<$$00............
....................``$$UU............<<$$00............
....................``88&&__..........;;**//............
......................zz$$&&--........<<$$++............
......................~~WW$$WWzz````{{dd$$++............
........................??$$$$$$kkkk$$$$WW!!............
........................;;UUWW$$$$$$$$&&__..............
............................//ZZ$$$$ww++................
........................................................
........................................................
........................................................

 
 
 
 
0.0 0.0 0.0 0.8 0.0 0.1 0.0 0.0 0.1 0.0
Guessed: 3, Correct: 9
........................................................
........................................................
........................................................
........................................................
........................................................
..............................uuuuqq$$qquu..............
..........................qq$$$$$$$$$$$$$$qq??..........
......................??$$$$$$$$$$$$$$$$$$$$uu..........
....................uu$$$$$$$$$$$$$$$$$$$$$$$$..........
....................uu$$$$$$$$uu??..??qq$$$$$$..........
....................$$$$$$$$??........uu$$$$$$..........
....................$$$$$$$$??........uu$$$$qq..........
....................$$$$$$$$$$??......uu$$$$uu..........
....................uu$$$$$$$$$$uu..??$$$$$$uu..........
....................??qq$$$$$$$$$$qq$$$$$$$$uu..........
........................qq$$$$$$$$$$$$$$$$qq............
..........................??$$$$$$$$$$$$$$..............
............................uu$$$$$$$$$$??..............
..........................uu$$$$$$$$$$uu................
....................??uu$$$$$$$$$$$$uu..................
................uu$$$$$$$$$$$$$$$$??....................
........qq$$$$$$$$$$$$$$$$$$$$uu........................
......qq$$$$$$$$$$$$$$$$$$qq??..........................
......$$$$$$$$$$$$$$qq??................................
......uuqq$$qquuuu......................................
........................................................
........................................................
........................................................

 
 
 
 
0.0 0.0 0.0 0.0 0.0 0.0 0.0 0.0 0.2 0.1
Guessed: 8, Correct: 9
........................................................
........................................................
........................................................
........................................................
........................................................
......................;;JJ$$$$$$$$$$aauu::``............
....................IIoo$$$$$$$$$$$$$$$$$$kk{{''........
..................,,aa$$$$$$$$$$$$$$$$$$$$$$$$""........
................''jj$$$$$$$$&&ppzzMMMM@@$$$$$$||''......
................//$$$$$$BBppII........11&&$$$$$$``......
..............lloo$$$$$$ww..............kk$$$$$$``......
............''LL$$$$$$kkII..............\\$$$$$$``......
............""$$$$$$$$11................nn$$$$$$``......
............""$$$$$$$$xx>>..>>++++^^....##$$$$00''......
............``00$$$$$$$$88ww&&$$$$bb--..##$$$$tt........
..............>>##$$$$$$$$$$$$$$$$$$vv//BB$$$$""........
................ttqq$$$$$$$$$$$$$$$$YYBB$$$$$$""........
..................``??00000000pp$$$$$$$$$$$$nn''........
............................??vv$$$$$$$$$$QQ''..........
........................::xxBB$$$$$$$$$$00ll............
..........~~\\\\\\\\\\mmWW$$$$$$$$$$$$oo::..............
..........uu$$$$$$$$$$$$$$$$$$$$$$QQtt""................
..........uu$$$$$$$$$$$$$$$$$$QQ>>``....................
..........uu$$$$$$$$$$$$$$00>>''........................
..........``vv$$%%qquuuu>>''............................
........................................................
........................................................
........................................................

 
 
 
 
0.1 0.0 0.3 0.0 0.0 0.0 0.0 0.0 0.3 0.1
Guessed: 8, Correct: 9
........................................................
........................................................
........................................................
........................................................
........................................................
........................""]]vvXX$$$$$$$$$$hh{{''........
....................^^]]%%$$$$$$$$$$$$$$$$$$$$^^........
..................^^QQ$$$$$$$$$$$$$$$$$$$$$$$$^^........
................""QQ$$$$$$$$$$kkuu1111rrBB$$$$^^........
................(($$$$$$$$pp]]........++88$$$$^^........
..............""bb$$$$##uu''........,,mm$$$$$$^^........
..............YY$$$$$$JJ............--$$$$$$oo^^........
..............00$$$$$$ff............tt$$$$ooll..........
............!!BB$$$$$$!!..........::aa$$$$JJ............
............!!$$$$$$$$ddxx``......LL$$$$$$JJ............
..............QQ$$$$$$$$$$$$ppvvUU$$$$$$$$JJ............
..............::cc@@$$$$$$$$$$$$$$$$$$$$$$JJ............
..................[[pp@@$$$$$$$$$$$$$$$$%%vv............
......................[[mm$$$$$$$$$$%%00++..............
....................~~QQBB$$$$$$$$qq++..................
..............""[[tt%%$$$$$$$$BBLL::....................
........>>JJkkoo$$$$$$$$$$$$hh||........................
........vv$$$$$$$$$$$$$$aaii,,..........................
........vv$$$$$$$$$$oo\\""..............................
........}}$$$$WWvvii^^..................................
........................................................
........................................................
........................................................

 
 
 
 
0.6 0.0 0.0 0.0 0.0 0.0 0.0 0.0 0.0 0.0
Guessed: 0, Correct: 9
........................................................
........................................................
........................................................
........................................................
........................................................
................................iioo$$$$pp<<............
............................{{00$$$$$$$$$$00""..........
........................\\dd88$$pp++++tt$$$$||..........
....................iiLL$$$$$$UU""......$$$$QQ..........
..................>>WW$$$$hh;;..........$$$$QQ..........
................``ww$$$$vvII............$$$$QQ..........
................kk$$$$nn..............ii$$$$QQ..........
..............UU$$$$ZZ''..............LL$$$$rr..........
............\\$$$$hh;;..............11$$$$hh;;..........
..........""hh$$BB??................ff$$BB??............
..........||$$$$\\................vv88$$ww..............
........""kk$$$$................OO%%$$$$--..............
........II$$$$zz..........``??qq$$$$$$%%................
........II$$$$zz......;;]]ww$$$$$$$$$$jj................
........II$$$$MMvvffdd##$$$$##QQkk$$##::................
........,,oo$$$$$$$$$$$$$$UU::..$$$$QQ..................
..........}}YY##MM##wwjj......}}$$$$tt..................
............................__%%$$oo::..................
............................11$$$$ff....................
..........................;;hh$$MM^^....................
........................................................
........................................................
........................................................

 
 
 
 
0.0 0.0 0.0 0.0 0.0 0.0 0.0 0.1 0.7 0.9
Guessed: 9, Correct: 8
........................................................
........................................................
........................................................
........................................................
........................................................
........................................................
........................................................
................''ii##aa88$$pp$$$$$$00vv||..............
................>>BB$$$$$$%%MM$$%%$$$$$$**//""..........
..................JJzz||||++..((++jjoo%%$$$$00``........
..............ll[[00{{................__aa$$$$;;........
............``ZZ$$$$dd!!................vv$$$${{........
............;;hhppCC$$kkpp}}............vv$$##,,........
............``,,^^;;zzdd$$hh((......iirraa$$__..........
......................++pp$$$$((..}}##$$##jj``..........
........................^^OO$$BBnn%%$$OO//..............
..........................--BB$$&&kkWWii................
..........................##$$$$%%uuii..................
........................<<qq$$$$@@cc....................
....................II||11%%$$$$aa......................
....................xxMMrr%%WWzz!!......................
................;;}}}}!!IIhh**II........................
................||qq>>....QQppII........................
................??!!..]]kk||<<..........................
............]]zz....}}YY$${{............................
..........``qqkk....vvooii''............................
..........``uuuuZZ??||^^................................
........................................................

 
 
 
 
0.0 0.0 0.5 0.0 0.0 0.0 0.5 0.0 0.0 0.0
Guessed: 2, Correct: 6
........................................................
........................................................
............................LL$$II......................
..........................``//BB;;......................
..........................::\\qq........................
..........................QQjj\\........................
........................^^ww//..........................
........................11**,,..........................
........................ZZbb::..........................
........................{{``............................
........................\\..............^^..............
....................................++UULL..............
..................................~~00$$BB<<............
..............................^^``]]{{ZZ&&??............
..................ii!!........ZZII::..~~OO..............
..................??..........YY^^......??..............
................]]//....~~::..``..'',,..................
................>>ZZ^^..ww!!..``""nn}}..................
..................nn||ll>>::++UUpp\\....................
..................//}}**JJtt@@ooww::....................
..................zz88$$BB##zztt``......................
..................zzBB##WW[[............................
........................................................
........................................................
........................................................
........................................................
........................................................
........................................................

 
 
 
 
0.0 0.0 0.0 0.0 0.0 0.0 0.0 0.9 0.0 0.1
Guessed: 7, Correct: 9
........................................................
........................................................
........................................................
........................................................
........................................................
........................................................
........................................................
............................``>>mm$$YY..................
..........................>>ww$$ooqqzz..................
......................:://&&ww>>;;ll....................
....................11ww8811''..""II....................
..................00**!!........--))mmii................
................ffrr^^........;;vvCC$$\\................
................""................{{\\ii................
..........................""{{//{{//--..................
....................``..((++--..~~88<<..................
................""11>>..;;""....XXJJ....................
..............................>>ZZ--....................
..............................UUkk......................
............................(($$[[......................
..........................llkkpp........................
..........................{{##ll........................
........................``hh00..........................
........................ll[[;;..........................
......................--{{..............................
....................llOO--..............................
....................__WW................................
........................................................

 
 
 
 
0.0 0.0 0.0 0.1 0.0 0.0 0.0 1.0 0.0 0.1
Guessed: 7, Correct: 0
........................................................
........................................................
........................................................
........................................................
........................................................
........................................................
..................^^iizzBBppaa$$aazz::..................
................``LLww$$$$$$$$$$$$$$BB__................
................;;##&&hhqqxxzzwwhh$$$$OO................
................``ccZZUU;;......,,pp$$BB__..............
................uu00cc11""........QQ$$$$OO..............
............~~zz##>>..............ttpp$$ww..............
............!!XX..................::zz$$ww..............
............]]ww..................jj++$$ww..............
............__CC..................jjCC$$zz..............
..................................jjYY$$]]..............
............||cc................::uu\\**ll..............
............tt~~................hh$$88!!................
............11++..............~~%%$$jj..................
..........ll[[..............>>xxaaYY....................
..........................}}%%8800""....................
..........................kk@@WW||......................
..........!!^^..........>>$$hh..........................
..........vvllll..ll~~ffBB88++..........................
............}}WWhhhhhh$$aa||............................
............(($$$$WWqq>>""..............................
........................................................
........................................................

 
 
 
 
0.0 0.0 0.0 0.4 0.0 0.2 0.0 0.0 0.0 0.0
Guessed: 3, Correct: 5
........................................................
........................................................
..................................''uudd@@!!............
................................``xx%%ccuu..............
..............................,,((vv<<..................
..........................;;11xxrr......................
........................{{wwqqrr........................
......................}}>>ll))..........................
......................\\;;ddXX}}........................
......................\\;;%%$$@@CCrr....................
......................^^''qq$$$$$$@@rr..................
..........................??dd$$$$$$##))................
............................__]]zzqq@@$$OO''............
................................ll}}vvhhkk""............
......................................--CC..............
................""~~^^................[[||..............
..............""YY##!!..............>>&&zz..............
..............((qq<<..............~~rr**<<..............
............IIkk88mm,,......``}}""ddkk;;^^..............
............;;**$$$$##****//LL88ZZqqoo~~................
..............ii##$$$$$$$$$$$$$$&&//<<!!................
................^^//vvvvww$$@@}}vv>>....................
........................................................
........................................................
........................................................
........................................................
........................................................
........................................................

 
 
 
 
0.0 0.0 0.0 0.0 0.0 0.2 0.0 0.0 0.0 0.1
Guessed: 5, Correct: 9
........................................................
........................................................
........................................................
........................................................
........................................................
........................................................
................................''||BBCC^^..............
..............................::ZZ$$$$$$//..............
..........................^^||**$$dduuCC\\..............
........................::##$$WW]]..``,,II..............
......................<<bbBBUUll....rr..................
....................::OO%%xx........UU..................
..................''nn%%||........^^....................
..................))$$dd........rr**!!..................
..................//$$zz....--XXbb$$jj..................
..................//$$ooII::ttrrww$$jj..................
..................__bb$$%%oo__""YYMM++..................
....................>>zzQQ}}....vvbb....................
..............................iioobb....................
..............................xx$$nn....................
..............................ZZZZ::....................
............................II88||......................
..........................<<mm88]]......................
..........................XX$$hh''......................
........................<<88$$//........................
........................{{88uu''........................
........................................................
........................................................

 
 
 
 
0.0 0.0 0.0 0.0 0.7 0.0 0.0 0.3 0.0 0.0
Guessed: 4, Correct: 8
........................................................
........................................................
........................................................
........................................................
........................................................
................--$$##;;................................
................jj$$hh""................................
................jj$$$$||................................
................--$$$$kk""..............~~..............
..................}}kkZZ$$""..........<<QQ..............
....................::00**qq........ii??^^..............
........................LLww........00&&::..............
........................jjjj\\~~..--kk}}''..............
.........................."">>IIuu8888YY................
............................uu$$$$hh||..................
..........................;;&&$$$$zz<<..................
..........................ZZ$$$$$$qq00;;................
..........................$$$$kk""..}};;................
........................}}XXdd{{........................
......................??00<<II..........................
......................^^IIQQ^^........~~................
......................ii;;,,^^........vv%%..............
........................))//11ii;;``tt||zz..............
..........................::##&&##kkdd++ll..............
............................||zzqqMM^^..................
........................................................
........................................................
........................................................

 
 
 
 
0.1 0.0 0.0 0.0 0.0 0.6 0.0 0.0 0.0 0.0
Guessed: 5, Correct: 0
........................................................
........................................................
........................................................
........................................................
........................................................
........................................................
............................................__\\~~''....
........................................__xxBB$$$$||....
....................................""tt%%BBbbzz00mm....
..................................rrMM$$**{{....iiuu....
................................vv%%$$zz::........??....
............................__pp$$$$88;;................
........................""))88aauuvvoo::................
........................ww$$WW^^``##dd..................
....................""pp$$cc``..--$$nn..................
................''__aa$$mm^^..''OOww::..................
..............''11&&@@cc....``XXBB||....................
..............;;$$%%11....``(($$YY......................
............``pp%%}}......jj$$QQ........................
............))$$qq....~~QQ88cc''........................
............oo88II--00BB##??............................
............&&$$##$$BBLL;;..............................
............~~ppBBZZ--..................................
..............''""......................................
........................................................
........................................................
........................................................
........................................................

 
 
 
 
0.0 0.3 0.0 0.0 0.0 0.0 0.3 0.0 0.0 0.0
Guessed: 6, Correct: 1
........................................................
........................................................
........................................................
........................................................
..................................zz$$$$zz..............
................................jj$$@@$$@@..............
..............................zz$$$$$$$$11..............
............................jj$$@@$$@@$$11..............
..........................IIdd$$$$$$$$jj................
..........................11@@$$@@$$cc..................
........................__$$$$$$$$$$11..................
........................QQ$$@@$$@@ddII..................
......................IIdd$$$$$$dd......................
......................dd@@$$@@$$11......................
....................__$$$$$$$$$$11......................
....................QQ$$@@$$@@ddII......jjjj............
....................00$$$$$$$$00........jjjj............
..................__##$$@@$$@@QQjj00QQjj................
..................11$$$$$$$$$$$$$$$$11..................
..................dd@@$$@@$$@@$$@@ddII..................
................00$$$$$$$$$$$$MM++......................
................QQ$$@@$$@@$$cc++........................
................jjdd$$$$$$jj............................
..................IIdd$$cc..............................
........................................................
........................................................
........................................................
........................................................

 
 
 
 
0.0 0.0 0.0 0.1 0.0 0.0 0.2 0.0 0.0 0.0
Guessed: 6, Correct: 0
........................................................
........................................................
........................................................
..............................iiBB((....................
............................jjxx<<''....................
............................!!%%tt......................
..............................^^''......................
........................................................
..............................II--ll....................
..........................IIXX%%$$&&ll..................
......................llww%%$$BBBB$$[[..................
......................ZZ$$BBpp||WW$$WW<<................
....................ff@@ppll..\\88nnaa##^^..............
..................]]@@aaII..""xx++..!!BBZZ..............
................^^ppMMII..............UU88..............
................]]$$nn................YY88..............
................]]$$ii..............::%%qq..............
................]]$$::............""mm88,,..............
................??$$11..........^^vvBBff................
..................&&00........::kk%%{{..................
..................((oo""..'']]**88ff....................
..................::hhpp((UU$$##ii......................
....................::ZZ$$88nn""........................
........................................................
........................................................
........................................................
........................................................
........................................................

 
 
 
 
0.0 0.3 0.0 0.1 0.0 0.0 0.0 0.0 0.0 0.0
Guessed: 1, Correct: 7
........................................................
........................................................
........................................................
........................................................
........................................................
........................``ffccBB$$$$$$$$$$>>............
........................__$$88****LLLLBB$$UU............
........................::{{~~........mm$$bb^^..........
....................................""kk$$UU............
....................................XX$$$$__............
..................................II%%$$mm``............
................................]]BB$$qq^^..............
..............................^^dd$$88jj................
..............................vv$$@@[[..................
..........................!!QQBBBB]]....................
..........................||BB$$kk......................
........................~~BB$$bb::......................
......................((&&$$aa!!''......................
..................'';;hh$$BBii..........................
..................}}$$$$**;;............................
................((hh$$kk]]..............................
..............YYBB$$YY;;................................
..........__00BB$$rr;;..................................
......^^rr%%$$**UU``....................................
......^^hh$$uu^^........................................
........................................................
........................................................
........................................................

 
 
 
 
0.0 0.0 0.0 0.0 0.2 0.0 0.0 0.0 0.3 0.0
Guessed: 8, Correct: 4
........................................................
........................................................
........................................................
........................................................
........................................................
........................................................
................................,,[[,,..................
..............................||bbbb``........~~{{......
............................__hhaall......!!CC%%UU......
..........................--88rr;;......]]@@**~~........
........................JJ88nn........uu$$mm!!..........
......................jj$$UU......^^mm$$mm``............
....................++&&pp;;....~~ppWWQQ``..............
....................qqBB??....--WW##//..................
....................qq%%xxffzz$$oo[[....................
....................uuoo$$$$$$bb``......................
......................))$$$$cc..........................
....................--00BBuull..........................
..................IIOO&&xx..............................
................II88%%\\................................
..............__88**;;..................................
............,,ddoo__....................................
..........,,LLmm--......................................
..........ttpp??........................................
..........&&,,..........................................
........................................................
........................................................
........................................................

 
 
 
 
0.0 0.0 0.5 0.0 0.5 0.0 0.0 0.0 0.0 0.0
Guessed: 4, Correct: 2
........................................................
........................................................
........................................................
........................................................
........................................................
............................''((jjll``..................
..........................~~OO$$$$&&--..................
........................;;kk$$$$$$$$cc..................
........................~~BB$$$$$$$$nn""................
........................;;88$$$$$$$$$$XX................
..........................--]]]]CCBB$$MM!!..............
................................~~@@$$$$;;..............
..........^^++00WWWWWWLLjj::..,,uu@@$$&&>>..............
........;;00$$$$$$$$$$$$$$MMQQQQ$$$$$$rr................
........11BB$$$$$$$$$$$$$$$$$$$$$$$$BB>>................
........00$$$$UULLuu88$$$$$$$$$$$$$$$$ww~~..............
........nn@@$$$$$$$$$$$$$$$$$$$$$$$$$$$$@@uu;;..........
........;;WW$$$$$$$$$$$$88WWJJ]]ccJJ@@$$$$$$##??........
..........iiXXCCCCCC11]];;..........\\MM$$$$$$00........
........................................rr@@$$cc........
..........................................::;;``........
........................................................
........................................................
........................................................
........................................................
........................................................
........................................................
........................................................

 
 
 
 
0.0 0.7 0.0 0.0 0.0 0.0 0.0 0.0 0.8 0.0
Guessed: 8, Correct: 1
........................................................
........................................................
........................................................
........................................................
........................................................
..................................$$$$WW<<..............
..............................[[oo$$$$$$WW>>............
............................[[WW$$$$$$$$$$nn............
..........................''oo$$$$$$$$$$QQ..............
..........................ff$$$$$$$$$$&&--..............
........................>>&&$$$$$$$$WW]]................
......................``CC$$$$$$$$$$CC..................
......................!!$$$$$$$$$$qq""..................
......................\\$$$$$$$$$$......................
....................::bb$$$$$$$$$$......................
....................||$$$$$$$$$$YY......................
....................oo$$$$$$$$WW<<......................
....................**$$$$$$$$JJ........................
................''vvBB$$$$$$$$]]........................
................''$$$$$$$$$$$$]]........................
................''$$$$$$$$$$$$]]........................
................--$$$$$$$$$$rr..........................
................XX$$$$$$$$$$}}..........................
................nn$$$$$$$$88]]..........................
................''00$$$$$$XX............................
........................................................
........................................................
........................................................

 
 
 
 
0.0 0.1 0.0 0.0 0.0 0.0 0.0 0.0 0.1 0.0
Guessed: 8, Correct: 1
........................................................
........................................................
........................................................
........................................................
....................^^CC%%II............................
....................~~$$$$bb............................
............<<......~~$$$$@@<<..........................
....................~~$$$$$$++..........................
....................!!&&$$$$))..........!!..............
......................dd$$$$LL..........bb``............
......................OO$$$$LL..........aa``............
......................))$$$$&&""........aa``............
......................))$$$$$$,,........aa``............
......................))$$$$$$,,........aa``............
......................))$$$$$$,,........aa``............
......................))$$$$$$,,........aa``............
......................))$$$$&&""........QQ''............
......................))$$$$LL..........aa``............
......................))$$$$@@""........aa``............
......................))$$$$$$,,........aa``............
......................))$$$$$$,,........aa``............
......................))$$$$$$}}........aa``............
......................--**$$$$nn........UU``............
........................{{$$$$nn........................
........................................................
........................................................
........................................................
........................................................

 
 
 
 
0.0 0.1 0.2 0.0 0.0 0.0 0.0 0.0 0.7 0.0
Guessed: 8, Correct: 2
........................................................
........................................................
........................................................
........................................................
..........................>>zz%%$$ZZ>>..................
........................::##$$$$$$$$ww``................
........................kk$$$$$$$$$$$$??................
......................UU$$$$$$$$$$$$$$zz................
....................11$$$$$$$$MM$$$$$$zz................
....................ff$$$$$$dd!!$$$$$$jj................
..................::oo$$$$$${{YY$$$$##::................
..................__$$$$$$bb>>88$$$$QQ..................
....................dd$$$$11\\$$$$$$++..................
....................//ddww??&&$$$$qq::..................
..........................XX$$$$$$11....................
........................;;%%$$$$%%<<....................
........................kk$$$$$$~~......................
......................\\$$$$$$MM........................
....................??BB$$$$$$ZZ........................
................""jjhh$$$$$$$$$$MM##~~..................
................$$$$$$$$$$$$$$$$$$$$QQ..................
................$$$$$$$$$$$$$$$$$$$$((..................
................oo$$$$$$$$$$$$$$$$00""..................
................IIoo$$$$qqzzzzzzzz<<....................
........................................................
........................................................
........................................................
........................................................

 
 
 
 
0.0 0.0 0.0 0.1 0.0 0.2 0.0 0.0 0.1 0.0
Guessed: 5, Correct: 3
........................................................
........................................................
........................................................
........................................................
..............................<<&&$$$$--................
..............................ff$$$$$$//................
..........................IIrraa$$BBoo..................
......................''>>**$$$$$$vv''..................
......................00$$$$$$$$$$$$00--................
..................[[oo$$$$$$$$$$$$$$$$XX................
..........``!!\\mmWW$$$$$$$$$$$$$$$$$$nn................
........>>CC$$$$$$$$$$$$$$YYqq$$$$$$QQ..................
........**$$$$$$##XXXX..||aa$$$$$$JJ....................
........[[ZZZZrr))[[JJ**BB$$$$$$hhll....................
..............{{%%$$$$$$$$$$$$$$$$bb\\::................
..............ff$$$$$$$$hhtttt00$$$$$$hh::..............
..............--XXii............>>CC$$$$mm..............
..................................!!$$$$%%--............
..................................,,qq$$$$]]............
..................................!!$$$$$$]]............
..............<<&&[[............||aa$$$$mm..............
............''YY$$nn[[[[[[[[[[vvBB$$$$##>>..............
............''WW$$$$$$$$$$$$$$$$$$BBoonn................
..............ff$$$$$$$$$$$$$$$$$$vv....................
........................................................
........................................................
........................................................
........................................................

 
 
 
 
0.0 0.0 0.0 0.0 0.4 0.2 0.0 0.0 0.2 0.0
Guessed: 4, Correct: 8
........................................................
........................................................
........................................................
........................................................
........................................................
........................................................
....................................................::11
..................^^::............................??CCXX
................IIddBB000000((__................uuaazz""
................uu$$$$$$$$$$$$88{{............aa%%XX""..
................pp**II....QQ%%oo..........^^**$$UU......
................pp$${{......<<ll........||kk$$\\,,......
................pp$$ZZ..............""((%%88++^^........
................~~aaBBnn..........IIOO$$wwII............
..................XX$$%%{{......]]aa$$OO""..............
....................JJ$$hh{{""YY$$$$YY..................
....................``JJ$$%%aa$$$$mmII..................
......................``UU$$$$%%\\``....................
......................,,tt$$$$kk........................
....................--**$$$$oo[[........................
..................]]BB$$$$$$tt..........................
................~~aa$$$$ooUU,,..........................
................((WW##nnII..............................
........................................................
........................................................
........................................................
........................................................
........................................................

 
 
 
 
0.0 0.0 0.0 0.0 0.0 0.1 0.1 0.0 0.0 0.0
Guessed: 5, Correct: 8
........................................................
........................................................
........................................................
........................................................
........................................................
........................................................
........................................................
........................................................
........................................................
........................................................
....................................................IIll
....................''>>\\JJqq##UU::....::[[\\JJqq##MMJJ
..................--**$$ooJJYYYY##ddccwwBBWWCCYY((__^^..
..................ZZwwII''..[[mm@@kkCC||ll^^............
..................nn%%\\rrmmBBJJ~~''....................
..................^^oo$$$$tt^^..........................
................``ddaa\\MMQQ^^..........................
................YYWW!!..~~%%QQ..........................
................MMuu......QQaa..........................
................MMaavvYY00BB\\..........................
................::YY##ooCC--............................
........................................................
........................................................
........................................................
........................................................
........................................................
........................................................
........................................................

 
 
 
 
0.0 0.0 0.0 0.0 0.0 0.0 0.5 0.0 0.1 0.0
Guessed: 6, Correct: 8
........................................................
........................................................
........................................................
........................................................
..................~~cc$$$$$$$$YY^^......................
................!!OO$$$$$$$$$$$$pp,,....................
................ww$$$$$$hhmmhh$$$$xx....................
..............ii88$$$$$$((..,,YY$$kk....................
..............<<$$$$$$WW^^......11jj....................
..............<<$$$$$$jj................................
..............ii88$$$$cc................................
................UU$$$$BB\\....................ll........
................""xx$$$$BBYY..............--hhdd,,......
..................^^uu$$$$BBqq^^........CC%%$$$$>>......
......................||$$$$$$$$zzCC$$$$$$$$$$xx........
..................{{CC$$$$$$$$$$$$$$$$$$$$@@vv;;........
................::**$$$$$$$$$$$$$$$$$$$$qq--............
................LL$$$$$$$$$$$$$$$$$$$$hh""..............
................ww$$$$$$JJ::::::bb$$$$$$::..............
................ww$$$$$$((......bb$$$$$$;;..............
................LL$$$$$$pp}}))ff$$$$$$$$::..............
................::qq$$$$$$$$$$$$$$$$$$UU``..............
..................__CC$$$$$$$$$$$$$$MMII................
......................;;||QQbbbbqqrr,,..................
........................................................
........................................................
........................................................
........................................................

 
 
 
 
0.0 0.0 0.0 0.0 0.0 0.0 0.0 0.0 0.5 0.5
Guessed: 8, Correct: 9
........................................................
........................................................
........................................................
........................................................
........................................................
........................................................
................;;xxBB$$QQ{{............................
..............!!MM$$$$$$$$%%ff``........................
..............CC$$$$$$88WW$$$$rr........................
............>>88$$$$QQII..bb$$\\........................
............??$$$$$$nn....``>>``........................
............IIWW$$$$nn..................................
..............||$$$$CC........^^uu11....................
................qqBB@@kknn::\\mm$$$$--..................
..................--mmWW$$$$$$$$$$$$88>>................
......................++YY$$$$$$$$$$$$--................
..............................uu$$$$$$--................
..............................nn$$$$$$--................
..............................nn$$$$$$--................
..............................nn$$$$$$--................
..............................nn$$$$$$--................
..............................uu$$$$WWII................
..............................nn$$$$aa..................
..............................nn$$$$@@__................
..............................nn$$$$$$--................
..............................IIoo$$OO^^................
........................................................
........................................................

 
 
 
 
0.0 0.0 0.0 0.0 0.1 0.0 0.0 0.0 0.0 0.2
Guessed: 9, Correct: 4
........................................................
........................................................
........................................................
........................................................
........................................................
................;;aa@@rr''..............................
................mm$$$$$$vv..............................
..............>>MM$$$$$$ZZ}}qqqq]]......................
..............,,hh$$$$$$$$$$$$$$&&;;....................
..............}}$$$$$$$$$$$$$$$$$$uu....................
..............}}$$$$$$$$$$$$$$$$$$$$}}..................
..............}}$$$$$$$$$$$$$$$$$$$$uu..................
..............}}$$$$$$$$$$rr$$$$$$$$$$""................
..............}}$$$$$$$$$$!!aa$$$$$$$$""................
..............++88$$$$$$$$??hh$$$$$$$$""................
................QQ$$$$$$$$WW%%$$$$$$$$jj................
................::bb$$$$$$$$$$$$$$$$$$**jj..............
..................}}pp$$$$$$$$$$$$$$$$$$**ff''..........
....................^^uu$$$$$$$$$$$$$$$$$$$$}}..........
........................""--UUMM$$$$$$$$LLUU>>..........
..............................ww$$$$$$$$!!..............
..............................}}$$$$$$$$]]..............
..............................~~$$$$$$$$00..............
..............................::qq$$$$$$00..............
................................""pp$$$$||..............
........................................................
........................................................
........................................................

 
 
 
 
0.0 0.0 0.9 0.1 0.0 0.0 0.0 0.0 0.0 0.0
Guessed: 2, Correct: 7
........................................................
........................................................
........................................................
........................................................
........................................................
......................jj88$$MMii??rrrrrr;;..............
..................``QQ$$$$$$$$%%BB$$$$$$kkII............
..................^^oo$$$$$$$$$$$$$$$$$$$$}}............
....................//ddBB88ddddrr))BB$$$$}}............
........................[[__....``aa$$$$pp;;............
..............................''||$$$$$$++..............
..............................\\$$$$$$hhII..............
............................::kk$$$$UU``................
..........................;;pp$$$$hh;;..................
..........................tt$$$$@@;;....................
........................>>oo$$@@nn......................
............^^IIIIIIII))BB$$$$BBQQQQQQQQQQQQQQ}}........
..........__ZZ$$$$$$$$$$$$$$$$$$$$$$$$$$@@BBBBjj........
........__%%$$$$$$$$$$$$$$$$$$$$$$$$$$XX\\..............
........@@$$$$$$$$$$$$$$oojj""""""""""''................
........hh##00????$$$$$$>>..............................
........;;!!..""LL$$**uu``..............................
..............}}$$$$xx..................................
..............pp@@YY<<..................................
..............pp**......................................
........................................................
........................................................
........................................................

 
 
 
 
0.0 0.0 1.0 0.0 0.0 0.0 0.0 0.0 0.0 0.0
Guessed: 2, Correct: 7
........................................................
........................................................
........................................................
........................................................
........................................................
........................................................
................................``""""''................
................''::::\\-->>XXXXOO$$$$rr''..............
................(($$$$$$$$$$$$$$$$$$$$$$!!..............
................uu$$$$$$$$@@####WW$$$$$$!!..............
................``((((((((}}..^^JJ$$$$mm""..............
..............................11$$$$bb""................
............................??&&$$oo{{..................
..........................!!&&$$88>>....................
........................^^CC$$$$JJ......................
........................}}$$$$hh""......;;>>--]]]]]]....
..............``}}}}}}||&&$$$$uu__OObbbb**&&@@$$$$**....
............>>hh$$$$$$$$$$$$$$%%%%$$$$$$##OOOOOO++;;....
............&&$$$$$$$$$$$$$$ppQQQQQQuu>>II..............
............hhkkUU__$$$$88}}^^..........................
............,,""..;;$$$$aa..............................
..................""aa$$aa..............................
....................IIooaa..............................
......................^^^^..............................
........................................................
........................................................
........................................................
........................................................

 
 
 
 
0.7 0.0 0.0 0.0 0.0 1.0 0.0 0.0 0.0 0.0
Guessed: 5, Correct: 0
........................................................
........................................................
........................................................
........................................................
........................................................
........................................................
........................................................
......................................>>//hhhhQQ^^......
..............................^^jjbbWW88$$$$$$$$uu......
..........................::uu$$$$$$&&WWjjjjUU$$$$......
......................^^}}&&$$$$$$ww,,......]]$$$$......
....................iiJJ$$$$$$BBff::........UU$$QQ......
..................>>&&$$$$$$hh||..........vv88$$>>......
................>>WW$$$$$$hh::..........nnBB$$jj''......
..............ii&&$$WW--bb>>........~~qq$$@@jj..........
............IIJJ$$WW>>..........^^uupp$$@@rr............
..........``ww$$$$++........llvvdd$$$$**--..............
..........??$$$$OO``....]]vvMM$$$$$$vv;;................
..........%%$$$$YYjjZZWWBB$$$$%%cc++``..................
..........BB$$$$$$$$$$$$$$&&nn..........................
..........~~LLkkkkkkhhvv((,,............................
........................................................
........................................................
........................................................
........................................................
........................................................
........................................................
........................................................

 
 
 
 
0.0 0.0 0.7 0.0 0.0 0.0 0.0 0.7 0.0 0.0
Guessed: 2, Correct: 7
........................................................
........................................................
........................................................
........................................................
........................................................
........................................................
....................;;!!......~~ttttYY88zz((............
................{{uuWW&&JJMMMM88$$$$$$$$$$@@11..........
..............II##$$$$$$$$$$$$oo000088$$$$88--..........
..............::**$$$$$$BBwwwwII..;;UU$$$$OO............
................++??????__........xx$$$$aa::............
..............................::QQBB$$ww--..............
..............................vv$$$$$$++................
..........................''11$$$$88nn::................
..........................""$$$$$$;;....................
........................""dd$$$$bb""..........]]__......
..............iittaa8888%%$$$$$$qqJJ8888888888BBBB......
............oo&&$$$$$$$$$$$$$$$$$$$$$$$$$$$$ppCC))......
..........//@@$$$$$$$$$$$$$$hhOO<<iiiiiiiiii""..........
..........JJ$$MM[[]]oo$$hhtt;;..........................
..........??cc>>..cc$$$$xx..............................
..................??$$$$vv..............................
..................UU$$aa!!..............................
..................rr88XX................................
........................................................
........................................................
........................................................
........................................................

 
 
 
 
0.0 0.0 1.0 0.2 0.0 0.0 0.0 0.0 0.0 0.0
Guessed: 2, Correct: 7
........................................................
........................................................
........................................................
........................................................
........................................................
........................````````ffuu88$$$$dd''..........
..................^^!!cc##$$$$$$$$$$$$$$$$$$``..........
................::oo$$$$$$$$$$88&&&&nn88$$$$``..........
................ii$$@@MMdd////::....^^WW$$00''..........
................""\\{{..............jj$$$$""............
..................................__%%$$mm``............
................................""mm$$&&__..............
..............................,,mm$$$$nn................
..............................00$$$$kk::................
............................++88$$WW;;..................
..........................::mm$$$$nnII]]]]!!............
......................,,}}mm$$$$$$kk**$$$$ii............
..............^^{{//kkoo$$$$$$$$$$$$$$mm__''............
..........~~CCoo$$$$$$$$$$$$$$mmQQxx>>``................
......~~CC88$$$$$$$$$$$$$$MM--``........................
......uu$$$$$$%%JJ[[mm$$WW~~............................
......}}YYYY}}::..((BB$${{..............................
..................QQ$$WWii..............................
..................QQ$$zz................................
..................QQ$$[[................................
........................................................
........................................................
........................................................

 
 
 
 
0.0 0.0 0.0 0.0 0.0 0.1 0.0 0.0 0.1 0.0
Guessed: 5, Correct: 8
........................................................
........................................................
........................................................
........................................................
........................................................
....................''++QQdd$$MMWWMM$$$$XX""............
..................^^zz$$$$$$$$$$$$$$@@$$$$nn''..........
................||**$$$$$$//??????__--&&$$WW""..........
..............II%%$$$$ddUU``......::UU%%QQ]]............
..............tt$$mm~~``........II((hh((^^..............
..............tt$$mm;;......,,wwmm++++..................
..............::kk$$88//{{QQOOll^^......................
................::##$$$$$$CC;;..........................
..................uu$$$$$$@@ww<<........................
................IIkk88nn((oo$$$$mm::....................
................dd$$((....~~LL$$$$aa;;..................
..............""**hh..........++**$$&&;;................
..............ttWW!!............llMM$$hh,,..............
..............||BB//..............~~MM$$}}..............
..............""MMoo::..............JJ$$xx..............
................uu$$CC;;............<<$$qq..............
................--%%$$oo((;;......>>LL$$jj..............
..................\\%%$$$$88WWWWWW@@$$%%II..............
....................++ppBB$$$$$$$$$$BB>>................
......................''}}00####00cc;;..................
........................................................
........................................................
........................................................

 
 
 
 
0.0 0.0 0.0 0.8 0.0 0.1 0.0 0.0 0.0 0.0
Guessed: 3, Correct: 5
........................................................
........................................................
........................................................
....................~~BBJJ..............................
....................))$$88ii........++""................
....................))$$$$\\......""hhzz''..............
....................))$$$$vv''^^>>kk$$$$``..............
....................))$$$$$$ppkk$$$$$$**''..............
....................cc$$$$$$$$$$$$$$**!!................
....................dd$$$$$$$$$$$$ddll..................
....................dd$$$$wwQQQQ{{''....................
....................||$$$$??''..........................
....................]]MM$$$$ff..........................
......................!!**$$@@uu,,......................
........................!!hh$$$$bb;;....................
............................zz$$$$BB{{..................
............................``[[pp$$%%}}................
................................``&&$$LL''..............
..................................LL$$$$``..............
..........<<11!!//////++;;////OOaa$$$$$$~~..............
..........jj$$$$$$$$$$$$@@$$$$$$$$$$$$dd``..............
..........!!zz88$$$$$$$$$$$$$$$$$$$$kk--................
..............II>>XXmm$$$$$$$$WWXXvv""..................
........................................................
........................................................
........................................................
........................................................
........................................................

 
 
 
 
0.0 0.0 0.0 0.0 0.0 0.0 0.0 0.0 0.3 0.2
Guessed: 8, Correct: 9
........................................................
........................................................
........................................................
........................................................
........................................................
........................................................
..........................''``\\LL$$$$$$YY{{''..........
..........................++$$$$$$$$$$@@@@$$;;..........
........................||**$$$$@@ddff[[zzBB::..........
........................QQ$$@@cc}}..::``..jj............
......................;;**$$xx..>>JJ&&rr................
......................ii$$BB--..))$$$$QQ................
......................ii$$&&{{}}&&$$$$QQ................
......................II&&$$$$$$$$$$OO++................
........................zz$$$$$$$$88ii..................
........................""pp$$$$$$))....................
........................""pp$$$$bb""....................
........................zz$$$$$$YY......................
......................]]88$$$$&&>>......................
....................;;88$$$$$$))........................
....................}}$$$$$$CC^^........................
....................JJ$$$$hh^^..........................
....................JJ$$&&__............................
..................;;BB$$YY..............................
..................;;$$$$@@%%uu..........................
..................""kk$$$$kk''..........................
........................................................
........................................................

 
 
 
 
0.0 0.0 0.0 0.0 1.0 0.0 0.0 0.0 0.0 0.0
Guessed: 4, Correct: 9
........................................................
........................................................
........................................................
........................................................
............{{$$((......................................
............rr$$YY......................................
............;;{{<<......................................
..............................??}}OO;;..................
..........................IIqq@@$$$$))..................
......................))##&&$$$$$$$$))..................
..................''11@@$$$$kk}};;88~~``................
..................,,$$$$$$bb,,..""$$$$qq................
..................XX$$$$dd::....ll$$$$qq................
................//@@$$dd;;....ttoo$$$$CC................
................##$$$$tt}}}}OO@@$$$$88~~................
................##$$$$&&$$$$$$$$$$$$tt..................
................rr$$$$$$$$$$$$$$$$88~~..................
................''xxwwQQnnlloo$$$$LL....................
..........................<<88$$BB>>....................
..........................\\$$$$%%......................
..........................pp$$$$JJ......................
..........................pp$$ooII......................
..........................YY$$88//>>....................
..........................>>&&$$@@__....................
........................................................
........................................................
........................................................
........................................................

 
 
 
 
0.1 0.0 0.0 0.1 0.0 0.0 0.0 0.0 0.3 0.0
Guessed: 8, Correct: 0
........................................................
........................................................
........................................................
........................................................
........................................................
........................................................
........{{zz++``................,,oo$$kknn..............
........zz$$$$//................++$$$$$$BBXX""..........
........zz$$$$zz..............iiWW$$$$$$$$$$++..........
........qq$$LL}}..............jj$$$$$$$$$$$$pp""........
........jj))................ff%%$$$$pp--II$$$$II........
........................``{{&&$$BB00::..^^00$$II........
........................II$$$$$$ww........__$$II........
........................ZZ$$$$UU""........__$$}}........
......................LL$$$$BBnn..........__$$zz........
......................jjBB00++............uu&&__........
....................JJ####..............;;&&{{..........
....................dd$$88ii............??zzll..........
................""rr$$%%UU............--""..............
................hh##$$jj........;;....))cc..............
..............))$$$$YY``......ii##UU))""................
..............jj$$UU``....;;LLOO%%ff....................
..............oo$$11;;II//$$BB}}~~~~....................
..............jj$$dd&&$$$$oo{{..........................
..............jj$$$$$$$$pp::............................
..............""kkMM//II""..............................
........................................................
........................................................

 
 
 
 
0.0 0.0 0.1 0.0 0.0 0.0 0.0 0.9 0.0 0.0
Guessed: 7, Correct: 2
........................................................
........................................................
........................................................
........................................................
........................................................
........................................................
........................................................
..............................__110000$$zz..............
......................IIjj00$$$$$$$$$$$$$$zz............
................1100dd$$$$MMddzzzz__..dd$$$$II..........
................11MM$$MM11..........11$$$$MM............
..................................IIMM$$MMjj............
..................................zz$$$$00..............
..............................__00$$$$$$11..............
........................IIzzdd$$$$$$$$$$II..............
......................__MM$$$$$$$$$$$$$$$$MM__..........
....................IIdd$$$$$$$$MMjj11jjMM$$$$jj........
................II00dd$$$$$$$$MMII........jj0000........
..............IIjjzzMM$$$$$$dd..........................
..............II____$$$$$$zz............................
............II..11MM$$dd00II............................
........II1111zz$$$$jj..................................
........00jjddMMjj......................................
........$$$$$$__........................................
........00jjII..........................................
........................................................
........................................................
........................................................

 
 
 
 
0.0 0.0 0.0 0.0 0.1 0.4 0.0 0.1 0.0 0.0
Guessed: 5, Correct: 4
........................................................
........................................................
........................................................
........................................................
........................................................
........................................................
........................................;;oo00..........
.............................."">>......??$$uu..........
............................]]oo**^^..!!ZZpp^^..........
..........................""WW$$qq^^''zz@@((............
........................""MM$$qq``..\\$$dd..............
......................\\&&$$%%__..<<BB@@++..............
..................;;__@@$$$$$$&&>>uu$$UU................
..............^^11hh$$$$$$mmrr}}}}@@oo..................
..............00$$$$BBYY)),,....((MM>>..................
..............uu$$ww]]........}}88ZZ''..................
..............``ttII........||@@%%~~....................
..........................^^qq$$||......................
........................``OO$$OO^^......................
......................``kk$$**""........................
....................""##$$aa............................
....................ff$$00,,............................
......................jj""..............................
..................~~aajj................................
................IImmqq!!................................
................nnXX``..................................
........................................................
........................................................

 
 
 
 
0.0 0.0 0.0 0.1 0.0 0.0 0.0 0.0 0.0 0.0
Guessed: 3, Correct: 6
........................................................
........................................................
........................................................
................................uukk....................
..............................""**88++::................
..............................[[00$$$${{................
..............................||**$$mm..................
..............................hh$$BB[[..................
............................[[@@$$rr....................
........................``\\oo$$QQ``....................
........................''pp$$aa??......................
........................uu$$@@\\........................
....................iimm88$$11..........................
....................))$$$$cc............................
..................--ccCC//``........::{{--^^............
..................zzvv,,..........--WW$$$$jj............
................................))cc$$$$@@11............
..................__``........//**$$$$##QQ..............
..................qq,,....II##$$$$$$MMIIii..............
..............``rrpp^^^^||oo$$$$BBUU""..................
............::YY**;;))hh$$$$**nn>>......................
............xx$$**ooUUhh##OO[[..........................
............;;bb$$LL""..ll::............................
........................................................
........................................................
........................................................
........................................................
........................................................

 
 
 
 
0.0 0.0 0.0 0.0 0.0 0.0 0.0 0.8 0.0 0.3
Guessed: 7, Correct: 9
........................................................
........................................................
........................................................
........................................................
........................................................
........................................................
..............,,//..........""&&||nn``..................
................II[[``....;;uuqqddBBll..................
..............``ww$$11..""ttooxx""<<XX..................
..............IIBBUU''..||mm[[''..]]@@}}................
..............""--......[[vv....))$$$$mm................
....................;;vv{{ll..''hh$$oo[[................
....................uuaa,,....nnoo$$qq^^................
....................JJqq\\^^\\jj$$XXmm..................
....................}}ZZMM;;;;II**MM))..................
........................;;....jj$$hh``..................
............................--BB$$++....................
............................cc$$&&^^....................
..........................,,88$$XX......................
..........................{{$$WW::......................
..........................xx00OO<<......................
........................""vv&&WW,,......................
........................::00kk//........................
..........................~~vv``........................
........................//88((..........................
....................<<((xxjj............................
........................................................
........................................................

 
 
 
 
0.0 0.0 0.0 0.0 0.0 0.2 1.0 0.0 0.0 0.0
Guessed: 6, Correct: 5
........................................................
........................................................
........................................................
......................................^^__rrff__II......
....................................``uu$$$$$$$$WWZZ....
..................................[[bb$$$$OOOOtt}}}}....
................................<<&&$$bbii..............
..............................iiJJBBnn``................
............................^^00$$OO....................
............................QQ$$CC::....................
........................``{{88$$]]......................
......................^^||$$$$$$&&&&QQ;;................
......................00$$$$$$$$$$$$$$kk;;..............
..................^^||$$$$$$bbrr..<<kk$$rr..............
................""uu$$@@qq]]''....^^OO$$YY..............
............::nnWW$$$$QQ..........::$$$$__..............
............YY$$$$$$oo^^..........nn$$bb``..............
............JJ$$YYhh$$jj........11BB$$ii................
............JJ$$}}ii$$WW;;..^^00$$%%]]..................
............ww$$uu;;mmWW}}))aa$$MM~~....................
............iiaa$$uumm$$$$$$$$ww__......................
..............\\MM$$$$$$$$##nn!!........................
................,,ffJJJJYY,,............................
........................................................
........................................................
........................................................
........................................................
........................................................

 
 
 
 
0.2 0.0 0.3 0.0 0.0 0.0 0.0 0.0 0.0 0.0
Guessed: 2, Correct: 4
........................................................
........................................................
........................................................
........................................................
........................................................
................................~~pp//..--kk............
..............................11WW$$LL,,&&oo............
............................~~WW$$@@tt11$$00............
............................LL$$$$LL..00@@++............
............................LL$$88--??$$dd..............
..........................II$$$$\\``00$$zz..............
........................``qq$$00,,]]$$88::..............
........................}}$$kk::..xx$$mm................
......................}}%%BB~~..]]%%$$]]................
..................IIzz%%$$\\....CC$$qq..................
................__$$$$$$##~~uuoo$$$$**LLBB]]............
................zz$$$$CCll++**$$$$$$$$$$bb''............
..............}}%%$$oorrbb$$$$$$BBZZnn!!II..............
............!!%%$$$$$$$$$$$$$$@@//......................
............pp$$$$$$$$LLrr$$$$//........................
............pp$$bbnn``^^oo$$YY``........................
............^^,,``....00$$mmii..........................
....................tt@@**!!............................
..................??@@##ll..............................
..................MM&&;;................................
........................................................
........................................................
........................................................

 
 
 
 
0.5 0.0 0.0 0.0 0.0 0.1 0.0 0.0 0.0 0.0
Guessed: 0, Correct: 2
........................................................
........................................................
........................................................
........................................................
........................................................
..........................[[dd$$$$ooQQJJ!!..............
......................''nn$$$$$$$$$$$$$$WW\\''..........
......................00$$$$$$$$**))))kk$$$$[[..........
..................''nn$$88ffpp$$uu....;;qq$$pp..........
..................II$$$$__ZZ$$aa""......++&&##,,........
..................xx$$88aa$$%%((..........qq$$++........
..................uu$$$$$$$$jj............qq$$++........
..................}}$$$$##||''..........))@@WW;;........
..................``__\\""..............00$$hh..........
......................................??BB$$((..........
..............''``||//^^``''........^^hh$$mm''..........
............??kk$$$$$$$$$$ddrr......ff$$##11............
..........,,kkBB00WW8888@@$$$$QQ^^ff@@@@[[..............
..........hh$$tt........??XX88$$**$$$$tt................
........~~@@BBll............}}$$$$$$vv^^................
........nn$$JJ............<<qq$$$$kk^^..................
........zz$$))........``ffBB$$BB**CC....................
........++$$ww<<..^^((pp$$$$oo11........................
........;;MM$$@@BBBB$$$$$$YY;;..........................
..........~~**$$$$%%UUUU}}''............................
........................................................
........................................................
........................................................

 
 
 
 
1.0 0.0 0.0 0.0 0.0 0.0 0.0 0.0 0.0 0.0
Guessed: 0, Correct: 5
........................................................
........................................................
........................................................
........................................................
..............................''++++++++++YYJJcc++......
..............................))$$$$$$$$$$$$$$$$kk......
..............................uu$$$$&&BBhhqqjj))::......
............................\\BB##~~;;ll^^..............
..........................||$$$$&&00++..................
........................11##$$$$$$$$BB((................
......................--BB$$$$wwQQhh$$BB++..............
....................\\@@$$88vv''..""hh$$((..............
..................__@@$$88--........00$$OO..............
..................OO$$88++..........00$$OO..............
..................vvwwll..........""88$$||..............
..........""__nn[[__``............ii$$$$[[..............
..........ww$$$$$$$$kk{{``......IIoo$$&&ii..............
..........$$$$hhBB$$$$$$qq,,..''UU$$$$--................
..........$$$$));;\\mm$$$$__``ff$$$$hh""................
..........ww$$CC....II$$$$xxUU$$$$aa;;..................
..........++BB@@zz!!--$$$$$$$$88vv^^....................
............zz$$$$$$$$$$$$$$bb__........................
............''[[pp88@@hhpp[[``..........................
..................ii<<..................................
........................................................
........................................................
........................................................
........................................................

 
 
 
 
0.7 0.0 0.0 0.0 0.0 0.4 0.0 0.0 0.0 0.0
Guessed: 0, Correct: 5
........................................................
........................................................
........................................................
........................................................
........................................................
........................................................
..................................||[[..................
................................~~@@CC......!!{{{{......
..............................II**$$00**$$$$$$88cc......
............................::qq$$$$$$BBooccnn^^........
........................++XX**$$$$mm{{II................
......................nn$$$$$$$$$$mm,,..................
....................??$$$$##11>>kk$$||..................
....................::aaoo++....>>**WW,,................
................::__""^^''........ff$$//................
..........lljj##88$$MM<<..........[[$$zz................
..........mm$$88wwvvWWrr..........[[$$zz................
..........**%%II....00//........""00$$uu................
..........vv$$ZZ))::((,,......]]dd$$ZZ``................
..........^^UU$$$$%%&&ooJJJJoo@@$$pp++..................
..............>>nnLL&&BB$$&&ddJJ__......................
......................ll__..............................
........................................................
........................................................
........................................................
........................................................
........................................................
........................................................

 
 
 
 
0.3 0.0 0.1 0.0 0.0 0.0 0.0 0.0 0.0 0.0
Guessed: 0, Correct: 2
........................................................
........................................................
........................................................
........................................................
..................................ooMMii................
........................``))ffjjhh@@$$&&zz||''..........
....................^^\\oo$$$$$$$$$$$$$$$$$$qq``........
..................``kk$$$$BB$$$$@@??!!!!ccBB$$XX........
................""bb$$WWccCC$$$$\\........??$$##,,......
................ll$$$$vvqq$$oo11..........!!$$$$++......
................xx$$$$$$$$##II............!!$$88!!......
................xx$$$$$$ooll..............uu$$hh........
................xx$$$$UUII..............ll**$$vv........
................^^//++''................\\$$$$^^........
......................................--88$$zz''........
................II--UUuu--""........,,pp$$dd............
............++mm&&$$$$$$$$##\\""..''xx$$**??............
..........,,##$$@@wwwwww##$$$$@@]]CC$$@@))..............
..........XX$$aaii......,,??pp$$$$$$@@))................
..........JJ$$((............{{$$$$$$jj..................
..........JJ$$((........!!vvBB$$$$$$11..................
..........JJ$$LL......\\MM$$$$mm??YY++..................
..........))BB$$ddXX&&$$$$88uu''........................
............~~mm$$$$$$$$XX!!............................
........................................................
........................................................
........................................................
........................................................

 
 
 
 
0.0 0.0 0.0 0.0 0.0 0.0 0.0 0.5 0.0 0.0
Guessed: 7, Correct: 2
........................................................
........................................................
........................................................
........................................................
........................................................
........................................................
..........................11QQ&&$$$$$$&&{{..............
....................>>YY&&$$$$@@ppaaWW$$nn..............
................IIzzBB$$hhJJ//;;''^^,,oonn..............
..............llWW$$%%//''..........^^**nn..............
..............jjBBzz!!..............tt##ii..............
..............))--................``qqtt................
................................''ddWW""................
................................rr$$[[..................
..............................((@@nn''..................
............................``kkJJ^^....................
..........................``ww&&ii......................
..........................UU&&++........................
........................;;&&]]..........................
......................;;aapp""..........................
......................(($$!!............................
......................%%uu''..<<ii......................
....................))$$,,::nnBBZZ......................
..................``hh$$hhWW$$MM++......................
..................^^$$$$$$@@JJ""........................
..................``pp$$00[[............................
........................................................
........................................................

 
 
 
 
0.0 0.0 0.0 0.0 0.0 0.0 0.0 0.5 0.0 0.0
Guessed: 7, Correct: 3
........................................................
........................................................
........................................................
........................................................
........................................................
........................................................
..........................;;pppp00......................
........................;;kk$$**~~......................
......................uuBB$$&&wwBBhhzzzz((II............
....................++BB$$$$$$$$$$$$$$$$$$ww............
....................``ffnnnnnnnnnnnnnn**$$ww............
....................................nn&&$$ww............
................................''OO$$$$WW;;............
................................cc$$$$&&\\..............
......................``..''``uu$$$$88__................
..................iiJJ88JJCC$$$$QQ\\``..................
................ll**$$$$$$$$$$oo;;......................
................nn$$$$$$BBoo$$oo::......................
................nn$$WW}}<<``$$$$??......................
................``""^^....--$$$$++......................
..........................UU$$oo''......................
..........................CC$$LL''......................
......................``||%%%%[[........................
....................'']]$$@@pp..........................
....................||$$$$xx............................
................!!bb%%$$rr^^............................
........................................................
........................................................

 
 
 
 
